// Jest Snapshot v1, https://goo.gl/fbAQLP

exports[`Card css 1`] = `
.c23 {
  -webkit-user-select: none;
  -moz-user-select: none;
  -ms-user-select: none;
  user-select: none;
  cursor: pointer;
}

.c11 {
  color: rgba(0,0,0,0.65);
  box-sizing: border-box;
  display: inline-block;
  text-align: center;
  white-space: nowrap;
  position: relative;
  background-color: #cccccc;
  border-radius: 50%;
  width: 2.666666666666667em;
  height: 2.666666666666667em;
  line-height: 2.666666666666667em;
}

.c12 {
  vertical-align: middle;
  width: 6rem;
  height: 6rem;
  border-radius: 10%;
}

.c1 {
  border: 0.1rem solid #cccccc;
  position: relative;
  display: -webkit-box;
  display: -webkit-flex;
  display: -ms-flexbox;
  display: flex;
  border-radius: 0.5rem;
  box-shadow: 0 0 0.6rem rgba(0,0,50,0.1);
  -webkit-flex-direction: row;
  -ms-flex-direction: row;
  flex-direction: row;
}

.c8 {
  border: 0.1rem solid #cccccc;
  position: relative;
  display: -webkit-box;
  display: -webkit-flex;
  display: -ms-flexbox;
  display: flex;
  border-radius: 0.5rem;
  box-shadow: 0 0 0.6rem rgba(0,0,50,0.1);
  text-align: center;
  -webkit-flex-direction: column;
  -ms-flex-direction: column;
  flex-direction: column;
}

.c14 {
  border: 0.1rem solid #cccccc;
  position: relative;
  display: -webkit-box;
  display: -webkit-flex;
  display: -ms-flexbox;
  display: flex;
  border-radius: 0.5rem;
  box-shadow: 0 0 0.6rem rgba(0,0,50,0.1);
  -webkit-flex-direction: column;
  -ms-flex-direction: column;
  flex-direction: column;
}

.c3 {
  font-size: 1.2rem;
  display: inline-block;
  width: 100%;
  padding-top: 1.6rem;
  padding-left: 1rem;
  padding-right: 1rem;
}

.c16 {
  width: 12rem;
  height: 11.2rem;
}

.c15 {
  position: relative;
  width: 20rem;
  height: 35rem;
  display: block;
}

.c17 {
  position: relative;
  width: 36rem;
  height: 20rem;
  display: inline-block;
}

.c9 {
  position: relative;
  text-align: center;
  width: 16rem;
  height: 22rem;
  display: block;
}

.c13 {
  position: relative;
  text-align: center;
  width: 26rem;
  height: 18rem;
  display: block;
}

.c10 {
  border-radius: 50%;
  width: 7rem;
  height: 7rem;
  background-color: transparent;
  padding: 2rem 0;
}

.c5 {
  text-align: inherit;
  padding-left: 1rem;
  padding-right: 1rem;
}

.c4 {
  display: inline-block;
  -webkit-flex: 1;
  -ms-flex: 1;
  flex: 1;
  font-size: 1.6rem;
  color: #333333;
  overflow: hidden;
  white-space: nowrap;
  -webkit-flex-direction: row;
  -ms-flex-direction: row;
  flex-direction: row;
  font-weight: 500;
  padding-bottom: 0.8rem;
  font-weight: 500;
}

.c7 {
  left: 1.4rem;
  position: absolute;
  display: inline-block;
  height: 2rem;
  width: 0.5rem;
  background: #4d63ff;
  border-radius: 0.5rem;
}

.c6 {
  font-size: 1.4rem;
  padding-top: 0.4rem;
  color: #666666;
  padding-left: 1rem;
  padding-right: 1rem;
}

.c2 {
  position: absolute;
  font-size: 1.4rem;
  font-weight: 400;
  right: 2rem;
  top: 1.6rem;
}

.c26 {
  position: relative;
  cursor: pointer;
  white-space: nowrap;
  cursor: pointer;
  display: inline-block;
  line-height: 2.8333333333333335em;
  height: 2.8333333333333335em;
  padding: 0 1.6666666666666667em 0 1.6666666666666667em;
  box-shadow: 0 0 0.5em none;
  border-top-left-radius: 0;
  border-top-right-radius: 0;
  background: none;
  z-index: 5;
  box-sizing: border-box;
}

.c26:hover > div {
  color: #4d63ff;
}

.c26:hover > span > i:first-child {
  color: #4d63ff;
}

.c27 {
  color: #4d63ff;
  position: relative;
  display: inline-block;
  box-sizing: border-box;
  -webkit-user-select: none;
  -moz-user-select: none;
  -ms-user-select: none;
  user-select: none;
  text-align: left;
  padding: 0 0em 0 0em;
  height: 2.8333333333333335em;
  line-height: 2.8333333333333335em;
}

.c27:focus {
  color: #4d63ff;
}

.c28 {
  position: relative;
  display: inline-block;
  box-sizing: border-box;
  -webkit-user-select: none;
  -moz-user-select: none;
  -ms-user-select: none;
  user-select: none;
  text-align: left;
  padding: 0 0em 0 0em;
  height: 2.8333333333333335em;
  line-height: 2.8333333333333335em;
}

.c28:focus {
  color: #4d63ff;
}

.c32 {
  display: inline-block;
  overflow: hidden;
  width: 100%;
  height: 100%;
}

.c29 {
  background-color: blue;
  position: absolute;
  box-sizing: border-box;
  z-index: 3;
  border-radius: 0.16666666666666669em;
  height: 0.16666666666666669em;
  width: 8.333333333333334em;
  bottom: 0;
  -webkit-transform: translateX(1.6666666666666667em);
  -ms-transform: translateX(1.6666666666666667em);
  transform: translateX(1.6666666666666667em);
  -webkit-transition: all 0.3s;
  transition: all 0.3s;
}

.c21 {
  position: absolute;
  font-size: 1.2rem;
  display: none;
  z-index: 5;
  cursor: not-allowed;
  -webkit-transform: translateY(-50%);
  -ms-transform: translateY(-50%);
  transform: translateY(-50%);
  line-height: 100%;
  top: 50%;
  left: 0.8333333333333334em;
}

.c30 {
  position: absolute;
  font-size: 1.2rem;
  display: none;
  z-index: 5;
  cursor: pointer;
  -webkit-transform: translateY(-50%);
  -ms-transform: translateY(-50%);
  transform: translateY(-50%);
  line-height: 100%;
  top: 50%;
  right: 0.8333333333333334em;
}

.c19 {
  -webkit-box-sizing: border-box;
  box-sizing: border-box;
  position: relative;
  width: NaNem;
}

.c24 {
  width: 100%;
  display: inline-block;
  white-space: nowrap;
  overflow: hidden;
}

.c25 {
  height: 2.8333333333333335em;
  display: inline-block;
  box-sizing: border-box;
  white-space: nowrap;
  -webkit-transition: all 0.5s;
  transition: all 0.5s;
  -webkit-transform: translateX(0em);
  -ms-transform: translateX(0em);
  transform: translateX(0em);
}

.c20 {
  height: 2.8333333333333335em;
  line-height: 2.8333333333333335em;
  position: relative;
  border-bottom: 0.08333333333333334em solid #e8e8e8;
  background: none;
  z-index: 99;
}

.c22 {
  display: inline-block;
  font-style: normal;
  text-align: center;
  font-size: 1rem;
  cursor: not-allowed;
}

.c31 {
  display: inline-block;
  font-style: normal;
  text-align: center;
  font-size: 1rem;
  cursor: pointer;
}

.c0 {
  margin-left: 50px;
  margin-top: 50px;
  display: inline-block;
}

.c18 {
  display: inline-block;
  margin-left: 20px;
}

.c33 {
  text-align: center;
  width: 100%;
  height: 100%;
}

.c34 {
  text-align: center;
  font-size: 16px;
  color: #666;
  height: 45px;
  padding-top: 34px;
  padding-bottom: 26px;
  width: 100%;
}

.c35 {
  text-align: center;
  color: #4d63ff;
  display: inline-block;
}

.c36 {
  position: absolute;
  text-align: center;
  font-size: 14px;
  border-radius: 20px;
  margin-top: 32px;
  color: #fff;
  bottom: 10%;
  width: 80%;
  background-color: #4d63ff;
  height: 32px;
  border: 2px solid #4d63ff;
  left: 10%;
}

<div
  className="c0"
>
  <p>
    基本样式
  </p>
  <div
    className="c0"
  >
    <span
      onMouseDown={[Function]}
      onMouseEnter={[Function]}
      onMouseLeave={[Function]}
      onMouseUp={[Function]}
    >
      <div
        className="c1"
        style={
          Object {
            "height": "13rem",
            "width": "35rem",
          }
        }
        type="simple"
      >
        <div
          className="c2"
          style={Object {}}
        >
          操作
        </div>
        <div
          className="c3"
          style={Object {}}
          type="simple"
        >
          <div
            className="c4  c5"
            style={Object {}}
            type="simple"
          >
            this is title
             
          </div>
          <div
            className="c6  c5"
            style={Object {}}
          >
            this is description
             
          </div>
        </div>
      </div>
    </span>
  </div>
  <p>
    基本样式
  </p>
  <div
    className="c0"
  >
    <span
      onMouseDown={[Function]}
      onMouseEnter={[Function]}
      onMouseLeave={[Function]}
      onMouseUp={[Function]}
    >
      <div
        className="c1"
        style={
          Object {
            "height": "20rem",
            "width": "50rem",
          }
        }
        type="simple"
      >
        <div
          className="c3"
          style={Object {}}
          type="simple"
        >
          <div
            className="c4  c5"
            style={Object {}}
            type="simple"
          >
            <div>
              this is title
            </div>
             
          </div>
          <div
            className="c6  c5"
            style={Object {}}
          >
            <div>
              this is description
            </div>
            <div>
              this is description
            </div>
            <div>
              this is description
            </div>
            <div>
              this is description
            </div>
             
          </div>
        </div>
      </div>
    </span>
  </div>
  <p>
    tip样式
  </p>
  <div
    className="c0"
  >
    <span
      onMouseDown={[Function]}
      onMouseEnter={[Function]}
      onMouseLeave={[Function]}
      onMouseUp={[Function]}
    >
      <div
        className="c1"
        style={
          Object {
            "height": "20rem",
            "width": "50rem",
          }
        }
        type="tip"
      >
        <div
          className="c3"
          content={
            Array [
              <div>
                this is description
              </div>,
              <div>
                this is description
              </div>,
            ]
          }
          style={Object {}}
          type="tip"
        >
          <div
            className="c7"
            style={Object {}}
          />
          <div
            className="c4  c5"
            style={Object {}}
            type="tip"
          >
            this is title
             
          </div>
          <div>
            this is description
          </div>
          <div>
            this is description
          </div>
        </div>
      </div>
    </span>
  </div>
  <p>
    头像样式
  </p>
  <div
    className="c0"
  >
    <span
      onMouseDown={[Function]}
      onMouseEnter={[Function]}
      onMouseLeave={[Function]}
      onMouseUp={[Function]}
    >
      <div
        className="c8"
        style={
          Object {
            "height": "22rem",
            "width": "16rem",
          }
        }
        type="avatar"
      >
        <span
          className="c9"
          style={
            Object {
              "height": "22rem",
              "width": "16rem",
            }
          }
        >
          <span>
            <span>
              <div
                className="c10  c11"
                onBlur={[Function]}
                onClick={[Function]}
                onFocus={[Function]}
                onKeyDown={[Function]}
                onKeyPress={[Function]}
                onKeyUp={[Function]}
                shape="circle"
                size="default"
                src="http://192.168.102.73:8081/BigFrontend/Work/ued/lugia/raw/4d4bd6db04b1c6015acf4c933607956a9f2d62a1/lugiaweb%E7%BB%84%E4%BB%B6/%E5%8D%A1%E7%89%87/Bitmap2.png"
                style={Object {}}
              >
                <img
                  className="c12"
                  shape="circle"
                  src="http://192.168.102.73:8081/BigFrontend/Work/ued/lugia/raw/4d4bd6db04b1c6015acf4c933607956a9f2d62a1/lugiaweb%E7%BB%84%E4%BB%B6/%E5%8D%A1%E7%89%87/Bitmap2.png"
                  style={
                    Object {
                      "height": "6rem",
                      "width": "6rem",
                    }
                  }
                />
              </div>
            </span>
          </span>
        </span>
        <div
          className="c3"
          style={Object {}}
          type="avatar"
        >
          <div
            className="c4  c5"
            style={Object {}}
            type="avatar"
          >
            this is title
             
          </div>
          <div
            className="c6  c5"
            style={Object {}}
          >
            this is description
             
          </div>
        </div>
      </div>
    </span>
  </div>
  <p>
    头像样式
  </p>
  <div
    className="c0"
  >
    <span
      onMouseDown={[Function]}
      onMouseEnter={[Function]}
      onMouseLeave={[Function]}
      onMouseUp={[Function]}
    >
      <div
        className="c1"
        style={
          Object {
            "height": "18rem",
            "width": "26rem",
          }
        }
        type="avatar"
      >
        <span
          className="c13"
          style={
            Object {
              "height": "18rem",
              "width": "26rem",
            }
          }
        >
          <span>
            <span>
              <div
                className="c10  c11"
                onBlur={[Function]}
                onClick={[Function]}
                onFocus={[Function]}
                onKeyDown={[Function]}
                onKeyPress={[Function]}
                onKeyUp={[Function]}
                shape="circle"
                size="default"
                src="http://192.168.102.73:8081/BigFrontend/Work/ued/lugia/raw/4d4bd6db04b1c6015acf4c933607956a9f2d62a1/lugiaweb%E7%BB%84%E4%BB%B6/%E5%8D%A1%E7%89%87/Bitmap2.png"
                style={Object {}}
              >
                <img
                  className="c12"
                  shape="circle"
                  src="http://192.168.102.73:8081/BigFrontend/Work/ued/lugia/raw/4d4bd6db04b1c6015acf4c933607956a9f2d62a1/lugiaweb%E7%BB%84%E4%BB%B6/%E5%8D%A1%E7%89%87/Bitmap2.png"
                  style={
                    Object {
                      "height": "6rem",
                      "width": "6rem",
                    }
                  }
                />
              </div>
            </span>
          </span>
        </span>
        <div
          className="c3"
          style={Object {}}
          type="avatar"
        >
          <div
            className="c4  c5"
            style={Object {}}
            type="avatar"
          >
            this is title
             
          </div>
          <div
            className="c6  c5"
            style={Object {}}
          >
            <div>
              <div>
                this is description
              </div>
            </div>
             
          </div>
        </div>
      </div>
    </span>
  </div>
  <p>
    图片样式
  </p>
  <div
    className="c0"
  >
    <span
      onMouseDown={[Function]}
      onMouseEnter={[Function]}
      onMouseLeave={[Function]}
      onMouseUp={[Function]}
    >
      <div
        className="c14"
        style={
          Object {
            "backgroundColor": "gray",
            "height": "35rem",
            "margin": "2rem 0rem 0rem 0rem",
            "opacity": 0.8,
            "padding": "1rem 0rem 0rem 0rem",
            "width": "20rem",
          }
        }
        type="image"
      >
        <div
          className="c15"
          style={
            Object {
              "backgroundColor": "gray",
              "height": "35rem",
              "margin": "2rem 0rem 0rem 0rem",
              "opacity": 0.8,
              "padding": "1rem 0rem 0rem 0rem",
              "width": "20rem",
            }
          }
        >
          <span>
            <img
              className="c16"
              src="http://192.168.102.73:8081/BigFrontend/Work/ued/lugia/raw/2eac1a340185301d24d6fac426aebd9abe6dea0e/lugiaweb%E7%BB%84%E4%BB%B6/%E5%8D%A1%E7%89%87/18081548404150_.pic_hd.jpg"
              style={
                Object {
                  "height": "16rem",
                  "width": "20rem",
                }
              }
            />
          </span>
        </div>
        <div
          className="c3"
          style={Object {}}
          type="image"
        >
          <div
            className="c4  c5"
            style={
              Object {
                "backgroundColor": "red",
                "color": "pink",
                "height": "2rem",
                "width": "10rem",
              }
            }
            type="image"
          >
            this is title
             
          </div>
          <div
            className="c6  c5"
            style={
              Object {
                "color": "yellow",
              }
            }
          >
            this is description
             
          </div>
        </div>
      </div>
    </span>
  </div>
  <p>
    图片样式
  </p>
  <div
    className="c0"
  >
    <span
      onMouseDown={[Function]}
      onMouseEnter={[Function]}
      onMouseLeave={[Function]}
      onMouseUp={[Function]}
    >
      <div
        className="c1"
        style={
          Object {
            "height": "20rem",
            "width": "36rem",
          }
        }
        type="image"
      >
        <div
          className="c17"
          style={
            Object {
              "height": "20rem",
              "width": "36rem",
            }
          }
        >
          <span>
            <img
              className="c16"
              src="http://192.168.102.73:8081/BigFrontend/Work/ued/lugia/raw/2eac1a340185301d24d6fac426aebd9abe6dea0e/lugiaweb%E7%BB%84%E4%BB%B6/%E5%8D%A1%E7%89%87/18081548404150_.pic_hd.jpg"
              style={
                Object {
                  "height": "20rem",
                  "width": "16rem",
                }
              }
            />
          </span>
        </div>
        <div
          className="c3"
          style={Object {}}
          type="image"
        >
          <div
            className="c4  c5"
            style={Object {}}
            type="image"
          >
            this is title
             
          </div>
          <div
            className="c6  c5"
            style={Object {}}
          >
            this is description
             
          </div>
        </div>
      </div>
    </span>
  </div>
  <p>
    组合样式
  </p>
  <div
    className="c0"
  >
    <span
      onMouseDown={[Function]}
      onMouseEnter={[Function]}
      onMouseLeave={[Function]}
      onMouseUp={[Function]}
    >
      <div
        className="c1"
        style={
          Object {
            "height": "24rem",
            "width": "40rem",
          }
        }
        type="combo"
      >
        <div
          className="c2"
          style={Object {}}
        >
          操作
        </div>
        <div
          className="c3"
          content={
            <ForwardRef>
              <lugia_t_hoc_lugia_widget_Tabs
                data={
                  Array [
                    Object {
                      "content": "content of Tab1",
                      "title": "Tab1",
                    },
                    Object {
                      "content": "content of Tab2",
                      "title": "Tab2",
                    },
                    Object {
                      "content": "content of Tab3",
                      "title": "Tab3",
                    },
                  ]
                }
              />
            </ForwardRef>
          }
          style={Object {}}
          type="combo"
        >
          <div
            className="c18"
          >
            <span>
              <div
                className="c19"
              >
                <div
                  className="c20"
                >
                  <span
                    className="c21"
                    onClick={[Function]}
                    type="pre"
                  >
                    <span
                      onMouseEnter={[Function]}
                      onMouseLeave={[Function]}
                    >
                      <i
                        className="lugia-icon-direction_Left c22  c23"
                        style={Object {}}
                      />
                    </span>
                  </span>
                  <div
                    className="c24"
                  >
                    <div
                      className="c25"
                      x={-0}
                    >
                      <span>
                        <div
                          className="c26"
                          disabled={false}
                          onClick={[Function]}
                          onMouseEnter={[Function]}
                          onMouseLeave={[Function]}
                        >
                          <div
                            className="c27"
                            disabled={false}
                          >
                            Tab1
                          </div>
                        </div>
                      </span>
                      <span>
                        <div
                          className="c26"
                          disabled={false}
                          onClick={[Function]}
                          onMouseEnter={[Function]}
                          onMouseLeave={[Function]}
                        >
                          <div
                            className="c28"
                            disabled={false}
                          >
                            Tab2
                          </div>
                        </div>
                      </span>
                      <span>
                        <div
                          className="c26"
                          disabled={false}
                          onClick={[Function]}
                          onMouseEnter={[Function]}
                          onMouseLeave={[Function]}
                        >
                          <div
                            className="c28"
                            disabled={false}
                          >
                            Tab3
                          </div>
                        </div>
                      </span>
                      <div
                        className="c29"
                        x={20}
                      />
                    </div>
                  </div>
                  <span
                    className="c30"
                    onClick={[Function]}
                    type="next"
                  >
                    <span
                      onMouseEnter={[Function]}
                      onMouseLeave={[Function]}
                    >
                      <i
                        className="lugia-icon-direction_right c31  c23"
                        style={Object {}}
                      />
                    </span>
                  </span>
                </div>
                <span>
                  <div
                    className="c32"
                  >
                    content of Tab1
                  </div>
                </span>
              </div>
            </span>
          </div>
        </div>
      </div>
    </span>
  </div>
  <p>
    组合样式
  </p>
  <div
    className="c0"
  >
    <span
      onMouseDown={[Function]}
      onMouseEnter={[Function]}
      onMouseLeave={[Function]}
      onMouseUp={[Function]}
    >
      <div
        className="c1"
        style={
          Object {
            "height": "22rem",
            "width": "20rem",
          }
        }
        type="combo"
      >
        <div
          className="c3"
          content={<AmountCard />}
          style={Object {}}
          type="combo"
        >
          <div
            className="c33"
          >
            <div
              className="c34"
            >
              价格
            </div>
            <div
              className="c35"
            >
              <div
                className="c35"
                style={
                  Object {
                    "fontSize": 32,
                  }
                }
              >
                9
              </div>
              <div
                className="c35"
                style={
                  Object {
                    "fontSize": 18,
                  }
                }
              >
                .88
              </div>
            </div>
            <button
              className="c36"
            >
              购买
            </button>
          </div>
        </div>
      </div>
    </span>
  </div>
</div>
`;
