// Jest Snapshot v1, https://goo.gl/fbAQLP

exports[`default Wrapper 1`] = `
.c40 {
  -webkit-user-select: none;
  -moz-user-select: none;
  -ms-user-select: none;
  user-select: none;
  cursor: pointer;
}

.c0 {
  box-sizing: border-box;
  display: inline-block;
  vertical-align: top;
  height: 40rem;
}

.c8 {
  box-sizing: border-box;
  display: inline-block;
  vertical-align: top;
  width: NaNrem;
}

.c42 {
  box-sizing: border-box;
  display: inline-block;
  vertical-align: top;
  height: NaNrem;
}

.c1 {
  box-sizing: border-box;
  font-size: 1.4rem;
  display: inline-block;
  vertical-align: top;
  padding: 0px 0px 0px 0px;
}

.c9 {
  box-sizing: border-box;
  font-size: 1.4rem;
  display: inline-block;
  vertical-align: top;
  padding: 5px 8px 5px 8px;
}

.c38 {
  box-sizing: border-box;
  font-size: 1.4rem;
  display: inline-block;
  vertical-align: top;
  padding: 17px 58px 17px 38px;
}

.c43 {
  box-sizing: border-box;
  font-size: 1.4rem;
  display: inline-block;
  vertical-align: top;
  padding: 8px 5px 8px 5px;
}

.c68 {
  box-sizing: border-box;
  font-size: 1.4rem;
  display: inline-block;
  vertical-align: top;
  padding: 17px 58px 17px 58px;
}

.c2 {
  font-size: 1.4rem;
  position: relative;
}

.c6 {
  border-radius: 0.6rem;
  position: absolute;
  -webkit-transition: 0.1s;
  transition: 0.1s;
  width: 3rem;
  height: 33.33333333333333%;
  width: 1rem;
  left: 50%;
  bottom: 0%;
  -webkit-transform: translateX(-50%);
  -ms-transform: translateX(-50%);
  transform: translateX(-50%);
}

.c10 {
  border-radius: 0.6rem;
  position: absolute;
  -webkit-transition: 0.1s;
  transition: 0.1s;
  width: 50%;
  height: 0.6rem;
  height: 0.6rem;
  left: 0%;
  top: 50%;
  -webkit-transform: translateY(-50%);
  -ms-transform: translateY(-50%);
  transform: translateY(-50%);
}

.c12 {
  border-radius: 0.6rem;
  position: absolute;
  -webkit-transition: 0.1s;
  transition: 0.1s;
  width: 33.33333333333333%;
  height: 0.6rem;
  height: 0.6rem;
  left: 16.666666666666664%;
  top: 50%;
  -webkit-transform: translateY(-50%);
  -ms-transform: translateY(-50%);
  transform: translateY(-50%);
}

.c14 {
  border-radius: 0.6rem;
  position: absolute;
  -webkit-transition: 0.1s;
  transition: 0.1s;
  width: 0%;
  height: 0.6rem;
  height: 0.6rem;
  left: 0%;
  top: 50%;
  -webkit-transform: translateY(-50%);
  -ms-transform: translateY(-50%);
  transform: translateY(-50%);
}

.c16 {
  border-radius: 0.6rem;
  position: absolute;
  -webkit-transition: 0.1s;
  transition: 0.1s;
  width: 100%;
  height: 0.6rem;
  height: 0.6rem;
  left: 0%;
  top: 50%;
  -webkit-transform: translateY(-50%);
  -ms-transform: translateY(-50%);
  transform: translateY(-50%);
}

.c18 {
  border-radius: 0.6rem;
  position: absolute;
  -webkit-transition: 0.1s;
  transition: 0.1s;
  width: 66.66666666666666%;
  height: 0.6rem;
  height: 0.6rem;
  left: 0%;
  top: 50%;
  -webkit-transform: translateY(-50%);
  -ms-transform: translateY(-50%);
  transform: translateY(-50%);
}

.c20 {
  border-radius: 0.6rem;
  position: absolute;
  -webkit-transition: 0.1s;
  transition: 0.1s;
  width: 66.66666666666666%;
  height: 0.6rem;
  height: 0.6rem;
  left: 0%;
  top: 50%;
  -webkit-transform: translateY(-50%);
  -ms-transform: translateY(-50%);
  transform: translateY(-50%);
  height: 0.6rem;
}

.c22 {
  border-radius: 0.6rem;
  position: absolute;
  -webkit-transition: 0.1s;
  transition: 0.1s;
  width: 76.66666666666667%;
  height: 0.6rem;
  height: 0.6rem;
  left: 0%;
  top: 50%;
  -webkit-transform: translateY(-50%);
  -ms-transform: translateY(-50%);
  transform: translateY(-50%);
}

.c28 {
  border-radius: 0.6rem;
  position: absolute;
  -webkit-transition: 0.1s;
  transition: 0.1s;
  width: 40%;
  height: 0.6rem;
  height: 0.6rem;
  left: 0%;
  top: 50%;
  -webkit-transform: translateY(-50%);
  -ms-transform: translateY(-50%);
  transform: translateY(-50%);
}

.c33 {
  border-radius: 0.6rem;
  position: absolute;
  -webkit-transition: 0.1s;
  transition: 0.1s;
  width: 40%;
  height: 0.6rem;
  height: 0.6rem;
  left: 40%;
  top: 50%;
  -webkit-transform: translateY(-50%);
  -ms-transform: translateY(-50%);
  transform: translateY(-50%);
}

.c44 {
  border-radius: 0.6rem;
  position: absolute;
  -webkit-transition: 0.1s;
  transition: 0.1s;
  width: 0.6rem;
  height: 0%;
  width: 0.6rem;
  left: 50%;
  bottom: 0%;
  -webkit-transform: translateX(-50%);
  -ms-transform: translateX(-50%);
  transform: translateX(-50%);
}

.c46 {
  border-radius: 0.6rem;
  position: absolute;
  -webkit-transition: 0.1s;
  transition: 0.1s;
  width: 0.6rem;
  height: 33.33333333333333%;
  width: 0.6rem;
  left: 50%;
  bottom: 0%;
  -webkit-transform: translateX(-50%);
  -ms-transform: translateX(-50%);
  transform: translateX(-50%);
}

.c48 {
  border-radius: 0.6rem;
  position: absolute;
  -webkit-transition: 0.1s;
  transition: 0.1s;
  width: 0.6rem;
  height: 33.33333333333333%;
  width: 0.6rem;
  left: 50%;
  bottom: 33.33333333333333%;
  -webkit-transform: translateX(-50%);
  -ms-transform: translateX(-50%);
  transform: translateX(-50%);
}

.c55 {
  border-radius: 0.6rem;
  position: absolute;
  -webkit-transition: 0.1s;
  transition: 0.1s;
  width: 0.6rem;
  height: 20%;
  width: 0.6rem;
  left: 50%;
  bottom: 0%;
  -webkit-transform: translateX(-50%);
  -ms-transform: translateX(-50%);
  transform: translateX(-50%);
}

.c61 {
  border-radius: 0.6rem;
  position: absolute;
  -webkit-transition: 0.1s;
  transition: 0.1s;
  width: 0.6rem;
  height: 20%;
  width: 0.6rem;
  left: 50%;
  bottom: 20%;
  -webkit-transform: translateX(-50%);
  -ms-transform: translateX(-50%);
  transform: translateX(-50%);
}

.c63 {
  border-radius: 0.6rem;
  position: absolute;
  -webkit-transition: 0.1s;
  transition: 0.1s;
  width: 0.6rem;
  height: 16.666666666666664%;
  width: 0.6rem;
  left: 50%;
  bottom: 0%;
  -webkit-transform: translateX(-50%);
  -ms-transform: translateX(-50%);
  transform: translateX(-50%);
  width: 0.6rem;
}

.c7 {
  border-radius: 50%;
  position: absolute;
  left: 50%;
  bottom: calc(30% + 0rem);
  -webkit-transform: translateX(-50%);
  -ms-transform: translateX(-50%);
  transform: translateX(-50%);
  -webkit-transform: translateX(-50%);
  z-index: 2;
  -webkit-transition: 0.1s;
  transition: 0.1s;
}

.c11 {
  border-radius: 50%;
  position: absolute;
  left: calc(47.333333333333336% + 0rem);
  top: 50%;
  -webkit-transform: translateY(-50%);
  -ms-transform: translateY(-50%);
  transform: translateY(-50%);
  -webkit-transform: translateY(-50%);
  z-index: 2;
  -webkit-transition: 0.1s;
  transition: 0.1s;
}

.c13 {
  border-radius: 50%;
  position: absolute;
  left: calc(14.000000000000002% + 0rem);
  top: 50%;
  -webkit-transform: translateY(-50%);
  -ms-transform: translateY(-50%);
  transform: translateY(-50%);
  -webkit-transform: translateY(-50%);
  z-index: 2;
  -webkit-transition: 0.1s;
  transition: 0.1s;
}

.c15 {
  border-radius: 50%;
  position: absolute;
  left: calc(-2.666666666666667% + 0rem);
  top: 50%;
  -webkit-transform: translateY(-50%);
  -ms-transform: translateY(-50%);
  transform: translateY(-50%);
  -webkit-transform: translateY(-50%);
  z-index: 2;
  -webkit-transition: 0.1s;
  transition: 0.1s;
}

.c17 {
  border-radius: 50%;
  position: absolute;
  left: calc(97.33333333333334% + 0rem);
  top: 50%;
  -webkit-transform: translateY(-50%);
  -ms-transform: translateY(-50%);
  transform: translateY(-50%);
  -webkit-transform: translateY(-50%);
  z-index: 2;
  -webkit-transition: 0.1s;
  transition: 0.1s;
}

.c19 {
  border-radius: 50%;
  position: absolute;
  left: calc(64% + 0rem);
  top: 50%;
  -webkit-transform: translateY(-50%);
  -ms-transform: translateY(-50%);
  transform: translateY(-50%);
  -webkit-transform: translateY(-50%);
  z-index: 2;
  -webkit-transition: 0.1s;
  transition: 0.1s;
}

.c21 {
  border-radius: 50%;
  position: absolute;
  left: calc(64% + 0rem);
  top: 50%;
  -webkit-transform: translateY(-50%);
  -ms-transform: translateY(-50%);
  transform: translateY(-50%);
  -webkit-transform: translateY(-50%);
  z-index: 2;
  -webkit-transition: 0.1s;
  transition: 0.1s;
  left: calc(64% + 0rem);
  top: 50%;
  -webkit-transform: translateY(-50%);
  -ms-transform: translateY(-50%);
  transform: translateY(-50%);
  -webkit-transform: translateY(-50%);
  z-index: 2;
  -webkit-transition: 0.1s;
  transition: 0.1s;
}

.c23 {
  border-radius: 50%;
  position: absolute;
  left: calc(74.00000000000001% + 0rem);
  top: 50%;
  -webkit-transform: translateY(-50%);
  -ms-transform: translateY(-50%);
  transform: translateY(-50%);
  -webkit-transform: translateY(-50%);
  z-index: 2;
  -webkit-transition: 0.1s;
  transition: 0.1s;
}

.c29 {
  border-radius: 50%;
  position: absolute;
  left: calc(37.333333333333336% + 0rem);
  top: 50%;
  -webkit-transform: translateY(-50%);
  -ms-transform: translateY(-50%);
  transform: translateY(-50%);
  -webkit-transform: translateY(-50%);
  z-index: 2;
  -webkit-transition: 0.1s;
  transition: 0.1s;
}

.c34 {
  border-radius: 50%;
  position: absolute;
  left: calc(77.33333333333333% + 0rem);
  top: 50%;
  -webkit-transform: translateY(-50%);
  -ms-transform: translateY(-50%);
  transform: translateY(-50%);
  -webkit-transform: translateY(-50%);
  z-index: 2;
  -webkit-transition: 0.1s;
  transition: 0.1s;
}

.c45 {
  border-radius: 50%;
  position: absolute;
  left: 50%;
  bottom: calc(-2.666666666666667% + 0rem);
  -webkit-transform: translateX(-50%);
  -ms-transform: translateX(-50%);
  transform: translateX(-50%);
  -webkit-transform: translateX(-50%);
  z-index: 2;
  -webkit-transition: 0.1s;
  transition: 0.1s;
}

.c47 {
  border-radius: 50%;
  position: absolute;
  left: 50%;
  bottom: calc(30.666666666666664% + 0rem);
  -webkit-transform: translateX(-50%);
  -ms-transform: translateX(-50%);
  transform: translateX(-50%);
  -webkit-transform: translateX(-50%);
  z-index: 2;
  -webkit-transition: 0.1s;
  transition: 0.1s;
}

.c49 {
  border-radius: 50%;
  position: absolute;
  left: 50%;
  bottom: calc(64% + 0rem);
  -webkit-transform: translateX(-50%);
  -ms-transform: translateX(-50%);
  transform: translateX(-50%);
  -webkit-transform: translateX(-50%);
  z-index: 2;
  -webkit-transition: 0.1s;
  transition: 0.1s;
}

.c56 {
  border-radius: 50%;
  position: absolute;
  left: 50%;
  bottom: calc(17.333333333333336% + 0rem);
  -webkit-transform: translateX(-50%);
  -ms-transform: translateX(-50%);
  transform: translateX(-50%);
  -webkit-transform: translateX(-50%);
  z-index: 2;
  -webkit-transition: 0.1s;
  transition: 0.1s;
}

.c62 {
  border-radius: 50%;
  position: absolute;
  left: 50%;
  bottom: calc(37.333333333333336% + 0rem);
  -webkit-transform: translateX(-50%);
  -ms-transform: translateX(-50%);
  transform: translateX(-50%);
  -webkit-transform: translateX(-50%);
  z-index: 2;
  -webkit-transition: 0.1s;
  transition: 0.1s;
}

.c64 {
  border-radius: 50%;
  position: absolute;
  left: 50%;
  bottom: calc(14.000000000000002% + 0rem);
  -webkit-transform: translateX(-50%);
  -ms-transform: translateX(-50%);
  transform: translateX(-50%);
  -webkit-transform: translateX(-50%);
  z-index: 2;
  -webkit-transition: 0.1s;
  transition: 0.1s;
  left: 50%;
  bottom: calc(14.000000000000002% + 0rem);
  -webkit-transform: translateX(-50%);
  -ms-transform: translateX(-50%);
  transform: translateX(-50%);
  -webkit-transform: translateX(-50%);
  z-index: 2;
  -webkit-transition: 0.1s;
  transition: 0.1s;
}

.c3 {
  border-radius: 50%;
  position: absolute;
  z-index: 1;
  font-size: 1.4rem;
  left: 50%;
  bottom: -5%;
  -webkit-transform: translateX(-50%);
  -ms-transform: translateX(-50%);
  transform: translateX(-50%);
  -webkit-transform: translateX(-50%);
  border-width: 0.1rem;
  border-style: solid;
  border-color: transparent;
  background: none;
  width: 3rem;
  height: 3rem;
}

.c3::before {
  display: block;
  position: absolute;
}

.c3::before {
  content: '10℃';
  font-size: 1.4rem;
  line-height: 1;
  left: calc(100% + 10px);
  -webkit-transform: translateY(50%);
  -ms-transform: translateY(50%);
  transform: translateY(50%);
  -webkit-transform: translateY(50%);
  bottom: 50%;
  color: #333;
  color: red;
}

.c4 {
  border-radius: 50%;
  position: absolute;
  z-index: 1;
  font-size: 1.4rem;
  left: 50%;
  bottom: 28.333333333333332%;
  -webkit-transform: translateX(-50%);
  -ms-transform: translateX(-50%);
  transform: translateX(-50%);
  -webkit-transform: translateX(-50%);
  border-width: 0.1rem;
  border-style: solid;
  border-color: #cccccc;
  background: #ffffff;
  width: 3rem;
  height: 3rem;
}

.c4::before {
  display: block;
  position: absolute;
}

.c4::before {
  content: '20℃';
  font-size: 1.4rem;
  line-height: 1;
  left: calc(100% + 10px);
  -webkit-transform: translateY(50%);
  -ms-transform: translateY(50%);
  transform: translateY(50%);
  -webkit-transform: translateY(50%);
  bottom: 50%;
  color: #333;
  color: blue;
}

.c5 {
  border-radius: 50%;
  position: absolute;
  z-index: 1;
  font-size: 1.4rem;
  left: 50%;
  bottom: 95%;
  -webkit-transform: translateX(-50%);
  -ms-transform: translateX(-50%);
  transform: translateX(-50%);
  -webkit-transform: translateX(-50%);
  border-width: 0.1rem;
  border-style: solid;
  border-color: transparent;
  background: none;
  width: 3rem;
  height: 3rem;
}

.c5::before {
  display: block;
  position: absolute;
}

.c5::before {
  content: '40℃rtrtr54546';
  font-size: 1.4rem;
  line-height: 1;
  left: calc(100% + 10px);
  -webkit-transform: translateY(50%);
  -ms-transform: translateY(50%);
  transform: translateY(50%);
  -webkit-transform: translateY(50%);
  bottom: 50%;
  color: #999;
  color: green;
}

.c24 {
  border-radius: 50%;
  position: absolute;
  z-index: 1;
  font-size: 1.4rem;
  left: -1%;
  top: 50%;
  -webkit-transform: translateY(-50%);
  -ms-transform: translateY(-50%);
  transform: translateY(-50%);
  -webkit-transform: translateY(-50%);
  border-width: 0.1rem;
  border-style: solid;
  border-color: transparent;
  background: none;
  width: 0.6rem;
  height: 0.6rem;
}

.c24::before {
  display: block;
  position: absolute;
}

.c24::before {
  content: '0';
  font-size: 1.4rem;
  line-height: 1;
  left: 50%;
  -webkit-transform: translateX(-50%);
  -ms-transform: translateX(-50%);
  transform: translateX(-50%);
  -webkit-transform: translateX(-50%);
  bottom: -2.5rem;
  color: #333;
  color: undefined;
}

.c25 {
  border-radius: 50%;
  position: absolute;
  z-index: 1;
  font-size: 1.4rem;
  left: 39%;
  top: 50%;
  -webkit-transform: translateY(-50%);
  -ms-transform: translateY(-50%);
  transform: translateY(-50%);
  -webkit-transform: translateY(-50%);
  border-width: 0.1rem;
  border-style: solid;
  border-color: #cccccc;
  background: #ffffff;
  width: 0.6rem;
  height: 0.6rem;
}

.c25::before {
  display: block;
  position: absolute;
}

.c25::before {
  content: '10℃';
  font-size: 1.4rem;
  line-height: 1;
  left: 50%;
  -webkit-transform: translateX(-50%);
  -ms-transform: translateX(-50%);
  transform: translateX(-50%);
  -webkit-transform: translateX(-50%);
  bottom: -2.5rem;
  color: blue;
  color: undefined;
}

.c26 {
  border-radius: 50%;
  position: absolute;
  z-index: 1;
  font-size: 1.4rem;
  left: 79%;
  top: 50%;
  -webkit-transform: translateY(-50%);
  -ms-transform: translateY(-50%);
  transform: translateY(-50%);
  -webkit-transform: translateY(-50%);
  border-width: 0.1rem;
  border-style: solid;
  border-color: #cccccc;
  background: #ffffff;
  width: 0.6rem;
  height: 0.6rem;
}

.c26::before {
  display: block;
  position: absolute;
}

.c26::before {
  content: '20℃';
  font-size: 1.4rem;
  line-height: 1;
  left: 50%;
  -webkit-transform: translateX(-50%);
  -ms-transform: translateX(-50%);
  transform: translateX(-50%);
  -webkit-transform: translateX(-50%);
  bottom: -2.5rem;
  color: pink;
  color: undefined;
}

.c27 {
  border-radius: 50%;
  position: absolute;
  z-index: 1;
  font-size: 1.4rem;
  left: 99%;
  top: 50%;
  -webkit-transform: translateY(-50%);
  -ms-transform: translateY(-50%);
  transform: translateY(-50%);
  -webkit-transform: translateY(-50%);
  border-width: 0.1rem;
  border-style: solid;
  border-color: transparent;
  background: none;
  width: 0.6rem;
  height: 0.6rem;
}

.c27::before {
  display: block;
  position: absolute;
}

.c27::before {
  content: '25';
  font-size: 1.4rem;
  line-height: 1;
  left: 50%;
  -webkit-transform: translateX(-50%);
  -ms-transform: translateX(-50%);
  transform: translateX(-50%);
  -webkit-transform: translateX(-50%);
  bottom: -2.5rem;
  color: #999;
  color: undefined;
}

.c30 {
  border-radius: 50%;
  position: absolute;
  z-index: 1;
  font-size: 1.4rem;
  left: -1%;
  top: 50%;
  -webkit-transform: translateY(-50%);
  -ms-transform: translateY(-50%);
  transform: translateY(-50%);
  -webkit-transform: translateY(-50%);
  border-width: 0.1rem;
  border-style: solid;
  border-color: transparent;
  background: none;
  width: 0.6rem;
  height: 0.6rem;
}

.c30::before {
  display: block;
  position: absolute;
}

.c30::before {
  content: '0';
  font-size: 1.4rem;
  line-height: 1;
  left: 50%;
  -webkit-transform: translateX(-50%);
  -ms-transform: translateX(-50%);
  transform: translateX(-50%);
  -webkit-transform: translateX(-50%);
  bottom: -2.5rem;
  color: #999;
  color: undefined;
}

.c31 {
  border-radius: 50%;
  position: absolute;
  z-index: 1;
  font-size: 1.4rem;
  left: 39%;
  top: 50%;
  -webkit-transform: translateY(-50%);
  -ms-transform: translateY(-50%);
  transform: translateY(-50%);
  -webkit-transform: translateY(-50%);
  border-width: 0.1rem;
  border-style: solid;
  border-color: transparent;
  background: #ffffff;
  width: 0.6rem;
  height: 0.6rem;
}

.c31::before {
  display: block;
  position: absolute;
}

.c31::before {
  content: '10℃';
  font-size: 1.4rem;
  line-height: 1;
  left: 50%;
  -webkit-transform: translateX(-50%);
  -ms-transform: translateX(-50%);
  transform: translateX(-50%);
  -webkit-transform: translateX(-50%);
  bottom: -2.5rem;
  color: blue;
  color: undefined;
}

.c32 {
  border-radius: 50%;
  position: absolute;
  z-index: 1;
  font-size: 1.4rem;
  left: 79%;
  top: 50%;
  -webkit-transform: translateY(-50%);
  -ms-transform: translateY(-50%);
  transform: translateY(-50%);
  -webkit-transform: translateY(-50%);
  border-width: 0.1rem;
  border-style: solid;
  border-color: transparent;
  background: #ffffff;
  width: 0.6rem;
  height: 0.6rem;
}

.c32::before {
  display: block;
  position: absolute;
}

.c32::before {
  content: '20℃';
  font-size: 1.4rem;
  line-height: 1;
  left: 50%;
  -webkit-transform: translateX(-50%);
  -ms-transform: translateX(-50%);
  transform: translateX(-50%);
  -webkit-transform: translateX(-50%);
  bottom: -2.5rem;
  color: pink;
  color: undefined;
}

.c35 {
  border-radius: 50%;
  position: absolute;
  z-index: 1;
  font-size: 1.4rem;
  left: -1%;
  top: 50%;
  -webkit-transform: translateY(-50%);
  -ms-transform: translateY(-50%);
  transform: translateY(-50%);
  -webkit-transform: translateY(-50%);
  border-width: 0.1rem;
  border-style: solid;
  border-color: transparent;
  background: none;
  width: 0.6rem;
  height: 0.6rem;
}

.c35::before {
  display: block;
  position: absolute;
}

.c35::before {
  content: '10℃';
  font-size: 1.4rem;
  line-height: 1;
  left: 50%;
  -webkit-transform: translateX(-50%);
  -ms-transform: translateX(-50%);
  transform: translateX(-50%);
  -webkit-transform: translateX(-50%);
  bottom: -2.5rem;
  color: #333;
  color: undefined;
}

.c36 {
  border-radius: 50%;
  position: absolute;
  z-index: 1;
  font-size: 1.4rem;
  left: 32.33333333333333%;
  top: 50%;
  -webkit-transform: translateY(-50%);
  -ms-transform: translateY(-50%);
  transform: translateY(-50%);
  -webkit-transform: translateY(-50%);
  border-width: 0.1rem;
  border-style: solid;
  border-color: #cccccc;
  background: #ffffff;
  width: 0.6rem;
  height: 0.6rem;
}

.c36::before {
  display: block;
  position: absolute;
}

.c36::before {
  content: '20℃';
  font-size: 1.4rem;
  line-height: 1;
  left: 50%;
  -webkit-transform: translateX(-50%);
  -ms-transform: translateX(-50%);
  transform: translateX(-50%);
  -webkit-transform: translateX(-50%);
  bottom: -2.5rem;
  color: #999;
  color: undefined;
}

.c37 {
  border-radius: 50%;
  position: absolute;
  z-index: 1;
  font-size: 1.4rem;
  left: 99%;
  top: 50%;
  -webkit-transform: translateY(-50%);
  -ms-transform: translateY(-50%);
  transform: translateY(-50%);
  -webkit-transform: translateY(-50%);
  border-width: 0.1rem;
  border-style: solid;
  border-color: transparent;
  background: none;
  width: 0.6rem;
  height: 0.6rem;
}

.c37::before {
  display: block;
  position: absolute;
}

.c37::before {
  content: '40℃';
  font-size: 1.4rem;
  line-height: 1;
  left: 50%;
  -webkit-transform: translateX(-50%);
  -ms-transform: translateX(-50%);
  transform: translateX(-50%);
  -webkit-transform: translateX(-50%);
  bottom: -2.5rem;
  color: red;
  color: undefined;
}

.c50 {
  border-radius: 50%;
  position: absolute;
  z-index: 1;
  font-size: 1.4rem;
  left: 50%;
  bottom: -1%;
  -webkit-transform: translateX(-50%);
  -ms-transform: translateX(-50%);
  transform: translateX(-50%);
  -webkit-transform: translateX(-50%);
  border-width: 0.1rem;
  border-style: solid;
  border-color: transparent;
  background: none;
  width: 0.6rem;
  height: 0.6rem;
}

.c50::before {
  display: block;
  position: absolute;
}

.c50::before {
  content: '0';
  font-size: 1.4rem;
  line-height: 1;
  left: calc(100% + 10px);
  -webkit-transform: translateY(50%);
  -ms-transform: translateY(50%);
  transform: translateY(50%);
  -webkit-transform: translateY(50%);
  bottom: 50%;
  color: #333;
  color: undefined;
}

.c51 {
  border-radius: 50%;
  position: absolute;
  z-index: 1;
  font-size: 1.4rem;
  left: 50%;
  bottom: 19%;
  -webkit-transform: translateX(-50%);
  -ms-transform: translateX(-50%);
  transform: translateX(-50%);
  -webkit-transform: translateX(-50%);
  border-width: 0.1rem;
  border-style: solid;
  border-color: #cccccc;
  background: #ffffff;
  width: 0.6rem;
  height: 0.6rem;
}

.c51::before {
  display: block;
  position: absolute;
}

.c51::before {
  content: '10℃';
  font-size: 1.4rem;
  line-height: 1;
  left: calc(100% + 10px);
  -webkit-transform: translateY(50%);
  -ms-transform: translateY(50%);
  transform: translateY(50%);
  -webkit-transform: translateY(50%);
  bottom: 50%;
  color: #333;
  color: undefined;
}

.c52 {
  border-radius: 50%;
  position: absolute;
  z-index: 1;
  font-size: 1.4rem;
  left: 50%;
  bottom: 39%;
  -webkit-transform: translateX(-50%);
  -ms-transform: translateX(-50%);
  transform: translateX(-50%);
  -webkit-transform: translateX(-50%);
  border-width: 0.1rem;
  border-style: solid;
  border-color: #cccccc;
  background: #ffffff;
  width: 0.6rem;
  height: 0.6rem;
}

.c52::before {
  display: block;
  position: absolute;
}

.c52::before {
  content: '20℃';
  font-size: 1.4rem;
  line-height: 1;
  left: calc(100% + 10px);
  -webkit-transform: translateY(50%);
  -ms-transform: translateY(50%);
  transform: translateY(50%);
  -webkit-transform: translateY(50%);
  bottom: 50%;
  color: #999;
  color: undefined;
}

.c53 {
  border-radius: 50%;
  position: absolute;
  z-index: 1;
  font-size: 1.4rem;
  left: 50%;
  bottom: 79%;
  -webkit-transform: translateX(-50%);
  -ms-transform: translateX(-50%);
  transform: translateX(-50%);
  -webkit-transform: translateX(-50%);
  border-width: 0.1rem;
  border-style: solid;
  border-color: #cccccc;
  background: #ffffff;
  width: 0.6rem;
  height: 0.6rem;
}

.c53::before {
  display: block;
  position: absolute;
}

.c53::before {
  content: '40℃';
  font-size: 1.4rem;
  line-height: 1;
  left: calc(100% + 10px);
  -webkit-transform: translateY(50%);
  -ms-transform: translateY(50%);
  transform: translateY(50%);
  -webkit-transform: translateY(50%);
  bottom: 50%;
  color: red;
  color: undefined;
}

.c54 {
  border-radius: 50%;
  position: absolute;
  z-index: 1;
  font-size: 1.4rem;
  left: 50%;
  bottom: 99%;
  -webkit-transform: translateX(-50%);
  -ms-transform: translateX(-50%);
  transform: translateX(-50%);
  -webkit-transform: translateX(-50%);
  border-width: 0.1rem;
  border-style: solid;
  border-color: transparent;
  background: none;
  width: 0.6rem;
  height: 0.6rem;
}

.c54::before {
  display: block;
  position: absolute;
}

.c54::before {
  content: '50';
  font-size: 1.4rem;
  line-height: 1;
  left: calc(100% + 10px);
  -webkit-transform: translateY(50%);
  -ms-transform: translateY(50%);
  transform: translateY(50%);
  -webkit-transform: translateY(50%);
  bottom: 50%;
  color: #999;
  color: undefined;
}

.c57 {
  border-radius: 50%;
  position: absolute;
  z-index: 1;
  font-size: 1.4rem;
  left: 50%;
  bottom: -1%;
  -webkit-transform: translateX(-50%);
  -ms-transform: translateX(-50%);
  transform: translateX(-50%);
  -webkit-transform: translateX(-50%);
  border-width: 0.1rem;
  border-style: solid;
  border-color: transparent;
  background: none;
  width: 0.6rem;
  height: 0.6rem;
}

.c57::before {
  display: block;
  position: absolute;
}

.c57::before {
  content: '0℃';
  font-size: 1.4rem;
  line-height: 1;
  left: calc(100% + 10px);
  -webkit-transform: translateY(50%);
  -ms-transform: translateY(50%);
  transform: translateY(50%);
  -webkit-transform: translateY(50%);
  bottom: 50%;
  color: #999;
  color: undefined;
}

.c58 {
  border-radius: 50%;
  position: absolute;
  z-index: 1;
  font-size: 1.4rem;
  left: 50%;
  bottom: 19%;
  -webkit-transform: translateX(-50%);
  -ms-transform: translateX(-50%);
  transform: translateX(-50%);
  -webkit-transform: translateX(-50%);
  border-width: 0.1rem;
  border-style: solid;
  border-color: transparent;
  background: #ffffff;
  width: 0.6rem;
  height: 0.6rem;
}

.c58::before {
  display: block;
  position: absolute;
}

.c58::before {
  content: '10℃';
  font-size: 1.4rem;
  line-height: 1;
  left: calc(100% + 10px);
  -webkit-transform: translateY(50%);
  -ms-transform: translateY(50%);
  transform: translateY(50%);
  -webkit-transform: translateY(50%);
  bottom: 50%;
  color: #333;
  color: undefined;
}

.c59 {
  border-radius: 50%;
  position: absolute;
  z-index: 1;
  font-size: 1.4rem;
  left: 50%;
  bottom: 39%;
  -webkit-transform: translateX(-50%);
  -ms-transform: translateX(-50%);
  transform: translateX(-50%);
  -webkit-transform: translateX(-50%);
  border-width: 0.1rem;
  border-style: solid;
  border-color: transparent;
  background: #ffffff;
  width: 0.6rem;
  height: 0.6rem;
}

.c59::before {
  display: block;
  position: absolute;
}

.c59::before {
  content: '20℃';
  font-size: 1.4rem;
  line-height: 1;
  left: calc(100% + 10px);
  -webkit-transform: translateY(50%);
  -ms-transform: translateY(50%);
  transform: translateY(50%);
  -webkit-transform: translateY(50%);
  bottom: 50%;
  color: #333;
  color: undefined;
}

.c60 {
  border-radius: 50%;
  position: absolute;
  z-index: 1;
  font-size: 1.4rem;
  left: 50%;
  bottom: 99%;
  -webkit-transform: translateX(-50%);
  -ms-transform: translateX(-50%);
  transform: translateX(-50%);
  -webkit-transform: translateX(-50%);
  border-width: 0.1rem;
  border-style: solid;
  border-color: transparent;
  background: none;
  width: 0.6rem;
  height: 0.6rem;
}

.c60::before {
  display: block;
  position: absolute;
}

.c60::before {
  content: '50℃';
  font-size: 1.4rem;
  line-height: 1;
  left: calc(100% + 10px);
  -webkit-transform: translateY(50%);
  -ms-transform: translateY(50%);
  transform: translateY(50%);
  -webkit-transform: translateY(50%);
  bottom: 50%;
  color: #999;
  color: undefined;
}

.c65 {
  border-radius: 50%;
  position: absolute;
  z-index: 1;
  font-size: 1.4rem;
  left: 50%;
  bottom: -1%;
  -webkit-transform: translateX(-50%);
  -ms-transform: translateX(-50%);
  transform: translateX(-50%);
  -webkit-transform: translateX(-50%);
  border-width: 0.1rem;
  border-style: solid;
  border-color: transparent;
  background: none;
  width: 0.6rem;
  height: 0.6rem;
}

.c65::before {
  display: block;
  position: absolute;
}

.c65::before {
  content: '0℃';
  font-size: 1.4rem;
  line-height: 1;
  left: calc(100% + 10px);
  -webkit-transform: translateY(50%);
  -ms-transform: translateY(50%);
  transform: translateY(50%);
  -webkit-transform: translateY(50%);
  bottom: 50%;
  color: #333;
  color: undefined;
}

.c66 {
  border-radius: 50%;
  position: absolute;
  z-index: 1;
  font-size: 1.4rem;
  left: 50%;
  bottom: 49%;
  -webkit-transform: translateX(-50%);
  -ms-transform: translateX(-50%);
  transform: translateX(-50%);
  -webkit-transform: translateX(-50%);
  border-width: 0.1rem;
  border-style: solid;
  border-color: #cccccc;
  background: #ffffff;
  width: 0.6rem;
  height: 0.6rem;
}

.c66::before {
  display: block;
  position: absolute;
}

.c66::before {
  content: '5';
  font-size: 1.4rem;
  line-height: 1;
  left: calc(100% + 10px);
  -webkit-transform: translateY(50%);
  -ms-transform: translateY(50%);
  transform: translateY(50%);
  -webkit-transform: translateY(50%);
  bottom: 50%;
  color: #999;
  color: undefined;
}

.c67 {
  border-radius: 50%;
  position: absolute;
  z-index: 1;
  font-size: 1.4rem;
  left: 50%;
  bottom: 99%;
  -webkit-transform: translateX(-50%);
  -ms-transform: translateX(-50%);
  transform: translateX(-50%);
  -webkit-transform: translateX(-50%);
  border-width: 0.1rem;
  border-style: solid;
  border-color: transparent;
  background: none;
  width: 0.6rem;
  height: 0.6rem;
}

.c67::before {
  display: block;
  position: absolute;
}

.c67::before {
  content: '10℃';
  font-size: 1.4rem;
  line-height: 1;
  left: calc(100% + 10px);
  -webkit-transform: translateY(50%);
  -ms-transform: translateY(50%);
  transform: translateY(50%);
  -webkit-transform: translateY(50%);
  bottom: 50%;
  color: #999;
  color: undefined;
}

.c39 {
  position: absolute;
  line-height: 0;
  top: 50%;
  -webkit-transform: translateY(-50%);
  -ms-transform: translateY(-50%);
  transform: translateY(-50%);
  -webkit-transform: translateY(-50%);
  left: -3.8rem;
  color: #999;
  font-size: 2rem;
}

.c41 {
  position: absolute;
  line-height: 0;
  top: 50%;
  -webkit-transform: translateY(-50%);
  -ms-transform: translateY(-50%);
  transform: translateY(-50%);
  -webkit-transform: translateY(-50%);
  right: -5.8rem;
  color: #ccc;
  font-size: 4rem;
}

.c69 {
  position: absolute;
  line-height: 0;
  top: 50%;
  -webkit-transform: translateY(-50%);
  -ms-transform: translateY(-50%);
  transform: translateY(-50%);
  -webkit-transform: translateY(-50%);
  left: -5.8rem;
  color: #999;
  font-size: 4rem;
}

<div
  style={
    Object {
      "padding": "0 60px",
    }
  }
>
  <div>
    <h2>
       normal
    </h2>
    <span
      onMouseDown={[Function]}
      onMouseEnter={[Function]}
      onMouseLeave={[Function]}
      onMouseUp={[Function]}
    >
      <div
        className="c0"
        style={
          Object {
            "backgroundColor": "yellow",
            "borderBottomColor": "#000",
            "borderBottomLeftRadius": "0.6rem",
            "borderBottomRightRadius": "0.6rem",
            "borderBottomStyle": "solid",
            "borderBottomWidth": "0.1rem",
            "borderLeftColor": "#000",
            "borderLeftStyle": "solid",
            "borderLeftWidth": "0.1rem",
            "borderRightColor": "#000",
            "borderRightStyle": "solid",
            "borderRightWidth": "0.1rem",
            "borderTopColor": "#000",
            "borderTopLeftRadius": "0.6rem",
            "borderTopRightRadius": "0.6rem",
            "borderTopStyle": "solid",
            "borderTopWidth": "0.1rem",
            "margin": "1rem 2rem 3rem 4rem",
            "opacity": 0.5,
            "padding": "1rem 2rem 3rem 4rem",
          }
        }
      >
        <div
          className="c1"
          onMouseDown={[Function]}
          onMouseUp={[Function]}
          style={Object {}}
          value={
            Array [
              20,
            ]
          }
        >
          <div
            className="c2"
            style={
              Object {
                "backgroundColor": "green",
                "borderBottomColor": "#000",
                "borderBottomLeftRadius": "0.6rem",
                "borderBottomRightRadius": "0.6rem",
                "borderBottomStyle": "solid",
                "borderBottomWidth": "0.1rem",
                "borderLeftColor": "#000",
                "borderLeftStyle": "solid",
                "borderLeftWidth": "0.1rem",
                "borderRightColor": "#000",
                "borderRightStyle": "solid",
                "borderRightWidth": "0.1rem",
                "borderTopColor": "#000",
                "borderTopLeftRadius": "0.6rem",
                "borderTopRightRadius": "0.6rem",
                "borderTopStyle": "solid",
                "borderTopWidth": "0.1rem",
                "height": "30rem",
                "width": "3rem",
              }
            }
            value={
              Array [
                20,
              ]
            }
          >
            <span
              className="c3"
              data-sign="mask"
              style={
                Object {
                  "color": "red",
                  "fontSize": 14,
                  "fontWeight": 700,
                }
              }
            />
            <span
              className="c4"
              data-sign="mask"
              style={
                Object {
                  "color": "blue",
                  "fontSize": 14,
                  "fontWeight": 700,
                }
              }
            />
            <span
              className="c5"
              data-sign="mask"
              style={
                Object {
                  "color": "green",
                  "fontSize": 14,
                  "fontWeight": 700,
                }
              }
            />
            <div
              className="c6"
              style={
                Object {
                  "backgroundColor": "#b53030",
                }
              }
            />
            <span
              className="c7"
              onMouseDown={[Function]}
              onMouseEnter={[Function]}
              onMouseLeave={[Function]}
              onMouseUp={[Function]}
              style={
                Object {
                  "backgroundColor": "#ef5a5a",
                  "borderBottomColor": "yellow",
                  "borderBottomLeftRadius": "0.5rem",
                  "borderBottomRightRadius": "0.5rem",
                  "borderBottomStyle": "solid",
                  "borderBottomWidth": "0.1rem",
                  "borderLeftColor": "yellow",
                  "borderLeftStyle": "solid",
                  "borderLeftWidth": "0.1rem",
                  "borderRightColor": "yellow",
                  "borderRightStyle": "solid",
                  "borderRightWidth": "0.1rem",
                  "borderTopColor": "yellow",
                  "borderTopLeftRadius": "0.5rem",
                  "borderTopRightRadius": "0.5rem",
                  "borderTopStyle": "solid",
                  "borderTopWidth": "0.1rem",
                  "height": "2rem",
                  "width": "1rem",
                }
              }
              value={
                Array [
                  20,
                ]
              }
            >
              
            </span>
          </div>
        </div>
      </div>
    </span>
  </div>
  <div
    style={
      Object {
        "float": "left",
        "padding": "0 20px 50px",
      }
    }
  >
    <h2
      style={
        Object {
          "padding": "20px 0",
        }
      }
    >
       normal
    </h2>
    <span
      onMouseDown={[Function]}
      onMouseEnter={[Function]}
      onMouseLeave={[Function]}
      onMouseUp={[Function]}
    >
      <div
        className="c8"
        style={Object {}}
      >
        <div
          className="c9"
          onMouseDown={[Function]}
          onMouseUp={[Function]}
          style={Object {}}
          value={
            Array [
              15,
            ]
          }
        >
          <div
            className="c2"
            style={
              Object {
                "backgroundColor": "#e8e8e8",
                "borderBottomLeftRadius": "0.6rem",
                "borderBottomRightRadius": "0.6rem",
                "borderBottomWidth": "0rem",
                "borderLeftWidth": "0rem",
                "borderRightWidth": "0rem",
                "borderTopLeftRadius": "0.6rem",
                "borderTopRightRadius": "0.6rem",
                "borderTopWidth": "0rem",
                "height": "0.6rem",
                "width": "30rem",
              }
            }
            value={
              Array [
                15,
              ]
            }
          >
            <div
              className="c10"
              style={
                Object {
                  "backgroundColor": "#4d63ff",
                }
              }
            />
            <span
              className="c11"
              onMouseDown={[Function]}
              onMouseEnter={[Function]}
              onMouseLeave={[Function]}
              onMouseUp={[Function]}
              style={
                Object {
                  "backgroundColor": "#4d63ff",
                  "height": "1.6rem",
                  "width": "1.6rem",
                }
              }
              value={
                Array [
                  15,
                ]
              }
            >
              
            </span>
          </div>
        </div>
      </div>
    </span>
    <span
      onMouseDown={[Function]}
      onMouseEnter={[Function]}
      onMouseLeave={[Function]}
      onMouseUp={[Function]}
    >
      <div
        className="c8"
        style={Object {}}
      >
        <div
          className="c9"
          onMouseDown={[Function]}
          onMouseUp={[Function]}
          style={Object {}}
          value={
            Array [
              5,
              15,
            ]
          }
        >
          <div
            className="c2"
            style={
              Object {
                "backgroundColor": "#e8e8e8",
                "borderBottomLeftRadius": "0.6rem",
                "borderBottomRightRadius": "0.6rem",
                "borderBottomWidth": "0rem",
                "borderLeftWidth": "0rem",
                "borderRightWidth": "0rem",
                "borderTopLeftRadius": "0.6rem",
                "borderTopRightRadius": "0.6rem",
                "borderTopWidth": "0rem",
                "height": "0.6rem",
                "width": "30rem",
              }
            }
            value={
              Array [
                5,
                15,
              ]
            }
          >
            <div
              className="c12"
              style={
                Object {
                  "backgroundColor": "#4d63ff",
                }
              }
            />
            <span
              className="c13"
              onMouseDown={[Function]}
              onMouseEnter={[Function]}
              onMouseLeave={[Function]}
              onMouseUp={[Function]}
              style={
                Object {
                  "backgroundColor": "#4d63ff",
                  "height": "1.6rem",
                  "width": "1.6rem",
                }
              }
              value={
                Array [
                  5,
                  15,
                ]
              }
            >
              
            </span>
            <span
              className="c11"
              onMouseDown={[Function]}
              onMouseEnter={[Function]}
              onMouseLeave={[Function]}
              onMouseUp={[Function]}
              style={
                Object {
                  "backgroundColor": "#4d63ff",
                  "height": "1.6rem",
                  "width": "1.6rem",
                }
              }
              value={
                Array [
                  5,
                  15,
                ]
              }
            >
              
            </span>
          </div>
        </div>
      </div>
    </span>
  </div>
  <div
    style={
      Object {
        "float": "left",
        "padding": "0 20px 50px",
      }
    }
  >
    <h2
      style={
        Object {
          "padding": "20px 0",
        }
      }
    >
       自定义css
    </h2>
    <span
      onMouseDown={[Function]}
      onMouseEnter={[Function]}
      onMouseLeave={[Function]}
      onMouseUp={[Function]}
    >
      <div
        className="c8"
        style={Object {}}
      >
        <div
          className="c9"
          onMouseDown={[Function]}
          onMouseUp={[Function]}
          style={Object {}}
          value={
            Array [
              0,
            ]
          }
        >
          <div
            className="c2"
            style={
              Object {
                "backgroundColor": "#e8e8e8",
                "borderBottomLeftRadius": "0.6rem",
                "borderBottomRightRadius": "0.6rem",
                "borderBottomWidth": "0rem",
                "borderLeftWidth": "0rem",
                "borderRightWidth": "0rem",
                "borderTopLeftRadius": "0.6rem",
                "borderTopRightRadius": "0.6rem",
                "borderTopWidth": "0rem",
                "height": "0.6rem",
                "width": "30rem",
              }
            }
            value={
              Array [
                0,
              ]
            }
          >
            <div
              className="c14"
              style={
                Object {
                  "backgroundColor": "#4d63ff",
                }
              }
            />
            <span
              className="c15"
              onMouseDown={[Function]}
              onMouseEnter={[Function]}
              onMouseLeave={[Function]}
              onMouseUp={[Function]}
              style={
                Object {
                  "backgroundColor": "#4d63ff",
                  "height": "1.6rem",
                  "width": "1.6rem",
                }
              }
              value={
                Array [
                  0,
                ]
              }
            >
              
            </span>
          </div>
        </div>
      </div>
    </span>
  </div>
  <div
    style={
      Object {
        "float": "left",
        "padding": "0 20px 50px",
      }
    }
  >
    <h2
      style={
        Object {
          "padding": "20px 0",
        }
      }
    >
       单滑块 defaultValue=-1
    </h2>
    <span
      onMouseDown={[Function]}
      onMouseEnter={[Function]}
      onMouseLeave={[Function]}
      onMouseUp={[Function]}
    >
      <div
        className="c8"
        style={Object {}}
      >
        <div
          className="c9"
          onMouseDown={[Function]}
          onMouseUp={[Function]}
          style={Object {}}
          value={
            Array [
              10,
            ]
          }
        >
          <div
            className="c2"
            style={
              Object {
                "backgroundColor": "#e8e8e8",
                "borderBottomLeftRadius": "0.6rem",
                "borderBottomRightRadius": "0.6rem",
                "borderBottomWidth": "0rem",
                "borderLeftWidth": "0rem",
                "borderRightWidth": "0rem",
                "borderTopLeftRadius": "0.6rem",
                "borderTopRightRadius": "0.6rem",
                "borderTopWidth": "0rem",
                "height": "0.6rem",
                "width": "30rem",
              }
            }
            value={
              Array [
                10,
              ]
            }
          >
            <div
              className="c14"
              style={
                Object {
                  "backgroundColor": "#4d63ff",
                }
              }
            />
            <span
              className="c15"
              onMouseDown={[Function]}
              onMouseEnter={[Function]}
              onMouseLeave={[Function]}
              onMouseUp={[Function]}
              style={
                Object {
                  "backgroundColor": "#4d63ff",
                  "height": "1.6rem",
                  "width": "1.6rem",
                }
              }
              value={
                Array [
                  10,
                ]
              }
            >
              
            </span>
          </div>
        </div>
      </div>
    </span>
  </div>
  <div
    style={
      Object {
        "float": "left",
        "padding": "0 20px 50px",
      }
    }
  >
    <h2
      style={
        Object {
          "padding": "20px 0",
        }
      }
    >
       单滑块
    </h2>
    <span
      onMouseDown={[Function]}
      onMouseEnter={[Function]}
      onMouseLeave={[Function]}
      onMouseUp={[Function]}
    >
      <div
        className="c8"
        style={Object {}}
      >
        <div
          className="c9"
          onMouseDown={[Function]}
          onMouseUp={[Function]}
          style={Object {}}
          value={
            Array [
              40,
            ]
          }
        >
          <div
            className="c2"
            style={
              Object {
                "backgroundColor": "#e8e8e8",
                "borderBottomLeftRadius": "0.6rem",
                "borderBottomRightRadius": "0.6rem",
                "borderBottomWidth": "0rem",
                "borderLeftWidth": "0rem",
                "borderRightWidth": "0rem",
                "borderTopLeftRadius": "0.6rem",
                "borderTopRightRadius": "0.6rem",
                "borderTopWidth": "0rem",
                "height": "0.6rem",
                "width": "30rem",
              }
            }
            value={
              Array [
                40,
              ]
            }
          >
            <div
              className="c16"
              style={
                Object {
                  "backgroundColor": "#4d63ff",
                }
              }
            />
            <span
              className="c17"
              onMouseDown={[Function]}
              onMouseEnter={[Function]}
              onMouseLeave={[Function]}
              onMouseUp={[Function]}
              style={
                Object {
                  "backgroundColor": "#4d63ff",
                  "height": "1.6rem",
                  "width": "1.6rem",
                }
              }
              value={
                Array [
                  40,
                ]
              }
            >
              
            </span>
          </div>
        </div>
      </div>
    </span>
  </div>
  <div
    style={
      Object {
        "float": "left",
        "padding": "0 20px 50px",
      }
    }
  >
    <h2
      style={
        Object {
          "padding": "20px 0",
        }
      }
    >
       双滑块 minValue -1
    </h2>
    <span
      onMouseDown={[Function]}
      onMouseEnter={[Function]}
      onMouseLeave={[Function]}
      onMouseUp={[Function]}
    >
      <div
        className="c8"
        style={Object {}}
      >
        <div
          className="c9"
          onMouseDown={[Function]}
          onMouseUp={[Function]}
          style={Object {}}
          value={
            Array [
              0,
              20,
            ]
          }
        >
          <div
            className="c2"
            style={
              Object {
                "backgroundColor": "#e8e8e8",
                "borderBottomLeftRadius": "0.6rem",
                "borderBottomRightRadius": "0.6rem",
                "borderBottomWidth": "0rem",
                "borderLeftWidth": "0rem",
                "borderRightWidth": "0rem",
                "borderTopLeftRadius": "0.6rem",
                "borderTopRightRadius": "0.6rem",
                "borderTopWidth": "0rem",
                "height": "0.6rem",
                "width": "30rem",
              }
            }
            value={
              Array [
                0,
                20,
              ]
            }
          >
            <div
              className="c18"
              style={
                Object {
                  "backgroundColor": "#4d63ff",
                }
              }
            />
            <span
              className="c15"
              onMouseDown={[Function]}
              onMouseEnter={[Function]}
              onMouseLeave={[Function]}
              onMouseUp={[Function]}
              style={
                Object {
                  "backgroundColor": "#4d63ff",
                  "height": "1.6rem",
                  "width": "1.6rem",
                }
              }
              value={
                Array [
                  0,
                  20,
                ]
              }
            >
              
            </span>
            <span
              className="c19"
              onMouseDown={[Function]}
              onMouseEnter={[Function]}
              onMouseLeave={[Function]}
              onMouseUp={[Function]}
              style={
                Object {
                  "backgroundColor": "#4d63ff",
                  "height": "1.6rem",
                  "width": "1.6rem",
                }
              }
              value={
                Array [
                  0,
                  20,
                ]
              }
            >
              
            </span>
          </div>
        </div>
      </div>
    </span>
  </div>
  <div
    style={
      Object {
        "float": "left",
        "padding": "0 20px 50px",
      }
    }
  >
    <h2
      style={
        Object {
          "padding": "20px 0",
        }
      }
    >
       disabled
    </h2>
    <span
      onMouseDown={[Function]}
      onMouseEnter={[Function]}
      onMouseLeave={[Function]}
      onMouseUp={[Function]}
    >
      <div
        className="c8"
        style={Object {}}
      >
        <div
          className="c9"
          disabled={true}
          onMouseDown={null}
          onMouseUp={[Function]}
          style={Object {}}
          value={
            Array [
              20,
            ]
          }
        >
          <div
            className="c2"
            disabled={true}
            style={
              Object {
                "backgroundColor": "#f2f2f2",
                "borderBottomLeftRadius": "0.6rem",
                "borderBottomRightRadius": "0.6rem",
                "borderBottomWidth": "0rem",
                "borderLeftWidth": "0rem",
                "borderRightWidth": "0rem",
                "borderTopLeftRadius": "0.6rem",
                "borderTopRightRadius": "0.6rem",
                "borderTopWidth": "0rem",
                "height": "0.6rem",
                "width": "30rem",
              }
            }
            value={
              Array [
                20,
              ]
            }
          >
            <div
              className="c20"
              style={
                Object {
                  "backgroundColor": "#e8e8e8",
                }
              }
            />
            <span
              className="c21"
              disabled={true}
              onMouseDown={null}
              onMouseEnter={[Function]}
              onMouseLeave={[Function]}
              onMouseUp={[Function]}
              style={
                Object {
                  "backgroundColor": "#e8e8e8",
                  "height": "1.6rem",
                  "width": "1.6rem",
                }
              }
              value={
                Array [
                  20,
                ]
              }
            >
              
            </span>
          </div>
        </div>
      </div>
    </span>
  </div>
  <div
    style={
      Object {
        "float": "left",
        "padding": "0 20px 50px",
      }
    }
  >
    <h2
      style={
        Object {
          "padding": "20px 0",
        }
      }
    >
       value
    </h2>
    <span
      onMouseDown={[Function]}
      onMouseEnter={[Function]}
      onMouseLeave={[Function]}
      onMouseUp={[Function]}
    >
      <div
        className="c8"
        style={Object {}}
      >
        <div
          className="c9"
          onMouseDown={[Function]}
          onMouseUp={[Function]}
          style={Object {}}
          value={
            Array [
              23,
            ]
          }
        >
          <div
            className="c2"
            style={
              Object {
                "backgroundColor": "#e8e8e8",
                "borderBottomLeftRadius": "0.6rem",
                "borderBottomRightRadius": "0.6rem",
                "borderBottomWidth": "0rem",
                "borderLeftWidth": "0rem",
                "borderRightWidth": "0rem",
                "borderTopLeftRadius": "0.6rem",
                "borderTopRightRadius": "0.6rem",
                "borderTopWidth": "0rem",
                "height": "0.6rem",
                "width": "30rem",
              }
            }
            value={
              Array [
                23,
              ]
            }
          >
            <div
              className="c22"
              style={
                Object {
                  "backgroundColor": "#4d63ff",
                }
              }
            />
            <span
              className="c23"
              onMouseDown={[Function]}
              onMouseEnter={[Function]}
              onMouseLeave={[Function]}
              onMouseUp={[Function]}
              style={
                Object {
                  "backgroundColor": "#4d63ff",
                  "height": "1.6rem",
                  "width": "1.6rem",
                }
              }
              value={
                Array [
                  23,
                ]
              }
            >
              
            </span>
          </div>
        </div>
      </div>
    </span>
  </div>
  <div
    style={
      Object {
        "float": "left",
        "padding": "0 20px 50px",
      }
    }
  >
    <h2
      style={
        Object {
          "padding": "20px 0",
        }
      }
    >
       离散 marks 对象+对象
    </h2>
    <span
      onMouseDown={[Function]}
      onMouseEnter={[Function]}
      onMouseLeave={[Function]}
      onMouseUp={[Function]}
    >
      <div
        className="c8"
        style={Object {}}
      >
        <div
          className="c9"
          onMouseDown={[Function]}
          onMouseUp={[Function]}
          style={Object {}}
          value={
            Array [
              10,
            ]
          }
        >
          <div
            className="c2"
            style={
              Object {
                "backgroundColor": "#e8e8e8",
                "borderBottomLeftRadius": "0.6rem",
                "borderBottomRightRadius": "0.6rem",
                "borderBottomWidth": "0rem",
                "borderLeftWidth": "0rem",
                "borderRightWidth": "0rem",
                "borderTopLeftRadius": "0.6rem",
                "borderTopRightRadius": "0.6rem",
                "borderTopWidth": "0rem",
                "height": "0.6rem",
                "width": "30rem",
              }
            }
            value={
              Array [
                10,
              ]
            }
          >
            <span
              className="c24"
              data-sign="mask"
              style={Object {}}
            />
            <span
              className="c25"
              data-sign="mask"
              style={Object {}}
            />
            <span
              className="c26"
              data-sign="mask"
              style={Object {}}
            />
            <span
              className="c27"
              data-sign="mask"
              style={Object {}}
            />
            <div
              className="c28"
              style={
                Object {
                  "backgroundColor": "#4d63ff",
                }
              }
            />
            <span
              className="c29"
              onMouseDown={[Function]}
              onMouseEnter={[Function]}
              onMouseLeave={[Function]}
              onMouseUp={[Function]}
              style={
                Object {
                  "backgroundColor": "#4d63ff",
                  "height": "1.6rem",
                  "width": "1.6rem",
                }
              }
              value={
                Array [
                  10,
                ]
              }
            >
              
            </span>
          </div>
        </div>
      </div>
    </span>
  </div>
  <div
    style={
      Object {
        "float": "left",
        "padding": "0 20px 50px",
      }
    }
  >
    <h2
      style={
        Object {
          "padding": "20px 0",
        }
      }
    >
       离散 marks 对象+对象
    </h2>
    <span
      onMouseDown={[Function]}
      onMouseEnter={[Function]}
      onMouseLeave={[Function]}
      onMouseUp={[Function]}
    >
      <div
        className="c8"
        style={Object {}}
      >
        <div
          className="c9"
          onMouseDown={[Function]}
          onMouseUp={[Function]}
          style={Object {}}
          value={
            Array [
              10,
              20,
            ]
          }
        >
          <div
            className="c2"
            style={
              Object {
                "backgroundColor": "#e8e8e8",
                "borderBottomLeftRadius": "0.6rem",
                "borderBottomRightRadius": "0.6rem",
                "borderBottomWidth": "0rem",
                "borderLeftWidth": "0rem",
                "borderRightWidth": "0rem",
                "borderTopLeftRadius": "0.6rem",
                "borderTopRightRadius": "0.6rem",
                "borderTopWidth": "0rem",
                "height": "0.6rem",
                "width": "30rem",
              }
            }
            value={
              Array [
                10,
                20,
              ]
            }
          >
            <span
              className="c30"
              data-sign="mask"
              style={Object {}}
            />
            <span
              className="c31"
              data-sign="mask"
              style={Object {}}
            />
            <span
              className="c32"
              data-sign="mask"
              style={Object {}}
            />
            <span
              className="c27"
              data-sign="mask"
              style={Object {}}
            />
            <div
              className="c33"
              style={
                Object {
                  "backgroundColor": "#4d63ff",
                }
              }
            />
            <span
              className="c29"
              onMouseDown={[Function]}
              onMouseEnter={[Function]}
              onMouseLeave={[Function]}
              onMouseUp={[Function]}
              style={
                Object {
                  "backgroundColor": "#4d63ff",
                  "height": "1.6rem",
                  "width": "1.6rem",
                }
              }
              value={
                Array [
                  10,
                  20,
                ]
              }
            >
              
            </span>
            <span
              className="c34"
              onMouseDown={[Function]}
              onMouseEnter={[Function]}
              onMouseLeave={[Function]}
              onMouseUp={[Function]}
              style={
                Object {
                  "backgroundColor": "#4d63ff",
                  "height": "1.6rem",
                  "width": "1.6rem",
                }
              }
              value={
                Array [
                  10,
                  20,
                ]
              }
            >
              
            </span>
          </div>
        </div>
      </div>
    </span>
  </div>
  <div
    style={
      Object {
        "float": "left",
        "padding": "0 20px 50px",
      }
    }
  >
    <h2
      style={
        Object {
          "padding": "20px 0",
        }
      }
    >
       离散no min max
    </h2>
    <span
      onMouseDown={[Function]}
      onMouseEnter={[Function]}
      onMouseLeave={[Function]}
      onMouseUp={[Function]}
    >
      <div
        className="c8"
        style={Object {}}
      >
        <div
          className="c9"
          onMouseDown={[Function]}
          onMouseUp={[Function]}
          style={Object {}}
          value={
            Array [
              10,
            ]
          }
        >
          <div
            className="c2"
            style={
              Object {
                "backgroundColor": "#e8e8e8",
                "borderBottomLeftRadius": "0.6rem",
                "borderBottomRightRadius": "0.6rem",
                "borderBottomWidth": "0rem",
                "borderLeftWidth": "0rem",
                "borderRightWidth": "0rem",
                "borderTopLeftRadius": "0.6rem",
                "borderTopRightRadius": "0.6rem",
                "borderTopWidth": "0rem",
                "height": "0.6rem",
                "width": "30rem",
              }
            }
            value={
              Array [
                10,
              ]
            }
          >
            <span
              className="c35"
              data-sign="mask"
              style={Object {}}
            />
            <span
              className="c36"
              data-sign="mask"
              style={Object {}}
            />
            <span
              className="c37"
              data-sign="mask"
              style={Object {}}
            />
            <div
              className="c14"
              style={
                Object {
                  "backgroundColor": "#4d63ff",
                }
              }
            />
            <span
              className="c15"
              onMouseDown={[Function]}
              onMouseEnter={[Function]}
              onMouseLeave={[Function]}
              onMouseUp={[Function]}
              style={
                Object {
                  "backgroundColor": "#4d63ff",
                  "height": "1.6rem",
                  "width": "1.6rem",
                }
              }
              value={
                Array [
                  10,
                ]
              }
            >
              
            </span>
          </div>
        </div>
      </div>
    </span>
  </div>
  <div
    style={
      Object {
        "float": "left",
        "padding": "0 40px 50px",
      }
    }
  >
    <h2
      style={
        Object {
          "padding": "20px 0",
        }
      }
    >
       icon
    </h2>
    <span
      onMouseDown={[Function]}
      onMouseEnter={[Function]}
      onMouseLeave={[Function]}
      onMouseUp={[Function]}
    >
      <div
        className="c8"
        style={Object {}}
      >
        <div
          className="c38"
          onMouseDown={[Function]}
          onMouseUp={[Function]}
          style={Object {}}
          value={
            Array [
              0,
            ]
          }
        >
          <div
            className="c2"
            style={
              Object {
                "backgroundColor": "#e8e8e8",
                "borderBottomLeftRadius": "0.6rem",
                "borderBottomRightRadius": "0.6rem",
                "borderBottomWidth": "0rem",
                "borderLeftWidth": "0rem",
                "borderRightWidth": "0rem",
                "borderTopLeftRadius": "0.6rem",
                "borderTopRightRadius": "0.6rem",
                "borderTopWidth": "0rem",
                "height": "0.6rem",
                "width": "30rem",
              }
            }
            value={
              Array [
                0,
              ]
            }
          >
            <span>
              <span
                className="c39"
                value={
                  Array [
                    0,
                  ]
                }
              >
                <span
                  onMouseEnter={[Function]}
                  onMouseLeave={[Function]}
                >
                  <i
                    className="lugia-icon-financial_smile_o   c40"
                    style={Object {}}
                  />
                </span>
              </span>
            </span>
            <span>
              <span
                className="c41"
                value={
                  Array [
                    0,
                  ]
                }
              >
                <span
                  onMouseEnter={[Function]}
                  onMouseLeave={[Function]}
                >
                  <i
                    className="lugia-icon-financial_sad_o   c40"
                    style={Object {}}
                  />
                </span>
              </span>
            </span>
            <div
              className="c14"
              style={
                Object {
                  "backgroundColor": "#4d63ff",
                }
              }
            />
            <span
              className="c15"
              onMouseDown={[Function]}
              onMouseEnter={[Function]}
              onMouseLeave={[Function]}
              onMouseUp={[Function]}
              style={
                Object {
                  "backgroundColor": "#4d63ff",
                  "height": "1.6rem",
                  "width": "1.6rem",
                }
              }
              value={
                Array [
                  0,
                ]
              }
            >
              
            </span>
          </div>
        </div>
      </div>
    </span>
  </div>
  <div
    style={
      Object {
        "float": "left",
        "padding": "0 20px 50px",
      }
    }
  >
    <h2
      style={
        Object {
          "padding": "20px 0",
        }
      }
    >
       单滑块 disabled false-&gt; true
    </h2>
    <span
      onMouseDown={[Function]}
      onMouseEnter={[Function]}
      onMouseLeave={[Function]}
      onMouseUp={[Function]}
    >
      <div
        className="c8"
        style={Object {}}
      >
        <div
          className="c9"
          disabled={false}
          onMouseDown={[Function]}
          onMouseUp={[Function]}
          style={Object {}}
          value={
            Array [
              0,
            ]
          }
        >
          <div
            className="c2"
            disabled={false}
            style={
              Object {
                "backgroundColor": "#e8e8e8",
                "borderBottomLeftRadius": "0.6rem",
                "borderBottomRightRadius": "0.6rem",
                "borderBottomWidth": "0rem",
                "borderLeftWidth": "0rem",
                "borderRightWidth": "0rem",
                "borderTopLeftRadius": "0.6rem",
                "borderTopRightRadius": "0.6rem",
                "borderTopWidth": "0rem",
                "height": "0.6rem",
                "width": "30rem",
              }
            }
            value={
              Array [
                0,
              ]
            }
          >
            <div
              className="c14"
              style={
                Object {
                  "backgroundColor": "#4d63ff",
                }
              }
            />
            <span
              className="c15"
              disabled={false}
              onMouseDown={[Function]}
              onMouseEnter={[Function]}
              onMouseLeave={[Function]}
              onMouseUp={[Function]}
              style={
                Object {
                  "backgroundColor": "#4d63ff",
                  "height": "1.6rem",
                  "width": "1.6rem",
                }
              }
              value={
                Array [
                  0,
                ]
              }
            >
              
            </span>
          </div>
        </div>
      </div>
    </span>
    <p>
      <button
        onClick={[Function]}
      >
        click me, you can change disabled
      </button>
    </p>
  </div>
  <div
    style={
      Object {
        "clear": "both",
      }
    }
  />
  <div
    style={
      Object {
        "float": "left",
        "padding": "0 50px 50px",
      }
    }
  >
    <h2
      style={
        Object {
          "padding": "35px 0",
        }
      }
    >
       normal
    </h2>
    <span
      onMouseDown={[Function]}
      onMouseEnter={[Function]}
      onMouseLeave={[Function]}
      onMouseUp={[Function]}
    >
      <div
        className="c42"
        style={Object {}}
      >
        <div
          className="c43"
          onMouseDown={[Function]}
          onMouseUp={[Function]}
          style={Object {}}
          value={
            Array [
              0,
            ]
          }
        >
          <div
            className="c2"
            style={
              Object {
                "backgroundColor": "#e8e8e8",
                "borderBottomLeftRadius": "0.6rem",
                "borderBottomRightRadius": "0.6rem",
                "borderBottomWidth": "0rem",
                "borderLeftWidth": "0rem",
                "borderRightWidth": "0rem",
                "borderTopLeftRadius": "0.6rem",
                "borderTopRightRadius": "0.6rem",
                "borderTopWidth": "0rem",
                "height": "30rem",
                "width": "0.6rem",
              }
            }
            value={
              Array [
                0,
              ]
            }
          >
            <div
              className="c44"
              style={
                Object {
                  "backgroundColor": "#4d63ff",
                }
              }
            />
            <span
              className="c45"
              onMouseDown={[Function]}
              onMouseEnter={[Function]}
              onMouseLeave={[Function]}
              onMouseUp={[Function]}
              style={
                Object {
                  "backgroundColor": "#4d63ff",
                  "height": "1.6rem",
                  "width": "1.6rem",
                }
              }
              value={
                Array [
                  0,
                ]
              }
            >
              
            </span>
          </div>
        </div>
      </div>
    </span>
  </div>
  <div
    style={
      Object {
        "float": "left",
        "padding": "0 50px 50px",
      }
    }
  >
    <h2
      style={
        Object {
          "padding": "35px 0",
        }
      }
    >
       单滑块value
    </h2>
    <span
      onMouseDown={[Function]}
      onMouseEnter={[Function]}
      onMouseLeave={[Function]}
      onMouseUp={[Function]}
    >
      <div
        className="c42"
        style={Object {}}
      >
        <div
          className="c43"
          onMouseDown={[Function]}
          onMouseUp={[Function]}
          style={Object {}}
          value={
            Array [
              10,
            ]
          }
        >
          <div
            className="c2"
            style={
              Object {
                "backgroundColor": "#e8e8e8",
                "borderBottomLeftRadius": "0.6rem",
                "borderBottomRightRadius": "0.6rem",
                "borderBottomWidth": "0rem",
                "borderLeftWidth": "0rem",
                "borderRightWidth": "0rem",
                "borderTopLeftRadius": "0.6rem",
                "borderTopRightRadius": "0.6rem",
                "borderTopWidth": "0rem",
                "height": "30rem",
                "width": "0.6rem",
              }
            }
            value={
              Array [
                10,
              ]
            }
          >
            <div
              className="c46"
              style={
                Object {
                  "backgroundColor": "#4d63ff",
                }
              }
            />
            <span
              className="c47"
              onMouseDown={[Function]}
              onMouseEnter={[Function]}
              onMouseLeave={[Function]}
              onMouseUp={[Function]}
              style={
                Object {
                  "backgroundColor": "#4d63ff",
                  "height": "1.6rem",
                  "width": "1.6rem",
                }
              }
              value={
                Array [
                  10,
                ]
              }
            >
              
            </span>
          </div>
        </div>
      </div>
    </span>
  </div>
  <div
    style={
      Object {
        "float": "left",
        "padding": "0 50px 50px",
      }
    }
  >
    <h2
      style={
        Object {
          "padding": "35px 0",
        }
      }
    >
       单滑块
    </h2>
    <span
      onMouseDown={[Function]}
      onMouseEnter={[Function]}
      onMouseLeave={[Function]}
      onMouseUp={[Function]}
    >
      <div
        className="c42"
        style={Object {}}
      >
        <div
          className="c43"
          onMouseDown={[Function]}
          onMouseUp={[Function]}
          style={Object {}}
          value={
            Array [
              10,
            ]
          }
        >
          <div
            className="c2"
            style={
              Object {
                "backgroundColor": "#e8e8e8",
                "borderBottomLeftRadius": "0.6rem",
                "borderBottomRightRadius": "0.6rem",
                "borderBottomWidth": "0rem",
                "borderLeftWidth": "0rem",
                "borderRightWidth": "0rem",
                "borderTopLeftRadius": "0.6rem",
                "borderTopRightRadius": "0.6rem",
                "borderTopWidth": "0rem",
                "height": "30rem",
                "width": "0.6rem",
              }
            }
            value={
              Array [
                10,
              ]
            }
          >
            <div
              className="c46"
              style={
                Object {
                  "backgroundColor": "#4d63ff",
                }
              }
            />
            <span
              className="c47"
              onMouseDown={[Function]}
              onMouseEnter={[Function]}
              onMouseLeave={[Function]}
              onMouseUp={[Function]}
              style={
                Object {
                  "backgroundColor": "#4d63ff",
                  "height": "1.6rem",
                  "width": "1.6rem",
                }
              }
              value={
                Array [
                  10,
                ]
              }
            >
              
            </span>
          </div>
        </div>
      </div>
    </span>
  </div>
  <div
    style={
      Object {
        "float": "left",
        "padding": "0 50px 50px",
      }
    }
  >
    <h2
      style={
        Object {
          "padding": "35px 0",
        }
      }
    >
       双滑块
    </h2>
    <span
      onMouseDown={[Function]}
      onMouseEnter={[Function]}
      onMouseLeave={[Function]}
      onMouseUp={[Function]}
    >
      <div
        className="c42"
        style={Object {}}
      >
        <div
          className="c43"
          onMouseDown={[Function]}
          onMouseUp={[Function]}
          style={Object {}}
          value={
            Array [
              10,
              20,
            ]
          }
        >
          <div
            className="c2"
            style={
              Object {
                "backgroundColor": "#e8e8e8",
                "borderBottomLeftRadius": "0.6rem",
                "borderBottomRightRadius": "0.6rem",
                "borderBottomWidth": "0rem",
                "borderLeftWidth": "0rem",
                "borderRightWidth": "0rem",
                "borderTopLeftRadius": "0.6rem",
                "borderTopRightRadius": "0.6rem",
                "borderTopWidth": "0rem",
                "height": "30rem",
                "width": "0.6rem",
              }
            }
            value={
              Array [
                10,
                20,
              ]
            }
          >
            <div
              className="c48"
              style={
                Object {
                  "backgroundColor": "#4d63ff",
                }
              }
            />
            <span
              className="c47"
              onMouseDown={[Function]}
              onMouseEnter={[Function]}
              onMouseLeave={[Function]}
              onMouseUp={[Function]}
              style={
                Object {
                  "backgroundColor": "#4d63ff",
                  "height": "1.6rem",
                  "width": "1.6rem",
                }
              }
              value={
                Array [
                  10,
                  20,
                ]
              }
            >
              
            </span>
            <span
              className="c49"
              onMouseDown={[Function]}
              onMouseEnter={[Function]}
              onMouseLeave={[Function]}
              onMouseUp={[Function]}
              style={
                Object {
                  "backgroundColor": "#4d63ff",
                  "height": "1.6rem",
                  "width": "1.6rem",
                }
              }
              value={
                Array [
                  10,
                  20,
                ]
              }
            >
              
            </span>
          </div>
        </div>
      </div>
    </span>
  </div>
  <div
    style={
      Object {
        "float": "left",
        "padding": "0 50px 50px",
      }
    }
  >
    <h2
      style={
        Object {
          "padding": "35px 0",
        }
      }
    >
       双滑块value
    </h2>
    <span
      onMouseDown={[Function]}
      onMouseEnter={[Function]}
      onMouseLeave={[Function]}
      onMouseUp={[Function]}
    >
      <div
        className="c42"
        style={Object {}}
      >
        <div
          className="c43"
          onMouseDown={[Function]}
          onMouseUp={[Function]}
          style={Object {}}
          value={
            Array [
              10,
              20,
            ]
          }
        >
          <div
            className="c2"
            style={
              Object {
                "backgroundColor": "#e8e8e8",
                "borderBottomLeftRadius": "0.6rem",
                "borderBottomRightRadius": "0.6rem",
                "borderBottomWidth": "0rem",
                "borderLeftWidth": "0rem",
                "borderRightWidth": "0rem",
                "borderTopLeftRadius": "0.6rem",
                "borderTopRightRadius": "0.6rem",
                "borderTopWidth": "0rem",
                "height": "30rem",
                "width": "0.6rem",
              }
            }
            value={
              Array [
                10,
                20,
              ]
            }
          >
            <div
              className="c48"
              style={
                Object {
                  "backgroundColor": "#4d63ff",
                }
              }
            />
            <span
              className="c47"
              onMouseDown={[Function]}
              onMouseEnter={[Function]}
              onMouseLeave={[Function]}
              onMouseUp={[Function]}
              style={
                Object {
                  "backgroundColor": "#4d63ff",
                  "height": "1.6rem",
                  "width": "1.6rem",
                }
              }
              value={
                Array [
                  10,
                  20,
                ]
              }
            >
              
            </span>
            <span
              className="c49"
              onMouseDown={[Function]}
              onMouseEnter={[Function]}
              onMouseLeave={[Function]}
              onMouseUp={[Function]}
              style={
                Object {
                  "backgroundColor": "#4d63ff",
                  "height": "1.6rem",
                  "width": "1.6rem",
                }
              }
              value={
                Array [
                  10,
                  20,
                ]
              }
            >
              
            </span>
          </div>
        </div>
      </div>
    </span>
  </div>
  <div
    style={
      Object {
        "float": "left",
        "padding": "0 50px 50px",
      }
    }
  >
    <h2
      style={
        Object {
          "padding": "35px 0",
        }
      }
    >
       离散
    </h2>
    <span
      onMouseDown={[Function]}
      onMouseEnter={[Function]}
      onMouseLeave={[Function]}
      onMouseUp={[Function]}
    >
      <div
        className="c42"
        style={Object {}}
      >
        <div
          className="c43"
          onMouseDown={[Function]}
          onMouseUp={[Function]}
          style={Object {}}
          value={
            Array [
              10,
            ]
          }
        >
          <div
            className="c2"
            style={
              Object {
                "backgroundColor": "#e8e8e8",
                "borderBottomLeftRadius": "0.6rem",
                "borderBottomRightRadius": "0.6rem",
                "borderBottomWidth": "0rem",
                "borderLeftWidth": "0rem",
                "borderRightWidth": "0rem",
                "borderTopLeftRadius": "0.6rem",
                "borderTopRightRadius": "0.6rem",
                "borderTopWidth": "0rem",
                "height": "30rem",
                "width": "0.6rem",
              }
            }
            value={
              Array [
                10,
              ]
            }
          >
            <span
              className="c50"
              data-sign="mask"
              style={Object {}}
            />
            <span
              className="c51"
              data-sign="mask"
              style={Object {}}
            />
            <span
              className="c52"
              data-sign="mask"
              style={Object {}}
            />
            <span
              className="c53"
              data-sign="mask"
              style={Object {}}
            />
            <span
              className="c54"
              data-sign="mask"
              style={Object {}}
            />
            <div
              className="c55"
              style={
                Object {
                  "backgroundColor": "#4d63ff",
                }
              }
            />
            <span
              className="c56"
              onMouseDown={[Function]}
              onMouseEnter={[Function]}
              onMouseLeave={[Function]}
              onMouseUp={[Function]}
              style={
                Object {
                  "backgroundColor": "#4d63ff",
                  "height": "1.6rem",
                  "width": "1.6rem",
                }
              }
              value={
                Array [
                  10,
                ]
              }
            >
              
            </span>
          </div>
        </div>
      </div>
    </span>
  </div>
  <div
    style={
      Object {
        "float": "left",
        "padding": "0 50px 50px",
      }
    }
  >
    <h2
      style={
        Object {
          "padding": "35px 0",
        }
      }
    >
       离散
    </h2>
    <span
      onMouseDown={[Function]}
      onMouseEnter={[Function]}
      onMouseLeave={[Function]}
      onMouseUp={[Function]}
    >
      <div
        className="c42"
        style={Object {}}
      >
        <div
          className="c43"
          onMouseDown={[Function]}
          onMouseUp={[Function]}
          style={Object {}}
          value={
            Array [
              10,
              20,
            ]
          }
        >
          <div
            className="c2"
            style={
              Object {
                "backgroundColor": "#e8e8e8",
                "borderBottomLeftRadius": "0.6rem",
                "borderBottomRightRadius": "0.6rem",
                "borderBottomWidth": "0rem",
                "borderLeftWidth": "0rem",
                "borderRightWidth": "0rem",
                "borderTopLeftRadius": "0.6rem",
                "borderTopRightRadius": "0.6rem",
                "borderTopWidth": "0rem",
                "height": "30rem",
                "width": "0.6rem",
              }
            }
            value={
              Array [
                10,
                20,
              ]
            }
          >
            <span
              className="c57"
              data-sign="mask"
              style={Object {}}
            />
            <span
              className="c58"
              data-sign="mask"
              style={Object {}}
            />
            <span
              className="c59"
              data-sign="mask"
              style={Object {}}
            />
            <span
              className="c53"
              data-sign="mask"
              style={Object {}}
            />
            <span
              className="c60"
              data-sign="mask"
              style={Object {}}
            />
            <div
              className="c61"
              style={
                Object {
                  "backgroundColor": "#4d63ff",
                }
              }
            />
            <span
              className="c56"
              onMouseDown={[Function]}
              onMouseEnter={[Function]}
              onMouseLeave={[Function]}
              onMouseUp={[Function]}
              style={
                Object {
                  "backgroundColor": "#4d63ff",
                  "height": "1.6rem",
                  "width": "1.6rem",
                }
              }
              value={
                Array [
                  10,
                  20,
                ]
              }
            >
              
            </span>
            <span
              className="c62"
              onMouseDown={[Function]}
              onMouseEnter={[Function]}
              onMouseLeave={[Function]}
              onMouseUp={[Function]}
              style={
                Object {
                  "backgroundColor": "#4d63ff",
                  "height": "1.6rem",
                  "width": "1.6rem",
                }
              }
              value={
                Array [
                  10,
                  20,
                ]
              }
            >
              
            </span>
          </div>
        </div>
      </div>
    </span>
  </div>
  <div
    style={
      Object {
        "float": "left",
        "padding": "0 50px 50px",
      }
    }
  >
    <h2
      style={
        Object {
          "padding": "35px 0",
        }
      }
    >
       disabled
    </h2>
    <span
      onMouseDown={[Function]}
      onMouseEnter={[Function]}
      onMouseLeave={[Function]}
      onMouseUp={[Function]}
    >
      <div
        className="c42"
        style={Object {}}
      >
        <div
          className="c43"
          disabled={true}
          onMouseDown={null}
          onMouseUp={[Function]}
          style={Object {}}
          value={
            Array [
              5,
            ]
          }
        >
          <div
            className="c2"
            disabled={true}
            style={
              Object {
                "backgroundColor": "#f2f2f2",
                "borderBottomLeftRadius": "0.6rem",
                "borderBottomRightRadius": "0.6rem",
                "borderBottomWidth": "0rem",
                "borderLeftWidth": "0rem",
                "borderRightWidth": "0rem",
                "borderTopLeftRadius": "0.6rem",
                "borderTopRightRadius": "0.6rem",
                "borderTopWidth": "0rem",
                "height": "30rem",
                "width": "0.6rem",
              }
            }
            value={
              Array [
                5,
              ]
            }
          >
            <div
              className="c63"
              style={
                Object {
                  "backgroundColor": "#e8e8e8",
                }
              }
            />
            <span
              className="c64"
              disabled={true}
              onMouseDown={null}
              onMouseEnter={[Function]}
              onMouseLeave={[Function]}
              onMouseUp={[Function]}
              style={
                Object {
                  "backgroundColor": "#e8e8e8",
                  "height": "1.6rem",
                  "width": "1.6rem",
                }
              }
              value={
                Array [
                  5,
                ]
              }
            >
              
            </span>
          </div>
        </div>
      </div>
    </span>
  </div>
  <div
    style={
      Object {
        "float": "left",
        "padding": "0 50px 50px",
      }
    }
  >
    <h2
      style={
        Object {
          "padding": "35px 0",
        }
      }
    >
       离散
    </h2>
    <span
      onMouseDown={[Function]}
      onMouseEnter={[Function]}
      onMouseLeave={[Function]}
      onMouseUp={[Function]}
    >
      <div
        className="c42"
        style={Object {}}
      >
        <div
          className="c43"
          onMouseDown={[Function]}
          onMouseUp={[Function]}
          style={Object {}}
          value={
            Array [
              0,
            ]
          }
        >
          <div
            className="c2"
            style={
              Object {
                "backgroundColor": "#e8e8e8",
                "borderBottomLeftRadius": "0.6rem",
                "borderBottomRightRadius": "0.6rem",
                "borderBottomWidth": "0rem",
                "borderLeftWidth": "0rem",
                "borderRightWidth": "0rem",
                "borderTopLeftRadius": "0.6rem",
                "borderTopRightRadius": "0.6rem",
                "borderTopWidth": "0rem",
                "height": "30rem",
                "width": "0.6rem",
              }
            }
            value={
              Array [
                0,
              ]
            }
          >
            <span
              className="c65"
              data-sign="mask"
              style={Object {}}
            />
            <span
              className="c66"
              data-sign="mask"
              style={Object {}}
            />
            <span
              className="c67"
              data-sign="mask"
              style={Object {}}
            />
            <div
              className="c44"
              style={
                Object {
                  "backgroundColor": "#4d63ff",
                }
              }
            />
            <span
              className="c45"
              onMouseDown={[Function]}
              onMouseEnter={[Function]}
              onMouseLeave={[Function]}
              onMouseUp={[Function]}
              style={
                Object {
                  "backgroundColor": "#4d63ff",
                  "height": "1.6rem",
                  "width": "1.6rem",
                }
              }
              value={
                Array [
                  0,
                ]
              }
            >
              
            </span>
          </div>
        </div>
      </div>
    </span>
  </div>
  <div
    style={
      Object {
        "float": "left",
        "padding": "0 40px 50px",
      }
    }
  >
    <h2
      style={
        Object {
          "padding": "20px 0",
        }
      }
    >
       icon
    </h2>
    <span
      onMouseDown={[Function]}
      onMouseEnter={[Function]}
      onMouseLeave={[Function]}
      onMouseUp={[Function]}
    >
      <div
        className="c8"
        style={Object {}}
      >
        <div
          className="c68"
          onMouseDown={[Function]}
          onMouseUp={[Function]}
          style={Object {}}
          value={
            Array [
              0,
            ]
          }
        >
          <div
            className="c2"
            style={
              Object {
                "backgroundColor": "#e8e8e8",
                "borderBottomLeftRadius": "0.6rem",
                "borderBottomRightRadius": "0.6rem",
                "borderBottomWidth": "0rem",
                "borderLeftWidth": "0rem",
                "borderRightWidth": "0rem",
                "borderTopLeftRadius": "0.6rem",
                "borderTopRightRadius": "0.6rem",
                "borderTopWidth": "0rem",
                "height": "0.6rem",
                "width": "30rem",
              }
            }
            value={
              Array [
                0,
              ]
            }
          >
            <span>
              <span
                className="c69"
                value={
                  Array [
                    0,
                  ]
                }
              >
                <span
                  onMouseEnter={[Function]}
                  onMouseLeave={[Function]}
                >
                  <i
                    className="lugia-icon-financial_smile_o   c40"
                    style={Object {}}
                  />
                </span>
              </span>
            </span>
            <span>
              <span
                className="c41"
                value={
                  Array [
                    0,
                  ]
                }
              >
                <span
                  onMouseEnter={[Function]}
                  onMouseLeave={[Function]}
                >
                  <i
                    className="lugia-icon-financial_sad_o   c40"
                    style={Object {}}
                  />
                </span>
              </span>
            </span>
            <div
              className="c14"
              style={
                Object {
                  "backgroundColor": "#4d63ff",
                }
              }
            />
            <span
              className="c15"
              onMouseDown={[Function]}
              onMouseEnter={[Function]}
              onMouseLeave={[Function]}
              onMouseUp={[Function]}
              style={
                Object {
                  "backgroundColor": "#4d63ff",
                  "height": "1.6rem",
                  "width": "1.6rem",
                }
              }
              value={
                Array [
                  0,
                ]
              }
            >
              
            </span>
          </div>
        </div>
      </div>
    </span>
  </div>
</div>
`;
