// Jest Snapshot v1, https://goo.gl/fbAQLP

exports[`timeLineDemo Component JSON 1`] = `
.c21 {
  -webkit-user-select: none;
  -moz-user-select: none;
  -ms-user-select: none;
  user-select: none;
  cursor: pointer;
  font-size: 1.2rem;
}

.c2 {
  position: relative;
  height: 8.333333333333334em;
  width: 100%;
}

.c8 {
  position: relative;
  height: 3.5000000000000004em;
  width: 100%;
}

.c10 {
  position: relative;
  height: 1.6666666666666667em;
  width: 100%;
}

.c13 {
  position: relative;
  height: 4.500000000000001em;
  width: 100%;
}

.c7 {
  text-align: inherit;
  font-size: 1.4rem;
  max-width: 12.5em;
  overflow: hidden;
  white-space: nowrap;
  color: #333333;
}

.c15 {
  text-align: inherit;
  font-size: 1.4rem;
  max-width: 12.5em;
  overflow: hidden;
  white-space: nowrap;
  line-height: 1.5;
  color: #666666;
}

.c6 {
  position: absolute;
  top: 0;
  text-align: left;
  left: 0;
  margin-left: 2.0833333333333335em;
}

.c17 {
  position: absolute;
  top: 0;
  text-align: right;
  right: 0;
  margin-right: 2.0833333333333335em;
}

.c3 {
  position: relative;
  width: 1.6666666666666667em;
  text-align: center;
}

.c5 {
  position: relative;
  left: 0.8333333333333334em;
  height: 8.333333333333334em;
  border-left: 0.08333333333333334em solid #e8e8e8;
  z-index: 2;
}

.c9 {
  position: relative;
  left: 0.8333333333333334em;
  height: 100%;
  border-left: 0.08333333333333334em solid #e8e8e8;
  z-index: 2;
}

.c11 {
  position: relative;
  left: 0.8333333333333334em;
  height: 1.6666666666666667em;
  border-left: 0.08333333333333334em solid #e8e8e8;
  z-index: 2;
}

.c12 {
  position: relative;
  left: 0.8333333333333334em;
  height: 100%;
  border-left: 0.08333333333333334em solid #e8e8e8;
  display: none;
  z-index: 2;
}

.c14 {
  position: relative;
  left: 0.8333333333333334em;
  height: inherit;
  border-left: 0.08333333333333334em solid #e8e8e8;
  z-index: 2;
}

.c16 {
  position: relative;
  left: 0.8333333333333334em;
  height: inherit;
  border-left: 0.08333333333333334em solid #e8e8e8;
  display: none;
  z-index: 2;
}

.c4 {
  position: absolute;
  background: #4d63ff;
  width: 0.8333333333333334em;
  height: 0.8333333333333334em;
  left: 0.45833333333333337em;
  z-index: 3;
  border-radius: 50%;
  -webkit-transition: all 0.3s linear 0.1s;
  transition: all 0.3s linear 0.1s;
}

.c18 {
  position: absolute;
  background: #56c22d;
  width: 0.8333333333333334em;
  height: 0.8333333333333334em;
  left: 0.45833333333333337em;
  z-index: 3;
  border-radius: 50%;
  -webkit-transition: all 0.3s linear 0.1s;
  transition: all 0.3s linear 0.1s;
}

.c19 {
  position: absolute;
  background: #f22735;
  width: 0.8333333333333334em;
  height: 0.8333333333333334em;
  left: 0.45833333333333337em;
  z-index: 3;
  border-radius: 50%;
  -webkit-transition: all 0.3s linear 0.1s;
  transition: all 0.3s linear 0.1s;
}

.c20 {
  position: absolute;
  -webkit-user-select: none;
  -moz-user-select: none;
  -ms-user-select: none;
  user-select: none;
  text-align: center;
  font-size: 1.4rem;
  background: #ffffff;
  z-index: 1;
  left: 0.2916666666666667em;
  -webkit-animation: rotate 1s linear infinite;
  animation: rotate 1s linear infinite;
}

.c1 {
  height: 25em;
  width: 1.6666666666666667em;
}

.c22 {
  display: inline-block;
  margin-bottom: 0;
  box-sizing: border-box;
  text-align: center;
  touch-action: manipulation;
  cursor: pointer;
  white-space: nowrap;
  line-height: 1;
  font-family: Trebuchet Ms,Arial,Helvetica,sans-serif;
  -webkit-user-select: none;
  -moz-user-select: none;
  -ms-user-select: none;
  user-select: none;
  -webkit-transition: all 0.3s cubic-bezier(0.645,0.045,0.355,1);
  transition: all 0.3s cubic-bezier(0.645,0.045,0.355,1);
  position: relative;
  text-transform: none;
  outline: 0;
  color: #ffffff;
  background-color: #4d63ff;
  border: none;
  padding: 0 1.2857142857142858em;
  font-size: 1.4rem;
  border-radius: 0.28571428571428575em;
}

.c22:hover {
  color: #ffffff;
  border: none;
  background-color: #8090ff;
}

.c22:focus {
  color: #ffffff;
  border: none;
  background-color: #8090ff;
}

.c22:active {
  background-color: #3e4fcc;
}

.c23 {
  display: inline-block;
  line-height: 2.285714285714286em;
}

.c0 {
  text-align: left;
  margin-top: 50px;
  margin-left: 100px;
  display: inline-block;
}

<div>
  <div
    className="c0"
  >
    <p>
       调节高度的 简洁样式
    </p>
    <br />
    <div
      className="c1"
    >
      <div
        className="c2"
        type={[Function]}
      >
        <div
          className="c3"
        >
          <div
            className="c4"
            type={[Function]}
          />
        </div>
        <div
          className="c5"
          type={[Function]}
        />
        <div
          className="c6"
          direction="right"
        >
          <div
            className="c7"
          >
            2018-01-01
             
          </div>
        </div>
      </div>
      <div
        className="c8"
        type={[Function]}
      >
        <div
          className="c3"
        >
          <div
            className="c4"
            type={[Function]}
          />
        </div>
        <div
          className="c9"
          type={[Function]}
        />
        <div
          className="c6"
          direction="right"
        >
          <div
            className="c7"
          >
            2018-01-02
             
          </div>
        </div>
      </div>
      <div
        className="c8"
        type={[Function]}
      >
        <div
          className="c3"
        >
          <div
            className="c4"
            type={[Function]}
          />
        </div>
        <div
          className="c9"
          type={[Function]}
        />
        <div
          className="c6"
          direction="right"
        >
          <div
            className="c7"
          >
            2018-01-03
             
          </div>
        </div>
      </div>
      <div
        className="c10"
        type={[Function]}
      >
        <div
          className="c3"
        >
          <div
            className="c4"
            type={[Function]}
          />
        </div>
        <div
          className="c11"
          type={[Function]}
        />
        <div
          className="c6"
          direction="right"
        >
          <div
            className="c7"
          >
            2018-01-04
             
          </div>
        </div>
      </div>
      <div
        className="c8"
        type={[Function]}
      >
        <div
          className="c3"
        >
          <div
            className="c4"
            type={[Function]}
          />
        </div>
        <div
          className="c12"
          type={[Function]}
        />
        <div
          className="c6"
          direction="right"
        >
          <div
            className="c7"
          >
            2018-01-05
             
          </div>
        </div>
      </div>
    </div>
  </div>
  <div
    className="c0"
  >
    <p>
      有详情描述 简洁样式 
    </p>
    <br />
    <div
      className="c1"
    >
      <div
        className="c13"
        type={[Function]}
      >
        <div
          className="c3"
        >
          <div
            className="c4"
            type={[Function]}
          />
        </div>
        <div
          className="c14"
          type={[Function]}
        />
        <div
          className="c6"
          direction="right"
        >
          <div
            className="c7"
          >
            2018-01-01
             
          </div>
          <div
            className="c15"
          >
            description111
             
          </div>
        </div>
      </div>
      <div
        className="c13"
        type={[Function]}
      >
        <div
          className="c3"
        >
          <div
            className="c4"
            type={[Function]}
          />
        </div>
        <div
          className="c14"
          type={[Function]}
        />
        <div
          className="c6"
          direction="right"
        >
          <div
            className="c7"
          >
            2018-01-02
             
          </div>
          <div
            className="c15"
          >
            description222
             
          </div>
        </div>
      </div>
      <div
        className="c13"
        type={[Function]}
      >
        <div
          className="c3"
        >
          <div
            className="c4"
            type={[Function]}
          />
        </div>
        <div
          className="c14"
          type={[Function]}
        />
        <div
          className="c6"
          direction="right"
        >
          <div
            className="c7"
          >
            2018-01-03
             
          </div>
          <div
            className="c15"
          >
            description333
             
          </div>
        </div>
      </div>
      <div
        className="c13"
        type={[Function]}
      >
        <div
          className="c3"
        >
          <div
            className="c4"
            type={[Function]}
          />
        </div>
        <div
          className="c14"
          type={[Function]}
        />
        <div
          className="c6"
          direction="right"
        >
          <div
            className="c7"
          >
            2018-01-04
             
          </div>
          <div
            className="c15"
          >
            description444
             
          </div>
        </div>
      </div>
      <div
        className="c13"
        type={[Function]}
      >
        <div
          className="c3"
        >
          <div
            className="c4"
            type={[Function]}
          />
        </div>
        <div
          className="c16"
          type={[Function]}
        />
        <div
          className="c6"
          direction="right"
        >
          <div
            className="c7"
          >
            2018-01-05
             
          </div>
          <div
            className="c15"
          >
            description555
             
          </div>
        </div>
      </div>
    </div>
  </div>
  <div
    className="c0"
  >
    <p>
      左右分散排列 简洁样式
    </p>
    <br />
    <div
      className="c1"
    >
      <div
        className="c8"
        type={[Function]}
      >
        <div
          className="c3"
        >
          <div
            className="c4"
            type={[Function]}
          />
        </div>
        <div
          className="c9"
          type={[Function]}
        />
        <div
          className="c17"
          direction="left"
        >
          <div
            className="c7"
          >
            2018-01-01
             
          </div>
        </div>
      </div>
      <div
        className="c8"
        type={[Function]}
      >
        <div
          className="c3"
        >
          <div
            className="c4"
            type={[Function]}
          />
        </div>
        <div
          className="c9"
          type={[Function]}
        />
        <div
          className="c6"
          direction="right"
        >
          <div
            className="c7"
          >
            2018-01-02
             
          </div>
        </div>
      </div>
      <div
        className="c8"
        type={[Function]}
      >
        <div
          className="c3"
        >
          <div
            className="c4"
            type={[Function]}
          />
        </div>
        <div
          className="c9"
          type={[Function]}
        />
        <div
          className="c17"
          direction="left"
        >
          <div
            className="c7"
          >
            2018-01-03
             
          </div>
        </div>
      </div>
      <div
        className="c8"
        type={[Function]}
      >
        <div
          className="c3"
        >
          <div
            className="c4"
            type={[Function]}
          />
        </div>
        <div
          className="c9"
          type={[Function]}
        />
        <div
          className="c6"
          direction="right"
        >
          <div
            className="c7"
          >
            2018-01-04
             
          </div>
        </div>
      </div>
      <div
        className="c8"
        type={[Function]}
      >
        <div
          className="c3"
        >
          <div
            className="c4"
            type={[Function]}
          />
        </div>
        <div
          className="c12"
          type={[Function]}
        />
        <div
          className="c17"
          direction="left"
        >
          <div
            className="c7"
          >
            2018-01-05
             
          </div>
        </div>
      </div>
    </div>
  </div>
  <div
    className="c0"
  >
    <p>
       左右分散排列 有详情描述 简洁样式
    </p>
    <br />
    <div
      className="c1"
    >
      <div
        className="c13"
        type={[Function]}
      >
        <div
          className="c3"
        >
          <div
            className="c4"
            type={[Function]}
          />
        </div>
        <div
          className="c14"
          type={[Function]}
        />
        <div
          className="c17"
          direction="left"
        >
          <div
            className="c7"
          >
            2018-01-01
             
          </div>
          <div
            className="c15"
          >
            description111
             
          </div>
        </div>
      </div>
      <div
        className="c13"
        type={[Function]}
      >
        <div
          className="c3"
        >
          <div
            className="c4"
            type={[Function]}
          />
        </div>
        <div
          className="c14"
          type={[Function]}
        />
        <div
          className="c6"
          direction="right"
        >
          <div
            className="c7"
          >
            2018-01-02
             
          </div>
          <div
            className="c15"
          >
            description222
             
          </div>
        </div>
      </div>
      <div
        className="c13"
        type={[Function]}
      >
        <div
          className="c3"
        >
          <div
            className="c4"
            type={[Function]}
          />
        </div>
        <div
          className="c14"
          type={[Function]}
        />
        <div
          className="c17"
          direction="left"
        >
          <div
            className="c7"
          >
            2018-01-03
             
          </div>
          <div
            className="c15"
          >
            description333
             
          </div>
        </div>
      </div>
      <div
        className="c13"
        type={[Function]}
      >
        <div
          className="c3"
        >
          <div
            className="c4"
            type={[Function]}
          />
        </div>
        <div
          className="c14"
          type={[Function]}
        />
        <div
          className="c6"
          direction="right"
        >
          <div
            className="c7"
          >
            2018-01-04
             
          </div>
          <div
            className="c15"
          >
            description444
             
          </div>
        </div>
      </div>
      <div
        className="c13"
        type={[Function]}
      >
        <div
          className="c3"
        >
          <div
            className="c4"
            type={[Function]}
          />
        </div>
        <div
          className="c16"
          type={[Function]}
        />
        <div
          className="c17"
          direction="left"
        >
          <div
            className="c7"
          >
            2018-01-05
             
          </div>
          <div
            className="c15"
          >
            description555
             
          </div>
        </div>
      </div>
    </div>
  </div>
  <div
    className="c0"
  >
    <p>
      不同状态 简洁样式
    </p>
    <br />
    <div
      className="c1"
    >
      <div
        className="c8"
        type={[Function]}
      >
        <div
          className="c3"
        >
          <div
            className="c18"
            type={[Function]}
          />
        </div>
        <div
          className="c9"
          type={[Function]}
        />
        <div
          className="c6"
          direction="right"
        >
          <div
            className="c7"
          >
            2018-01-01
             
          </div>
        </div>
      </div>
      <div
        className="c8"
        type={[Function]}
      >
        <div
          className="c3"
        >
          <div
            className="c4"
            type={[Function]}
          />
        </div>
        <div
          className="c9"
          type={[Function]}
        />
        <div
          className="c6"
          direction="right"
        >
          <div
            className="c7"
          >
            2018-01-02
             
          </div>
        </div>
      </div>
      <div
        className="c8"
        type={[Function]}
      >
        <div
          className="c3"
        >
          <div
            className="c19"
            type={[Function]}
          />
        </div>
        <div
          className="c9"
          type={[Function]}
        />
        <div
          className="c6"
          direction="right"
        >
          <div
            className="c7"
          >
            2018-01-03
             
          </div>
        </div>
      </div>
      <div
        className="c8"
        type={[Function]}
      >
        <div
          className="c3"
        >
          <div
            className="c4"
            type={[Function]}
          />
        </div>
        <div
          className="c9"
          type={[Function]}
        />
        <div
          className="c6"
          direction="right"
        >
          <div
            className="c7"
          >
            2018-01-04
             
          </div>
        </div>
      </div>
      <div
        className="c8"
        type={[Function]}
      >
        <div
          className="c3"
        >
          <div
            className="c4"
            type={[Function]}
          />
        </div>
        <div
          className="c12"
          type={[Function]}
        />
        <div
          className="c6"
          direction="right"
        >
          <div
            className="c7"
          >
            2018-01-05
             
          </div>
        </div>
      </div>
    </div>
  </div>
  <div
    className="c0"
  >
    <p>
      自定义元素 图标样式 
    </p>
    <br />
    <div
      className="c1"
    >
      <div
        className="c13"
        type={[Function]}
      >
        <div
          className="c3"
        >
          <div
            className="c4"
            type={[Function]}
          />
        </div>
        <div
          className="c14"
          type={[Function]}
        />
        <div
          className="c6"
          direction="right"
        >
          <div
            className="c7"
          >
            2018-01-01
             
          </div>
          <div
            className="c15"
          >
            description111
             
          </div>
        </div>
      </div>
      <div
        className="c13"
        type={[Function]}
      >
        <div
          className="c3"
        >
          <div
            className="c4"
            type={[Function]}
          />
        </div>
        <div
          className="c14"
          type={[Function]}
        />
        <div
          className="c6"
          direction="right"
        >
          <div
            className="c7"
          >
            2018-01-02
             
          </div>
          <div
            className="c15"
          >
            description222
             
          </div>
        </div>
      </div>
      <div
        className="c13"
        type={[Function]}
      >
        <div
          className="c3"
        >
          <div
            className="c4"
            type={[Function]}
          />
        </div>
        <div
          className="c14"
          type={[Function]}
        />
        <div
          className="c6"
          direction="right"
        >
          <div
            className="c7"
          >
            2018-01-03
             
          </div>
          <div
            className="c15"
          >
            description333
             
          </div>
        </div>
      </div>
      <div
        className="c13"
        type={[Function]}
      >
        <div
          className="c3"
        >
          <div
            className="c4"
            type={[Function]}
          />
        </div>
        <div
          className="c14"
          type={[Function]}
        />
        <div
          className="c6"
          direction="right"
        >
          <div
            className="c7"
          >
            2018-01-04
             
          </div>
          <div
            className="c15"
          >
            description444
             
          </div>
        </div>
      </div>
      <div
        className="c13"
        type={[Function]}
      >
        <div
          className="c3"
        >
          <div
            className="c4"
            type={[Function]}
          />
        </div>
        <div
          className="c16"
          type={[Function]}
        />
        <div
          className="c6"
          direction="right"
        >
          <div
            className="c7"
          >
            2018-01-05
             
          </div>
          <div
            className="c15"
          >
            description555
             
          </div>
        </div>
      </div>
    </div>
  </div>
  <div
    className="c0"
  >
    <p>
       默认 幽灵节点样式 
    </p>
    <br />
    <div
      className="c1"
    >
      <div
        className="c13"
        type={[Function]}
      >
        <div
          className="c3"
        >
          <div
            className="c4"
            type={[Function]}
          />
        </div>
        <div
          className="c14"
          type={[Function]}
        />
        <div
          className="c6"
          direction="right"
        >
          <div
            className="c7"
          >
            2018-01-01
             
          </div>
          <div
            className="c15"
          >
            description111
             
          </div>
        </div>
      </div>
      <div
        className="c13"
        type={[Function]}
      >
        <div
          className="c3"
        >
          <div
            className="c4"
            type={[Function]}
          />
        </div>
        <div
          className="c14"
          type={[Function]}
        />
        <div
          className="c6"
          direction="right"
        >
          <div
            className="c7"
          >
            2018-01-02
             
          </div>
          <div
            className="c15"
          >
            description222
             
          </div>
        </div>
      </div>
      <div
        className="c13"
        type={[Function]}
      >
        <div
          className="c3"
        >
          <div
            className="c4"
            type={[Function]}
          />
        </div>
        <div
          className="c14"
          type={[Function]}
        />
        <div
          className="c6"
          direction="right"
        >
          <div
            className="c7"
          >
            2018-01-03
             
          </div>
          <div
            className="c15"
          >
            description333
             
          </div>
        </div>
      </div>
      <div
        className="c13"
        type={[Function]}
      >
        <div
          className="c3"
        >
          <div
            className="c4"
            type={[Function]}
          />
        </div>
        <div
          className="c14"
          type={[Function]}
        />
        <div
          className="c6"
          direction="right"
        >
          <div
            className="c7"
          >
            2018-01-04
             
          </div>
          <div
            className="c15"
          >
            description444
             
          </div>
        </div>
      </div>
      <div
        className="c13"
        type={[Function]}
      >
        <div
          className="c3"
        >
          <i
            className="lugia-icon-financial_loading_o c20 c21"
          />
        </div>
        <div
          className="c16"
          type={[Function]}
        />
        <div
          className="c6"
          direction="right"
        >
          <div
            className="c7"
          >
            2018-01-05
             
          </div>
          <div
            className="c15"
          >
            description555
             
          </div>
        </div>
      </div>
    </div>
  </div>
  <div
    className="c0"
  >
    <p>
      自定义 幽灵节点内容为 Icon 
    </p>
    <br />
    <div
      className="c1"
    >
      <div
        className="c13"
        type={[Function]}
      >
        <div
          className="c3"
        >
          <div
            className="c4"
            type={[Function]}
          />
        </div>
        <div
          className="c14"
          type={[Function]}
        />
        <div
          className="c6"
          direction="right"
        >
          <div
            className="c7"
          >
            2018-01-01
             
          </div>
          <div
            className="c15"
          >
            description111
             
          </div>
        </div>
      </div>
      <div
        className="c13"
        type={[Function]}
      >
        <div
          className="c3"
        >
          <div
            className="c4"
            type={[Function]}
          />
        </div>
        <div
          className="c14"
          type={[Function]}
        />
        <div
          className="c6"
          direction="right"
        >
          <div
            className="c7"
          >
            2018-01-02
             
          </div>
          <div
            className="c15"
          >
            description222
             
          </div>
        </div>
      </div>
      <div
        className="c13"
        type={[Function]}
      >
        <div
          className="c3"
        >
          <div
            className="c4"
            type={[Function]}
          />
        </div>
        <div
          className="c14"
          type={[Function]}
        />
        <div
          className="c6"
          direction="right"
        >
          <div
            className="c7"
          >
            2018-01-03
             
          </div>
          <div
            className="c15"
          >
            description333
             
          </div>
        </div>
      </div>
      <div
        className="c13"
        type={[Function]}
      >
        <div
          className="c3"
        >
          <div
            className="c4"
            type={[Function]}
          />
        </div>
        <div
          className="c14"
          type={[Function]}
        />
        <div
          className="c6"
          direction="right"
        >
          <div
            className="c7"
          >
            2018-01-04
             
          </div>
          <div
            className="c15"
          >
            description444
             
          </div>
        </div>
      </div>
      <div
        className="c13"
        type={[Function]}
      >
        <div
          className="c3"
        >
          <i
            className="lugia-icon-financial_abort  c21"
          />
        </div>
        <div
          className="c16"
          type={[Function]}
        />
        <div
          className="c6"
          direction="right"
        >
          <div
            className="c7"
          >
            2018-01-05
             
          </div>
          <div
            className="c15"
          >
            description555
             
          </div>
        </div>
      </div>
    </div>
  </div>
  <div
    style={
      Object {
        "margin": 30,
      }
    }
  >
    <button
      className="c22"
      onClick={[Function]}
      onMouseDown={[Function]}
      onMouseEnter={[Function]}
      onMouseOut={[Function]}
      onMouseOver={[Function]}
      onMouseUp={[Function]}
      size="default"
      type="primary"
    >
      <span
        className="c23"
        size="default"
        type="primary"
      >
        点击反转
      </span>
    </button>
    <div
      className="c1"
    >
      <div
        className="c13"
        type={[Function]}
      >
        <div
          className="c3"
        >
          <div
            className="c4"
            type={[Function]}
          />
        </div>
        <div
          className="c14"
          type={[Function]}
        />
        <div
          className="c6"
          direction="right"
        >
          <div
            className="c7"
          >
            2018-01-01
             
          </div>
          <div
            className="c15"
          >
            description111
             
          </div>
        </div>
      </div>
      <div
        className="c13"
        type={[Function]}
      >
        <div
          className="c3"
        >
          <div
            className="c4"
            type={[Function]}
          />
        </div>
        <div
          className="c14"
          type={[Function]}
        />
        <div
          className="c6"
          direction="right"
        >
          <div
            className="c7"
          >
            2018-01-02
             
          </div>
          <div
            className="c15"
          >
            description222
             
          </div>
        </div>
      </div>
      <div
        className="c13"
        type={[Function]}
      >
        <div
          className="c3"
        >
          <div
            className="c4"
            type={[Function]}
          />
        </div>
        <div
          className="c14"
          type={[Function]}
        />
        <div
          className="c6"
          direction="right"
        >
          <div
            className="c7"
          >
            2018-01-03
             
          </div>
          <div
            className="c15"
          >
            description333
             
          </div>
        </div>
      </div>
      <div
        className="c13"
        type={[Function]}
      >
        <div
          className="c3"
        >
          <div
            className="c4"
            type={[Function]}
          />
        </div>
        <div
          className="c14"
          type={[Function]}
        />
        <div
          className="c6"
          direction="right"
        >
          <div
            className="c7"
          >
            2018-01-04
             
          </div>
          <div
            className="c15"
          >
            description444
             
          </div>
        </div>
      </div>
      <div
        className="c13"
        type={[Function]}
      >
        <div
          className="c3"
        >
          <div
            className="c4"
            type={[Function]}
          />
        </div>
        <div
          className="c16"
          type={[Function]}
        />
        <div
          className="c6"
          direction="right"
        >
          <div
            className="c7"
          >
            2018-01-05
             
          </div>
          <div
            className="c15"
          >
            description555
             
          </div>
        </div>
      </div>
    </div>
  </div>
</div>
`;
