// Jest Snapshot v1, https://goo.gl/fbAQLP

exports[`Progress css 1`] = `
.c1 {
  width: 100%;
  display: inline-block;
  border-radius: 5rem;
  vertical-align: middle;
  background-color: #e8e8e8;
}

.c2 {
  -webkit-transition: all 0.3s;
  transition: all 0.3s;
  width: 0%;
  border-radius: 5rem;
  position: relative;
  text-align: right;
  box-sizing: border-box;
  background-color: #4d63ff;
  line-height: 1.6rem;
}

.c4 {
  -webkit-transition: all 0.3s;
  transition: all 0.3s;
  width: 30%;
  border-radius: 5rem;
  position: relative;
  text-align: right;
  box-sizing: border-box;
  background-color: #4d63ff;
  line-height: 5rem;
}

.c0 {
  font-size: 1.4rem;
  min-width: 6rem;
  opacity: 1;
}

.c3 {
  text-align: left;
  margin: 0 0.6rem;
  white-space: nowrap;
  word-break: normal;
  color: #fff;
  font-size: 1.4rem;
}

<div>
  <div
    className="c0"
    size="default"
    style={Object {}}
    type="line"
  >
    <div
      className="c1"
      size="default"
      style={Object {}}
    >
      <div
        className="c2"
        size="default"
        style={
          Object {
            "backgroundColor": "#4d63ff",
            "height": "1.6rem",
          }
        }
      >
        <span
          className="c3"
          size="default"
          style={Object {}}
        >
          0%
        </span>
      </div>
    </div>
  </div>
  <br />
  <br />
  <br />
  <div
    className="c0"
    size="default"
    style={Object {}}
    type="line"
  >
    <div
      className="c1"
      size="default"
      style={
        Object {
          "width": "50rem",
        }
      }
    >
      <div
        className="c4"
        size="default"
        style={
          Object {
            "backgroundColor": "#4d63ff",
            "height": "5rem",
            "paddingBottom": "0rem",
            "paddingLeft": "0rem",
            "paddingRight": "5rem",
            "paddingTop": "0rem",
          }
        }
      >
        <span
          className="c3"
          size="default"
          style={Object {}}
        >
          30%
        </span>
      </div>
    </div>
  </div>
</div>
`;
