// Jest Snapshot v1, https://goo.gl/fbAQLP

exports[`Progress css 1`] = `
.c0 {
  width: 12rem;
  height: 12rem;
  position: relative;
  font-size: 1.4rem;
}

.c2 {
  display: block;
  position: absolute;
  width: 100%;
  text-align: center;
  line-height: 1;
  top: 50%;
  -webkit-transform: translateY(-50%);
  -ms-transform: translateY(-50%);
  transform: translateY(-50%);
  left: 0;
  margin: 0;
  color: $lugia-dict.@lugia/lugia-web.blackColor;
  overflow: hidden;
  text-overflow: ellipsis;
  word-break: normal;
  white-space: nowrap;
  font-size: 3.6rem;
  color: #9EA4AE;
}

.c1 {
  width: 100%;
  height: 100%;
}

<div>
  <div
    style={
      Object {
        "border": "1px solid #ccc",
        "height": "100px",
        "width": "200px",
      }
    }
  >
    <div
      className="c0"
      size="default"
      style={
        Object {
          "height": "100%",
          "width": "100%",
        }
      }
    >
      <svg
        className="c1"
      >
        <circle
          cx={0}
          cy={0}
          fill="none"
          r={-5}
          stroke="#ebecf0"
          strokeWidth={10}
        />
        <circle
          cx={0}
          cy={0}
          fill="none"
          r={-5}
          stroke="#4d63ff"
          strokeDasharray="-9.42477796076938 -31.41592653589793"
          strokeLinecap="round"
          strokeWidth={10}
          style={
            Object {
              "transition": "all .3s",
            }
          }
          transform="matrix(0,-1,1,0,0,0)"
        />
      </svg>
      <span
        className="c2"
        size="default"
        style={
          Object {
            "color": "#363B40",
          }
        }
      >
        30%
      </span>
    </div>
  </div>
</div>
`;
