// Jest Snapshot v1, https://goo.gl/fbAQLP

exports[`ContentBox default visible: false, children: 1 1`] = `
.c0 {
  display: inherit;
  position: absolute;
  left: -9999px;
  top: -9999px;
  z-index: 1051;
}

<div>
  <div
    className="c0"
    onMouseEnter={undefined}
    onMouseLeave={undefined}
  >
    <span>
      a
    </span>
  </div>
</div>
`;
