// Jest Snapshot v1, https://goo.gl/fbAQLP

exports[`tabsDemo Component JSON 1`] = `
.c4 {
  position: relative;
  cursor: pointer;
  white-space: nowrap;
  padding: 0 20px;
  display: inline-block;
  text-align: center;
}

.c4 > div::before {
  content: '';
  background: #4d63ff;
  border-radius: 2px;
  position: absolute;
  bottom: 0px;
  width: 100%;
  height: 2px;
  left: 50%;
  -webkit-animation: gaMprO 0.2s linear forwards;
  animation: gaMprO 0.2s linear forwards;
  -webkit-transform: translateX(-50%);
  -ms-transform: translateX(-50%);
  transform: translateX(-50%);
}

.c6 {
  position: relative;
  cursor: pointer;
  white-space: nowrap;
  padding: 0 20px;
  display: inline-block;
  text-align: center;
}

.c5 {
  position: relative;
  box-sizing: border-box;
  -webkit-user-select: none;
  -moz-user-select: none;
  -ms-user-select: none;
  user-select: none;
  width: 100%;
  display: -webkit-box;
  display: -webkit-flex;
  display: -ms-flexbox;
  display: flex;
  -webkit-align-items: center;
  -webkit-box-align: center;
  -ms-flex-align: center;
  align-items: center;
  line-height: 4.2rem;
  height: 4.2rem;
}

.c5 > * {
  max-width: 100%;
}

.c2 {
  width: 100%;
  white-space: nowrap;
  overflow: hidden;
  float: left;
}

.c3 {
  display: inline-block;
  box-sizing: border-box;
  white-space: nowrap;
  -webkit-transition: all 0.5s;
  transition: all 0.5s;
  min-width: 100%;
  -webkit-transform: translateX(0rem);
  -ms-transform: translateX(0rem);
  transform: translateX(0rem);
}

.c1 {
  position: relative;
  z-index: 99;
  overflow: hidden;
  display: -webkit-box;
  display: -webkit-flex;
  display: -ms-flexbox;
  display: flex;
  -webkit-align-items: center;
  -webkit-box-align: center;
  -ms-flex-align: center;
  align-items: center;
  text-align: left;
}

.c1::before {
  content: '';
  position: absolute;
  bottom: 0;
  height: 1px;
  background-color: #e8e8e8;
  left: 0;
  width: 100%;
}

.c7 {
  position: relative;
  background: #fff;
  min-width: 100px;
  -webkit-flex: 1;
  -ms-flex: 1;
  flex: 1;
  text-align: left;
}

.c0 {
  -webkit-box-sizing: border-box;
  box-sizing: border-box;
  position: relative;
  min-height: 100%;
  display: -webkit-box;
  display: -webkit-flex;
  display: -ms-flexbox;
  display: flex;
  -webkit-flex-direction: column;
  -ms-flex-direction: column;
  flex-direction: column;
}

<div
  className="OutContainer  c0"
  style={Object {}}
>
  <div
    className="c1"
    style={
      Object {
        "backgroundColor": "#fff",
      }
    }
  >
    <div
      className="c2"
      style={Object {}}
    >
      <div
        className="c3"
        style={Object {}}
        x={-0}
      >
        <div
          className="c4"
          disabled={false}
          onClick={[Function]}
          onMouseEnter={[Function]}
          onMouseLeave={[Function]}
          style={
            Object {
              "color": "#4d63ff",
            }
          }
        >
          <div
            className="lineTitle  c5"
            disabled={false}
            style={
              Object {
                "lineHeight": "3.4rem",
              }
            }
          >
            Tab1
          </div>
        </div>
        <div
          className="c6"
          disabled={false}
          onClick={[Function]}
          onMouseEnter={[Function]}
          onMouseLeave={[Function]}
          style={Object {}}
        >
          <div
            className="lineTitle  c5"
            disabled={false}
            style={
              Object {
                "lineHeight": "3.4rem",
              }
            }
          >
            Tab2
          </div>
        </div>
        <div
          className="c6"
          disabled={false}
          onClick={[Function]}
          onMouseEnter={[Function]}
          onMouseLeave={[Function]}
          style={Object {}}
        >
          <div
            className="lineTitle  c5"
            disabled={false}
            style={
              Object {
                "lineHeight": "3.4rem",
              }
            }
          >
            Tab3
          </div>
        </div>
      </div>
    </div>
  </div>
  <div
    className="c7"
    style={Object {}}
  />
</div>
`;
