// Jest Snapshot v1, https://goo.gl/fbAQLP

exports[`tabsDemo Component JSON 1`] = `
.c5 {
  -webkit-user-select: none;
  -moz-user-select: none;
  -ms-user-select: none;
  user-select: none;
  cursor: pointer;
}

.c22 {
  position: relative;
  cursor: pointer;
  white-space: nowrap;
  text-align: right;
  padding: 0 0.8333333333333334em;
  display: block;
}

.c22:hover > div {
  color: #684fff;
}

.c30 {
  position: relative;
  cursor: pointer;
  white-space: nowrap;
  text-align: left;
  padding: 0 0.8333333333333334em;
  display: block;
}

.c30:hover > div {
  color: #684fff;
}

.c8 {
  position: relative;
  cursor: pointer;
  white-space: nowrap;
  display: inline-block;
  padding: 0 1.6666666666666667em 0 1.6666666666666667em;
  line-height: 2.5em;
  box-shadow: 0 0 0.5em none;
  border-top-left-radius: 0;
  border-top-right-radius: 0;
  background: none;
  z-index: 5;
}

.c8:hover > div {
  color: #684fff;
}

.c8:hover > span > i:first-child {
  color: #684fff;
}

.c37 {
  position: relative;
  cursor: pointer;
  white-space: nowrap;
  display: inline-block;
  padding: 0 0.8333333333333334em 0.16666666666666669em 1.6666666666666667em;
  line-height: 2.5em;
  box-shadow: 0 0 0.5em none;
  border-top-left-radius: 0.33333333333333337em;
  border-top-right-radius: 0.33333333333333337em;
  background: white;
  border: 0.08333333333333334em solid #e8e8e8;
  margin-right: 0.33333333333333337em;
  z-index: 5;
}

.c37:hover > div {
  -webkit-transform: translateX(-0.8333333333333334em);
  -ms-transform: translateX(-0.8333333333333334em);
  transform: translateX(-0.8333333333333334em);
  -webkit-transition: all 0.5s;
  transition: all 0.5s;
  color: #684fff;
}

.c37:hover > span > i:first-child {
  color: none;
}

.c40 {
  position: relative;
  cursor: pointer;
  white-space: nowrap;
  display: inline-block;
  padding: 0 0.8333333333333334em 0 1.6666666666666667em;
  line-height: 2.5em;
  box-shadow: 0 0 0.5em none;
  border-top-left-radius: 0.33333333333333337em;
  border-top-right-radius: 0.33333333333333337em;
  background: #f8f8f8;
  border: 0.08333333333333334em solid #e8e8e8;
  margin-right: 0.33333333333333337em;
  z-index: 5;
}

.c40:hover > div {
  -webkit-transform: translateX(-0.8333333333333334em);
  -ms-transform: translateX(-0.8333333333333334em);
  transform: translateX(-0.8333333333333334em);
  -webkit-transition: all 0.5s;
  transition: all 0.5s;
  color: #684fff;
}

.c40:hover > span > i:first-child {
  color: none;
}

.c47 {
  position: relative;
  cursor: pointer;
  white-space: nowrap;
  display: inline-block;
  padding: 0 0.8333333333333334em 0 1.6666666666666667em;
  line-height: 2.5em;
  box-shadow: 0 0 0.5em rgba(104,79,255,0.2);
  border-top-left-radius: 0.33333333333333337em;
  border-top-right-radius: 0.33333333333333337em;
  bottom: -0.5em;
  left: 0.5em;
  background: white;
  z-index: 5;
}

.c47:hover > div {
  color: #684fff;
}

.c47:hover > span > i:first-child {
  color: none;
}

.c50 {
  position: relative;
  cursor: pointer;
  white-space: nowrap;
  display: inline-block;
  padding: 0 0.8333333333333334em 0 1.6666666666666667em;
  line-height: 2.5em;
  box-shadow: 0 0 0.5em none;
  border-top-left-radius: 0;
  border-top-right-radius: 0;
  bottom: -0.5em;
  left: 0.5em;
  background: none;
  z-index: 5;
}

.c50:hover > div {
  color: #684fff;
}

.c50:hover > span > i:first-child {
  color: none;
}

.c11 {
  color: #684fff;
  position: relative;
  display: inline-block;
  box-sizing: border-box;
  -webkit-user-select: none;
  -moz-user-select: none;
  -ms-user-select: none;
  user-select: none;
  text-align: left;
  padding: 0 0em 0 0.8333333333333334em;
  height: 2.666666666666667em;
  line-height: 2.666666666666667em;
}

.c11:focus {
  color: #684fff;
}

.c13 {
  color: none;
  position: relative;
  display: inline-block;
  box-sizing: border-box;
  -webkit-user-select: none;
  -moz-user-select: none;
  -ms-user-select: none;
  user-select: none;
  text-align: left;
  padding: 0 0em 0 0.8333333333333334em;
  height: 2.666666666666667em;
  line-height: 2.666666666666667em;
}

.c13:focus {
  color: #684fff;
}

.c23 {
  color: #684fff;
  position: relative;
  display: inline-block;
  box-sizing: border-box;
  -webkit-user-select: none;
  -moz-user-select: none;
  -ms-user-select: none;
  user-select: none;
  text-align: left;
  padding: 0 0em 0 0em;
  height: 2.666666666666667em;
  line-height: 2.666666666666667em;
}

.c23:focus {
  color: #684fff;
}

.c24 {
  color: none;
  position: relative;
  display: inline-block;
  box-sizing: border-box;
  -webkit-user-select: none;
  -moz-user-select: none;
  -ms-user-select: none;
  user-select: none;
  text-align: left;
  padding: 0 0em 0 0em;
  height: 2.666666666666667em;
  line-height: 2.666666666666667em;
}

.c24:focus {
  color: #684fff;
}

.c48 {
  color: #684fff;
  position: relative;
  display: inline-block;
  box-sizing: border-box;
  -webkit-user-select: none;
  -moz-user-select: none;
  -ms-user-select: none;
  user-select: none;
  text-align: left;
  padding: 0 0.8333333333333334em 0 0em;
  height: 2.666666666666667em;
  line-height: 2.666666666666667em;
}

.c48:focus {
  color: #684fff;
}

.c51 {
  color: none;
  position: relative;
  display: inline-block;
  box-sizing: border-box;
  -webkit-user-select: none;
  -moz-user-select: none;
  -ms-user-select: none;
  user-select: none;
  text-align: left;
  padding: 0 0.8333333333333334em 0 0em;
  height: 2.666666666666667em;
  line-height: 2.666666666666667em;
}

.c51:focus {
  color: #684fff;
}

.c10 {
  color: #684fff;
  display: inline-block;
}

.c12 {
  color: none;
  display: inline-block;
}

.c9 {
  display: inline-block;
  height: 1em;
  width: 1em;
}

.c38 {
  opacity: 0;
  -webkit-transition: all 0.3s linear 0.1s;
  transition: all 0.3s linear 0.1s;
  z-index: 2;
  display: inline-block;
}

.c49 {
  opacity: 1;
  -webkit-transition: all 0.3s linear 0.1s;
  transition: all 0.3s linear 0.1s;
  z-index: 2;
  display: inline-block;
}

.c39 {
  font-size: 1rem;
}

.c39:hover {
  color: #999999;
}

.c14 {
  background-color: blue;
  position: absolute;
  box-sizing: border-box;
  z-index: 3;
  border-radius: 0.16666666666666669em;
  height: 0.16666666666666669em;
  width: 8.333333333333334em;
  bottom: 0;
  -webkit-transform: translateX(1.6666666666666667em);
  -ms-transform: translateX(1.6666666666666667em);
  transform: translateX(1.6666666666666667em);
  -webkit-transition: all 0.3s;
  transition: all 0.3s;
}

.c33 {
  background-color: blue;
  position: absolute;
  box-sizing: border-box;
  z-index: 3;
  border-radius: 0.16666666666666669em;
  height: 0.16666666666666669em;
  width: 8.333333333333334em;
  top: 0;
  -webkit-transform: translateX(1.6666666666666667em);
  -ms-transform: translateX(1.6666666666666667em);
  transform: translateX(1.6666666666666667em);
  -webkit-transition: all 0.3s;
  transition: all 0.3s;
}

.c56 {
  width: 100%;
  position: absolute;
  bottom: -1px;
  height: 0.08333333333333334em;
  z-index: -1;
  box-shadow: 0 -0.16666666666666669em 0.5em rgba(104,79,255,0.2);
}

.c21 {
  background-color: blue;
  position: absolute;
  box-sizing: border-box;
  z-index: 3;
  border-radius: 0.16666666666666669em;
  height: 2.666666666666667em;
  width: 0.16666666666666669em;
  -webkit-transform: translateY(0%);
  -ms-transform: translateY(0%);
  transform: translateY(0%);
  -webkit-transition: all 0.3s;
  transition: all 0.3s;
  right: 0;
}

.c29 {
  background-color: blue;
  position: absolute;
  box-sizing: border-box;
  z-index: 3;
  border-radius: 0.16666666666666669em;
  height: 2.666666666666667em;
  width: 0.16666666666666669em;
  -webkit-transform: translateY(0%);
  -ms-transform: translateY(0%);
  transform: translateY(0%);
  -webkit-transition: all 0.3s;
  transition: all 0.3s;
  left: 0;
}

.c35 {
  background-color: blue;
  position: absolute;
  box-sizing: border-box;
  z-index: 3;
  border-radius: 0.16666666666666669em;
  height: 2.666666666666667em;
  width: 0.16666666666666669em;
  -webkit-transform: translateY(100%);
  -ms-transform: translateY(100%);
  transform: translateY(100%);
  -webkit-transition: all 0.3s;
  transition: all 0.3s;
  right: 0;
}

.c36 {
  background-color: blue;
  position: absolute;
  box-sizing: border-box;
  z-index: 3;
  border-radius: 0.16666666666666669em;
  height: 2.666666666666667em;
  width: 0.16666666666666669em;
  -webkit-transform: translateY(200%);
  -ms-transform: translateY(200%);
  transform: translateY(200%);
  -webkit-transition: all 0.3s;
  transition: all 0.3s;
  left: 0;
}

.c3 {
  position: absolute;
  font-size: 1.2rem;
  display: none;
  z-index: 5;
  -webkit-transform: translateY(-50%);
  -ms-transform: translateY(-50%);
  transform: translateY(-50%);
  line-height: 100%;
  top: 50%;
  left: 0.8333333333333334em;
}

.c45 {
  position: absolute;
  font-size: 1.2rem;
  display: none;
  z-index: 5;
  -webkit-transform: translateY(-50%);
  -ms-transform: translateY(-50%);
  transform: translateY(-50%);
  line-height: 100%;
  top: 2em;
  left: 0.8333333333333334em;
}

.c15 {
  position: absolute;
  font-size: 1.2rem;
  display: none;
  z-index: 5;
  -webkit-transform: translateY(-50%);
  -ms-transform: translateY(-50%);
  transform: translateY(-50%);
  line-height: 100%;
  top: 50%;
  right: 0.8333333333333334em;
}

.c55 {
  position: absolute;
  font-size: 1.2rem;
  display: none;
  z-index: 5;
  -webkit-transform: translateY(-50%);
  -ms-transform: translateY(-50%);
  transform: translateY(-50%);
  line-height: 100%;
  top: 2em;
  right: 0.8333333333333334em;
}

.c18 {
  position: absolute;
  font-size: 1.2rem;
  display: none;
  z-index: 5;
  width: 100%;
  text-align: center;
  height: 2em;
  top: 1em;
}

.c25 {
  position: absolute;
  font-size: 1.2rem;
  display: none;
  z-index: 5;
  width: 100%;
  text-align: center;
  height: 2em;
  -webkit-transform: translateX(-100%);
  -ms-transform: translateX(-100%);
  transform: translateX(-100%);
  bottom: -0.5em;
}

.c1 {
  -webkit-box-sizing: border-box;
  box-sizing: border-box;
  position: relative;
  width: 41.66666666666667em;
  height: 16.666666666666668em;
}

.c6 {
  width: 100%;
  display: inline-block;
  white-space: nowrap;
  overflow: hidden;
}

.c42 {
  position: relative;
  background: #eeeeee;
  border: 0.08333333333333334em solid #e8e8e8;
  border-radius: 0.33333333333333337em;
  width: 1.5em;
  height: 1.5em;
}

.c42:focus {
  background: #dddddd;
}

.c53 {
  position: relative;
  background: #eeeeee;
  border-radius: 50%;
  top: 0.5833333333333334em;
  width: 1.5em;
  height: 1.5em;
}

.c53:focus {
  background: #dddddd;
}

.c41 {
  position: relative;
  text-align: center;
  display: inline-block;
  height: 2.8333333333333335em;
  line-height: 2.8333333333333335em;
}

.c52 {
  position: relative;
  text-align: center;
  top: 0.5833333333333334em;
  right: -0.8333333333333334em;
  display: inline-block;
  height: 3.1666666666666665em;
  line-height: 3.1666666666666665em;
}

.c43 {
  position: relative;
  -webkit-transition: all 0.3s linear 0.1s;
  transition: all 0.3s linear 0.1s;
  font-size: 1rem;
  bottom: -25%;
  opacity: 0;
  display: block !important;
}

.c54 {
  position: relative;
  -webkit-transition: all 0.3s linear 0.1s;
  transition: all 0.3s linear 0.1s;
  font-size: 1rem;
  bottom: 0.8333333333333334em;
  opacity: 1;
  display: inline-blick;
}

.c7 {
  height: 2.8333333333333335em;
  display: inline-block;
  box-sizing: border-box;
  white-space: nowrap;
  -webkit-transition: all 0.5s;
  transition: all 0.5s;
  -webkit-transform: translateX(0em);
  -ms-transform: translateX(0em);
  transform: translateX(0em);
}

.c46 {
  height: 3.1666666666666665em;
  display: inline-block;
  box-sizing: border-box;
  white-space: nowrap;
  -webkit-transition: all 0.5s;
  transition: all 0.5s;
  -webkit-transform: translateX(0em);
  -ms-transform: translateX(0em);
  transform: translateX(0em);
}

.c19 {
  height: 100%;
  box-sizing: border-box;
  white-space: nowrap;
  display: inline-block;
  overflow: hidden;
}

.c20 {
  display: inline-block;
  box-sizing: border-box;
  white-space: nowrap;
  -webkit-transition: all 0.5s;
  transition: all 0.5s;
  -webkit-transform: translateY(NaNem);
  -ms-transform: translateY(NaNem);
  transform: translateY(NaNem);
}

.c2 {
  height: 2.8333333333333335em;
  line-height: 2.8333333333333335em;
  position: relative;
  border-bottom: 0.08333333333333334em solid #e8e8e8;
  background: none;
  padding: 0 2em;
  margin: 1.6666666666666667em 0;
  z-index: 99;
}

.c32 {
  height: 2.8333333333333335em;
  line-height: 2.8333333333333335em;
  position: relative;
  border-top: 0.08333333333333334em solid #e8e8e8;
  background: none;
  padding: 0 2em;
  margin: 1.6666666666666667em 0;
  z-index: 99;
}

.c44 {
  height: 3.1666666666666665em;
  line-height: 3.1666666666666665em;
  position: relative;
  background: #f8f8f8;
  padding: 0 2em;
  margin: 1.6666666666666667em 0;
  z-index: 99;
}

.c17 {
  color: none;
  border-right: 0.08333333333333334em solid #e8e8e8;
  display: inline-block;
  position: relative;
  padding: 2em 0;
  box-sizing: border-box;
  white-space: nowrap;
  overflow: hidden;
  height: 100%;
  margin: 0 1.6666666666666667em;
}

.c28 {
  color: none;
  border-left: 0.08333333333333334em solid #e8e8e8;
  display: inline-block;
  position: relative;
  padding: 2em 0;
  box-sizing: border-box;
  white-space: nowrap;
  overflow: hidden;
  height: 100%;
  margin: 0 1.6666666666666667em;
}

.c16 {
  position: absolute;
  display: inline-block;
  overflow: hidden;
}

.c26 {
  position: absolute;
  display: inline-block;
  overflow: hidden;
  top: 0em;
}

.c31 {
  position: absolute;
  display: inline-block;
  overflow: hidden;
  left: 0em;
}

.c34 {
  position: absolute;
  display: inline-block;
  overflow: hidden;
  top: -1.6666666666666667em;
}

.c4 {
  display: inline-block;
  font-style: normal;
  text-align: center;
  font-size: 1rem;
}

.c0 {
  text-align: left;
  margin: 50px;
}

.c27 {
  margin: 50px;
  text-align: right;
}

<div>
  <div
    className="c0"
  >
    <p>
      children tabPosition=top
    </p>
    <div
      className="c1"
    >
      <div
        className="c2"
      >
        <span
          className="c3"
          onClick={[Function]}
        >
          <i
            className="lugia-icon-direction_Left c4 c5"
          />
        </span>
        <div
          className="c6"
        >
          <div
            className="c7"
            x={0}
          >
            <div
              className="c8"
              onClick={[Function]}
              onMouseEnter={[Function]}
              onMouseLeave={[Function]}
            >
              <span
                className="c9"
              >
                <i
                  className="lugia-icon-financial_archive c10 c5"
                />
              </span>
              <div
                className="c11"
              >
                1111111111
              </div>
            </div>
            <div
              className="c8"
              onClick={[Function]}
              onMouseEnter={[Function]}
              onMouseLeave={[Function]}
            >
              <span
                className="c9"
              >
                <i
                  className="lugia-icon-financial_archive c12 c5"
                />
              </span>
              <div
                className="c13"
              >
                22222222222
              </div>
            </div>
            <div
              className="c8"
              onClick={[Function]}
              onMouseEnter={[Function]}
              onMouseLeave={[Function]}
            >
              <span
                className="c9"
              >
                <i
                  className="lugia-icon-financial_archive c12 c5"
                />
              </span>
              <div
                className="c13"
              >
                3333333
              </div>
            </div>
            <div
              className="c8"
              onClick={[Function]}
              onMouseEnter={[Function]}
              onMouseLeave={[Function]}
            >
              <span
                className="c9"
              >
                <i
                  className="lugia-icon-financial_archive c12 c5"
                />
              </span>
              <div
                className="c13"
              >
                44444444
              </div>
            </div>
            <div
              className="c8"
              onClick={[Function]}
              onMouseEnter={[Function]}
              onMouseLeave={[Function]}
            >
              <span
                className="c9"
              >
                <i
                  className="lugia-icon-financial_archive c12 c5"
                />
              </span>
              <div
                className="c13"
              >
                55555
              </div>
            </div>
            <div
              className="c8"
              onClick={[Function]}
              onMouseEnter={[Function]}
              onMouseLeave={[Function]}
            >
              <span
                className="c9"
              >
                <i
                  className="lugia-icon-financial_archive c12 c5"
                />
              </span>
              <div
                className="c13"
              >
                666666
              </div>
            </div>
            <div
              className="c8"
              onClick={[Function]}
              onMouseEnter={[Function]}
              onMouseLeave={[Function]}
            >
              <span
                className="c9"
              >
                <i
                  className="lugia-icon-financial_archive c12 c5"
                />
              </span>
              <div
                className="c13"
              >
                7777777
              </div>
            </div>
            <div
              className="c8"
              onClick={[Function]}
              onMouseEnter={[Function]}
              onMouseLeave={[Function]}
            >
              <span
                className="c9"
              >
                <i
                  className="lugia-icon-financial_archive c12 c5"
                />
              </span>
              <div
                className="c13"
              >
                88888
              </div>
            </div>
            <div
              className="c14"
              x={20}
            />
          </div>
        </div>
        <span
          className="c15"
          onClick={[Function]}
        >
          <i
            className="lugia-icon-direction_right c4 c5"
          />
        </span>
      </div>
      <div
        className="c16"
      >
        1111
      </div>
    </div>
  </div>
  <div
    className="c0"
  >
    <p>
      children tabPosition=left
    </p>
    <div
      className="c1"
    >
      <div
        className="c17"
      >
        <span
          className="c18"
          onClick={[Function]}
        >
          <i
            className="lugia-icon-direction_up c4 c5"
          />
        </span>
        <div
          className="c19"
        >
          <div
            className="c20"
            y={NaN}
          >
            <div
              className="c21"
              y={0}
            />
            <div
              className="c22"
              onClick={[Function]}
            >
              <div
                className="c23"
              >
                11111
              </div>
            </div>
            <div
              className="c22"
              onClick={[Function]}
            >
              <div
                className="c24"
              >
                2222
              </div>
            </div>
            <div
              className="c22"
              onClick={[Function]}
            >
              <div
                className="c24"
              >
                3333
              </div>
            </div>
            <div
              className="c22"
              onClick={[Function]}
            >
              <div
                className="c24"
              >
                44444
              </div>
            </div>
            <div
              className="c22"
              onClick={[Function]}
            >
              <div
                className="c24"
              >
                555555
              </div>
            </div>
            <div
              className="c22"
              onClick={[Function]}
            >
              <div
                className="c24"
              >
                666666
              </div>
            </div>
            <div
              className="c22"
              onClick={[Function]}
            >
              <div
                className="c24"
              >
                7777777
              </div>
            </div>
            <div
              className="c22"
              onClick={[Function]}
            >
              <div
                className="c24"
              >
                8888888
              </div>
            </div>
            <div
              className="c22"
              onClick={[Function]}
            >
              <div
                className="c24"
              >
                999999
              </div>
            </div>
            <div
              className="c22"
              onClick={[Function]}
            >
              <div
                className="c24"
              >
                10101010
              </div>
            </div>
            <div
              className="c22"
              onClick={[Function]}
            >
              <div
                className="c24"
              >
                1111111
              </div>
            </div>
            <div
              className="c22"
              onClick={[Function]}
            >
              <div
                className="c24"
              >
                12121212
              </div>
            </div>
            <div
              className="c22"
              onClick={[Function]}
            >
              <div
                className="c24"
              >
                131313
              </div>
            </div>
          </div>
        </div>
        <span
          className="c25"
          onClick={[Function]}
        >
          <i
            className="lugia-icon-direction_down c4 c5"
          />
        </span>
      </div>
      <div
        className="c26"
      >
        1111
      </div>
    </div>
  </div>
  <p>
    children tabPosition=right
  </p>
  <div
    className="c27"
  >
    <div
      className="c1"
    >
      <div
        className="c28"
      >
        <span
          className="c18"
          onClick={[Function]}
        >
          <i
            className="lugia-icon-direction_up c4 c5"
          />
        </span>
        <div
          className="c19"
        >
          <div
            className="c20"
            y={NaN}
          >
            <div
              className="c29"
              y={0}
            />
            <div
              className="c30"
              onClick={[Function]}
            >
              <div
                className="c23"
              >
                11111
              </div>
            </div>
            <div
              className="c30"
              onClick={[Function]}
            >
              <div
                className="c24"
              >
                2222
              </div>
            </div>
            <div
              className="c30"
              onClick={[Function]}
            >
              <div
                className="c24"
              >
                3333
              </div>
            </div>
          </div>
        </div>
        <span
          className="c25"
          onClick={[Function]}
        >
          <i
            className="lugia-icon-direction_down c4 c5"
          />
        </span>
      </div>
      <div
        className="c31"
      >
        11111111111111111111111111
      </div>
    </div>
  </div>
  <div
    className="c0"
  >
    <div
      className="c1"
    >
      <div
        className="c32"
      >
        <span
          className="c3"
          onClick={[Function]}
        >
          <i
            className="lugia-icon-direction_Left c4 c5"
          />
        </span>
        <div
          className="c6"
        >
          <div
            className="c7"
            x={0}
          >
            <div
              className="c8"
              onClick={[Function]}
              onMouseEnter={[Function]}
              onMouseLeave={[Function]}
            >
              <div
                className="c23"
              >
                11111
              </div>
            </div>
            <div
              className="c8"
              onClick={[Function]}
              onMouseEnter={[Function]}
              onMouseLeave={[Function]}
            >
              <div
                className="c24"
              >
                2222
              </div>
            </div>
            <div
              className="c8"
              onClick={[Function]}
              onMouseEnter={[Function]}
              onMouseLeave={[Function]}
            >
              <div
                className="c24"
              >
                3333
              </div>
            </div>
            <div
              className="c8"
              onClick={[Function]}
              onMouseEnter={[Function]}
              onMouseLeave={[Function]}
            >
              <div
                className="c24"
              >
                4444
              </div>
            </div>
            <div
              className="c8"
              onClick={[Function]}
              onMouseEnter={[Function]}
              onMouseLeave={[Function]}
            >
              <div
                className="c24"
              >
                555555
              </div>
            </div>
            <div
              className="c8"
              onClick={[Function]}
              onMouseEnter={[Function]}
              onMouseLeave={[Function]}
            >
              <div
                className="c24"
              >
                666666
              </div>
            </div>
            <div
              className="c33"
              x={20}
            />
          </div>
        </div>
        <span
          className="c15"
          onClick={[Function]}
        >
          <i
            className="lugia-icon-direction_right c4 c5"
          />
        </span>
      </div>
      <div
        className="c34"
      >
        11111111111111111111111111
      </div>
    </div>
  </div>
  <div
    className="c0"
  >
    <p>
      data tabPosition=top
    </p>
    <div
      className="c1"
    >
      <div
        className="c2"
      >
        <span
          className="c3"
          onClick={[Function]}
        >
          <i
            className="lugia-icon-direction_Left c4 c5"
          />
        </span>
        <div
          className="c6"
        >
          <div
            className="c7"
            x={0}
          >
            <div
              className="c8"
              onClick={[Function]}
              onMouseEnter={[Function]}
              onMouseLeave={[Function]}
            >
              <span
                className="c9"
              >
                <i
                  className="lugia-icon-financial_archive c10 c5"
                />
              </span>
              <div
                className="c11"
              >
                1111111111
              </div>
            </div>
            <div
              className="c8"
              onClick={[Function]}
              onMouseEnter={[Function]}
              onMouseLeave={[Function]}
            >
              <span
                className="c9"
              >
                <i
                  className="lugia-icon-financial_archive c12 c5"
                />
              </span>
              <div
                className="c13"
              >
                22222222222
              </div>
            </div>
            <div
              className="c8"
              onClick={[Function]}
              onMouseEnter={[Function]}
              onMouseLeave={[Function]}
            >
              <span
                className="c9"
              >
                <i
                  className="lugia-icon-financial_archive c12 c5"
                />
              </span>
              <div
                className="c13"
              >
                3333333
              </div>
            </div>
            <div
              className="c8"
              onClick={[Function]}
              onMouseEnter={[Function]}
              onMouseLeave={[Function]}
            >
              <span
                className="c9"
              >
                <i
                  className="lugia-icon-financial_archive c12 c5"
                />
              </span>
              <div
                className="c13"
              >
                44444444
              </div>
            </div>
            <div
              className="c8"
              onClick={[Function]}
              onMouseEnter={[Function]}
              onMouseLeave={[Function]}
            >
              <span
                className="c9"
              >
                <i
                  className="lugia-icon-financial_archive c12 c5"
                />
              </span>
              <div
                className="c13"
              >
                55555
              </div>
            </div>
            <div
              className="c8"
              onClick={[Function]}
              onMouseEnter={[Function]}
              onMouseLeave={[Function]}
            >
              <span
                className="c9"
              >
                <i
                  className="lugia-icon-financial_archive c12 c5"
                />
              </span>
              <div
                className="c13"
              >
                666666
              </div>
            </div>
            <div
              className="c8"
              onClick={[Function]}
              onMouseEnter={[Function]}
              onMouseLeave={[Function]}
            >
              <span
                className="c9"
              >
                <i
                  className="lugia-icon-financial_archive c12 c5"
                />
              </span>
              <div
                className="c13"
              >
                7777777
              </div>
            </div>
            <div
              className="c8"
              onClick={[Function]}
              onMouseEnter={[Function]}
              onMouseLeave={[Function]}
            >
              <span
                className="c9"
              >
                <i
                  className="lugia-icon-financial_archive c12 c5"
                />
              </span>
              <div
                className="c13"
              >
                88888
              </div>
            </div>
            <div
              className="c14"
              x={20}
            />
          </div>
        </div>
        <span
          className="c15"
          onClick={[Function]}
        >
          <i
            className="lugia-icon-direction_right c4 c5"
          />
        </span>
      </div>
      <div
        className="c16"
      >
        1111
      </div>
    </div>
  </div>
  <br />
  <div
    className="c0"
  >
    <p>
      data tabPosition=left
    </p>
    <div
      className="c1"
    >
      <div
        className="c17"
      >
        <span
          className="c18"
          onClick={[Function]}
        >
          <i
            className="lugia-icon-direction_up c4 c5"
          />
        </span>
        <div
          className="c19"
        >
          <div
            className="c20"
            y={NaN}
          >
            <div
              className="c35"
              y={100}
            />
            <div
              className="c22"
              onClick={[Function]}
            >
              <div
                className="c24"
              >
                1111
              </div>
            </div>
            <div
              className="c22"
              onClick={[Function]}
            >
              <div
                className="c23"
              >
                222222
              </div>
            </div>
            <div
              className="c22"
              onClick={[Function]}
            >
              <div
                className="c24"
              >
                3333
              </div>
            </div>
            <div
              className="c22"
              onClick={[Function]}
            >
              <div
                className="c24"
              >
                44444
              </div>
            </div>
            <div
              className="c22"
              onClick={[Function]}
            >
              <div
                className="c24"
              >
                55555
              </div>
            </div>
            <div
              className="c22"
              onClick={[Function]}
            >
              <div
                className="c24"
              >
                66666
              </div>
            </div>
            <div
              className="c22"
              onClick={[Function]}
            >
              <div
                className="c24"
              >
                777777
              </div>
            </div>
            <div
              className="c22"
              onClick={[Function]}
            >
              <div
                className="c24"
              >
                888888
              </div>
            </div>
          </div>
        </div>
        <span
          className="c25"
          onClick={[Function]}
        >
          <i
            className="lugia-icon-direction_down c4 c5"
          />
        </span>
      </div>
      <div
        className="c26"
      >
        <div>
          <div>
            222222
          </div>
        </div>
      </div>
    </div>
  </div>
  <br />
  <p>
    data tabPosition=right
  </p>
  <div
    className="c27"
  >
    <div
      className="c1"
    >
      <div
        className="c28"
      >
        <span
          className="c18"
          onClick={[Function]}
        >
          <i
            className="lugia-icon-direction_up c4 c5"
          />
        </span>
        <div
          className="c19"
        >
          <div
            className="c20"
            y={NaN}
          >
            <div
              className="c36"
              y={200}
            />
            <div
              className="c30"
              onClick={[Function]}
            >
              <div
                className="c24"
              >
                1111
              </div>
            </div>
            <div
              className="c30"
              onClick={[Function]}
            >
              <div
                className="c24"
              >
                222222
              </div>
            </div>
            <div
              className="c30"
              onClick={[Function]}
            >
              <div
                className="c23"
              >
                3333
              </div>
            </div>
            <div
              className="c30"
              onClick={[Function]}
            >
              <div
                className="c24"
              >
                44444
              </div>
            </div>
            <div
              className="c30"
              onClick={[Function]}
            >
              <div
                className="c24"
              >
                55555
              </div>
            </div>
            <div
              className="c30"
              onClick={[Function]}
            >
              <div
                className="c24"
              >
                66666
              </div>
            </div>
            <div
              className="c30"
              onClick={[Function]}
            >
              <div
                className="c24"
              >
                777777
              </div>
            </div>
            <div
              className="c30"
              onClick={[Function]}
            >
              <div
                className="c24"
              >
                888888
              </div>
            </div>
          </div>
        </div>
        <span
          className="c25"
          onClick={[Function]}
        >
          <i
            className="lugia-icon-direction_down c4 c5"
          />
        </span>
      </div>
      <div
        className="c31"
      >
        <div>
          <div>
            <div>
              33333
            </div>
          </div>
        </div>
      </div>
    </div>
  </div>
  <br />
  <p>
    children tabPosition=bottom
  </p>
  <div
    className="c0"
  >
    <div
      className="c1"
    >
      <div
        className="c32"
      >
        <span
          className="c3"
          onClick={[Function]}
        >
          <i
            className="lugia-icon-direction_Left c4 c5"
          />
        </span>
        <div
          className="c6"
        >
          <div
            className="c7"
            x={0}
          >
            <div
              className="c8"
              onClick={[Function]}
              onMouseEnter={[Function]}
              onMouseLeave={[Function]}
            >
              <span
                className="c9"
              >
                <i
                  className="lugia-icon-financial_archive c10 c5"
                />
              </span>
              <div
                className="c11"
              >
                1111111111
              </div>
            </div>
            <div
              className="c8"
              onClick={[Function]}
              onMouseEnter={[Function]}
              onMouseLeave={[Function]}
            >
              <span
                className="c9"
              >
                <i
                  className="lugia-icon-financial_archive c12 c5"
                />
              </span>
              <div
                className="c13"
              >
                22222222222
              </div>
            </div>
            <div
              className="c8"
              onClick={[Function]}
              onMouseEnter={[Function]}
              onMouseLeave={[Function]}
            >
              <span
                className="c9"
              >
                <i
                  className="lugia-icon-financial_archive c12 c5"
                />
              </span>
              <div
                className="c13"
              >
                3333333
              </div>
            </div>
            <div
              className="c8"
              onClick={[Function]}
              onMouseEnter={[Function]}
              onMouseLeave={[Function]}
            >
              <span
                className="c9"
              >
                <i
                  className="lugia-icon-financial_archive c12 c5"
                />
              </span>
              <div
                className="c13"
              >
                44444444
              </div>
            </div>
            <div
              className="c8"
              onClick={[Function]}
              onMouseEnter={[Function]}
              onMouseLeave={[Function]}
            >
              <span
                className="c9"
              >
                <i
                  className="lugia-icon-financial_archive c12 c5"
                />
              </span>
              <div
                className="c13"
              >
                55555
              </div>
            </div>
            <div
              className="c8"
              onClick={[Function]}
              onMouseEnter={[Function]}
              onMouseLeave={[Function]}
            >
              <span
                className="c9"
              >
                <i
                  className="lugia-icon-financial_archive c12 c5"
                />
              </span>
              <div
                className="c13"
              >
                666666
              </div>
            </div>
            <div
              className="c8"
              onClick={[Function]}
              onMouseEnter={[Function]}
              onMouseLeave={[Function]}
            >
              <span
                className="c9"
              >
                <i
                  className="lugia-icon-financial_archive c12 c5"
                />
              </span>
              <div
                className="c13"
              >
                7777777
              </div>
            </div>
            <div
              className="c8"
              onClick={[Function]}
              onMouseEnter={[Function]}
              onMouseLeave={[Function]}
            >
              <span
                className="c9"
              >
                <i
                  className="lugia-icon-financial_archive c12 c5"
                />
              </span>
              <div
                className="c13"
              >
                88888
              </div>
            </div>
            <div
              className="c33"
              x={20}
            />
          </div>
        </div>
        <span
          className="c15"
          onClick={[Function]}
        >
          <i
            className="lugia-icon-direction_right c4 c5"
          />
        </span>
      </div>
      <div
        className="c34"
      >
        1111
      </div>
    </div>
  </div>
  <br />
  <div
    className="c0"
  >
    <p>
      tabType=card 
    </p>
    <div
      className="c1"
    >
      <div
        className="c2"
      >
        <span
          className="c3"
          onClick={[Function]}
        >
          <i
            className="lugia-icon-direction_Left c4 c5"
          />
        </span>
        <div
          className="c6"
        >
          <div
            className="c7"
            x={0}
          >
            <div
              className="c37"
              onClick={[Function]}
              onMouseEnter={[Function]}
              onMouseLeave={[Function]}
            >
              <div
                className="c23"
              >
                1111
              </div>
              <span
                className="c38"
                onClick={[Function]}
                onMouseEnter={[Function]}
                onMouseLeave={[Function]}
              >
                <i
                  className="lugia-icon-reminder_close c39 c5"
                />
              </span>
            </div>
            <div
              className="c40"
              onClick={[Function]}
              onMouseEnter={[Function]}
              onMouseLeave={[Function]}
            >
              <div
                className="c24"
              >
                222222
              </div>
              <span
                className="c38"
                onClick={[Function]}
                onMouseEnter={[Function]}
                onMouseLeave={[Function]}
              >
                <i
                  className="lugia-icon-reminder_close c39 c5"
                />
              </span>
            </div>
            <div
              className="c40"
              onClick={[Function]}
              onMouseEnter={[Function]}
              onMouseLeave={[Function]}
            >
              <div
                className="c24"
              >
                3333
              </div>
              <span
                className="c38"
                onClick={[Function]}
                onMouseEnter={[Function]}
                onMouseLeave={[Function]}
              >
                <i
                  className="lugia-icon-reminder_close c39 c5"
                />
              </span>
            </div>
            <div
              className="c40"
              onClick={[Function]}
              onMouseEnter={[Function]}
              onMouseLeave={[Function]}
            >
              <div
                className="c24"
              >
                44444
              </div>
              <span
                className="c38"
                onClick={[Function]}
                onMouseEnter={[Function]}
                onMouseLeave={[Function]}
              >
                <i
                  className="lugia-icon-reminder_close c39 c5"
                />
              </span>
            </div>
            <div
              className="c40"
              onClick={[Function]}
              onMouseEnter={[Function]}
              onMouseLeave={[Function]}
            >
              <div
                className="c24"
              >
                55555
              </div>
              <span
                className="c38"
                onClick={[Function]}
                onMouseEnter={[Function]}
                onMouseLeave={[Function]}
              >
                <i
                  className="lugia-icon-reminder_close c39 c5"
                />
              </span>
            </div>
            <div
              className="c40"
              onClick={[Function]}
              onMouseEnter={[Function]}
              onMouseLeave={[Function]}
            >
              <div
                className="c24"
              >
                66666
              </div>
              <span
                className="c38"
                onClick={[Function]}
                onMouseEnter={[Function]}
                onMouseLeave={[Function]}
              >
                <i
                  className="lugia-icon-reminder_close c39 c5"
                />
              </span>
            </div>
            <div
              className="c40"
              onClick={[Function]}
              onMouseEnter={[Function]}
              onMouseLeave={[Function]}
            >
              <div
                className="c24"
              >
                777777
              </div>
              <span
                className="c38"
                onClick={[Function]}
                onMouseEnter={[Function]}
                onMouseLeave={[Function]}
              >
                <i
                  className="lugia-icon-reminder_close c39 c5"
                />
              </span>
            </div>
            <div
              className="c40"
              onClick={[Function]}
              onMouseEnter={[Function]}
              onMouseLeave={[Function]}
            >
              <div
                className="c24"
              >
                888888
              </div>
              <span
                className="c38"
                onClick={[Function]}
                onMouseEnter={[Function]}
                onMouseLeave={[Function]}
              >
                <i
                  className="lugia-icon-reminder_close c39 c5"
                />
              </span>
            </div>
            <div
              className="c41"
            >
              <div
                className="c42"
                onClick={[Function]}
                onMouseEnter={[Function]}
                onMouseLeave={[Function]}
              >
                <i
                  className="lugia-icon-reminder_plus c43 c5"
                />
              </div>
            </div>
          </div>
        </div>
        <span
          className="c15"
          onClick={[Function]}
        >
          <i
            className="lugia-icon-direction_right c4 c5"
          />
        </span>
      </div>
      <div
        className="c16"
      >
        <div>
          1111111
        </div>
      </div>
    </div>
  </div>
  <br />
  <br />
  <div
    className="c0"
  >
    <p>
      tabType=card 
    </p>
    <div
      className="c1"
    >
      <div
        className="c44"
      >
        <span
          className="c45"
          onClick={[Function]}
        >
          <i
            className="lugia-icon-direction_Left c4 c5"
          />
        </span>
        <div
          className="c6"
        >
          <div
            className="c46"
            x={0}
          >
            <div
              className="c47"
              onClick={[Function]}
              onMouseEnter={[Function]}
              onMouseLeave={[Function]}
            >
              <div
                className="c48"
              >
                1111
              </div>
              <span
                className="c49"
                onClick={[Function]}
                onMouseEnter={[Function]}
                onMouseLeave={[Function]}
              >
                <i
                  className="lugia-icon-reminder_close c39 c5"
                />
              </span>
            </div>
            <div
              className="c50"
              onClick={[Function]}
              onMouseEnter={[Function]}
              onMouseLeave={[Function]}
            >
              <div
                className="c51"
              >
                222222
              </div>
              <span
                className="c49"
                onClick={[Function]}
                onMouseEnter={[Function]}
                onMouseLeave={[Function]}
              >
                <i
                  className="lugia-icon-reminder_close c39 c5"
                />
              </span>
            </div>
            <div
              className="c50"
              onClick={[Function]}
              onMouseEnter={[Function]}
              onMouseLeave={[Function]}
            >
              <div
                className="c51"
              >
                3333
              </div>
              <span
                className="c49"
                onClick={[Function]}
                onMouseEnter={[Function]}
                onMouseLeave={[Function]}
              >
                <i
                  className="lugia-icon-reminder_close c39 c5"
                />
              </span>
            </div>
            <div
              className="c50"
              onClick={[Function]}
              onMouseEnter={[Function]}
              onMouseLeave={[Function]}
            >
              <div
                className="c51"
              >
                44444
              </div>
              <span
                className="c49"
                onClick={[Function]}
                onMouseEnter={[Function]}
                onMouseLeave={[Function]}
              >
                <i
                  className="lugia-icon-reminder_close c39 c5"
                />
              </span>
            </div>
            <div
              className="c50"
              onClick={[Function]}
              onMouseEnter={[Function]}
              onMouseLeave={[Function]}
            >
              <div
                className="c51"
              >
                55555
              </div>
              <span
                className="c49"
                onClick={[Function]}
                onMouseEnter={[Function]}
                onMouseLeave={[Function]}
              >
                <i
                  className="lugia-icon-reminder_close c39 c5"
                />
              </span>
            </div>
            <div
              className="c50"
              onClick={[Function]}
              onMouseEnter={[Function]}
              onMouseLeave={[Function]}
            >
              <div
                className="c51"
              >
                66666
              </div>
              <span
                className="c49"
                onClick={[Function]}
                onMouseEnter={[Function]}
                onMouseLeave={[Function]}
              >
                <i
                  className="lugia-icon-reminder_close c39 c5"
                />
              </span>
            </div>
            <div
              className="c50"
              onClick={[Function]}
              onMouseEnter={[Function]}
              onMouseLeave={[Function]}
            >
              <div
                className="c51"
              >
                777777
              </div>
              <span
                className="c49"
                onClick={[Function]}
                onMouseEnter={[Function]}
                onMouseLeave={[Function]}
              >
                <i
                  className="lugia-icon-reminder_close c39 c5"
                />
              </span>
            </div>
            <div
              className="c50"
              onClick={[Function]}
              onMouseEnter={[Function]}
              onMouseLeave={[Function]}
            >
              <div
                className="c51"
              >
                888888
              </div>
              <span
                className="c49"
                onClick={[Function]}
                onMouseEnter={[Function]}
                onMouseLeave={[Function]}
              >
                <i
                  className="lugia-icon-reminder_close c39 c5"
                />
              </span>
            </div>
            <div
              className="c52"
            >
              <div
                className="c53"
                onClick={[Function]}
                onMouseEnter={[Function]}
                onMouseLeave={[Function]}
              >
                <i
                  className="lugia-icon-reminder_plus c54 c5"
                />
              </div>
            </div>
          </div>
        </div>
        <span
          className="c55"
          onClick={[Function]}
        >
          <i
            className="lugia-icon-direction_right c4 c5"
          />
        </span>
        <div
          className="c56"
        />
      </div>
      <div
        className="c16"
      >
        <div>
          1111111
        </div>
      </div>
    </div>
  </div>
  <br />
</div>
`;
