// Jest Snapshot v1, https://goo.gl/fbAQLP

exports[`Switch Wrapper 1`] = `
.c12 {
  -webkit-user-select: none;
  -moz-user-select: none;
  -ms-user-select: none;
  user-select: none;
  cursor: pointer;
  font-size: 1.2rem;
}

.c0 {
  font-size: 1em;
  box-sizing: border-box;
  display: inline-block;
  width: 3.1666666666666665em;
  height: 1.6666666666666667em;
  line-height: 1.6666666666666667em;
  border-radius: 1.6666666666666667em;
  background: #ccc;
  position: relative;
  text-align: right;
  padding: 0 0.33333333333333337em;
  color: rgba(255,255,255,0.8);
  cursor: pointer;
  vertical-align: middle;
}

.c0:focus {
  outline: none;
}

.c3 {
  font-size: 1em;
  box-sizing: border-box;
  display: inline-block;
  width: 2.5em;
  height: 1.3333333333333335em;
  line-height: 1.3333333333333335em;
  border-radius: 1.6666666666666667em;
  background: #ccc;
  position: relative;
  text-align: right;
  padding: 0 0.33333333333333337em;
  color: rgba(255,255,255,0.8);
  cursor: pointer;
  vertical-align: middle;
}

.c3:focus {
  outline: none;
}

.c6 {
  font-size: 1em;
  box-sizing: border-box;
  display: inline-block;
  width: 3.1666666666666665em;
  height: 1.6666666666666667em;
  line-height: 1.6666666666666667em;
  border-radius: 1.6666666666666667em;
  background: #56c22d;
  position: relative;
  text-align: left;
  padding: 0 0.33333333333333337em;
  color: rgba(255,255,255,0.8);
  cursor: pointer;
  vertical-align: middle;
}

.c6:focus {
  outline: none;
}

.c8 {
  font-size: 1em;
  box-sizing: border-box;
  display: inline-block;
  width: 3.1666666666666665em;
  height: 1.6666666666666667em;
  line-height: 1.6666666666666667em;
  border-radius: 1.6666666666666667em;
  background: #f22735;
  position: relative;
  text-align: right;
  padding: 0 0.33333333333333337em;
  color: rgba(255,255,255,0.8);
  cursor: pointer;
  vertical-align: middle;
}

.c8:focus {
  outline: none;
}

.c10 {
  font-size: 1em;
  box-sizing: border-box;
  display: inline-block;
  width: 3.1666666666666665em;
  height: 1.6666666666666667em;
  line-height: 1.6666666666666667em;
  border-radius: 1.6666666666666667em;
  background: #4d63ff;
  position: relative;
  text-align: left;
  padding: 0 0.33333333333333337em;
  color: rgba(255,255,255,0.8);
  cursor: pointer;
  vertical-align: middle;
}

.c10:focus {
  outline: none;
}

.c13 {
  font-size: 1em;
  box-sizing: border-box;
  display: inline-block;
  width: 3.1666666666666665em;
  height: 1.6666666666666667em;
  line-height: 1.6666666666666667em;
  border-radius: 1.6666666666666667em;
  background: #c0c8ff;
  position: relative;
  text-align: right;
  padding: 0 0.33333333333333337em;
  color: rgba(255,255,255,0.8);
  cursor: pointer;
  vertical-align: middle;
}

.c13:focus {
  outline: none;
}

.c1 > *:first-child {
  display: inline-block;
  line-height: 1.6666666666666667em;
}

.c1 > *:first-child::before {
  line-height: 1.6666666666666667em;
}

.c4 > *:first-child {
  display: inline-block;
  line-height: 1.3333333333333335em;
}

.c4 > *:first-child::before {
  line-height: 1.3333333333333335em;
}

.c2 {
  width: 1.1666666666666667em;
  height: 1.1666666666666667em;
  line-height: 1.1666666666666667em;
  border-radius: 50%;
  box-shadow: 0 1px 1px 0 rgba(0,0,0,0.05);
  background: #fff;
  position: absolute;
  left: 0.25em;
  top: 50%;
  -webkit-transform: translateY(-50%);
  -ms-transform: translateY(-50%);
  transform: translateY(-50%);
  -webkit-transform: translateY(-50%);
  -webkit-transition: 1s;
  transition: 1s;
  -webkit-transition: all 0.2s;
}

.c2 > *:first-child {
  display: block;
  color: #ccc;
  line-height: 1.1666666666666667em;
  -webkit-animation: rotate 1.5s linear infinite;
  animation: rotate 1.5s linear infinite;
}

.c2 > *:first-child::before {
  -webkit-transform: scale(0.65);
  -ms-transform: scale(0.65);
  transform: scale(0.65);
  line-height: 1.1666666666666667em;
}

.c5 {
  width: 1em;
  height: 1em;
  line-height: 1em;
  border-radius: 50%;
  box-shadow: 0 1px 1px 0 rgba(0,0,0,0.05);
  background: #fff;
  position: absolute;
  left: 0.16666666666666669em;
  top: 50%;
  -webkit-transform: translateY(-50%);
  -ms-transform: translateY(-50%);
  transform: translateY(-50%);
  -webkit-transform: translateY(-50%);
  -webkit-transition: 1s;
  transition: 1s;
  -webkit-transition: all 0.2s;
}

.c5 > *:first-child {
  display: block;
  color: #ccc;
  line-height: 1em;
  -webkit-animation: rotate 1.5s linear infinite;
  animation: rotate 1.5s linear infinite;
}

.c5 > *:first-child::before {
  -webkit-transform: scale(0.65);
  -ms-transform: scale(0.65);
  transform: scale(0.65);
  line-height: 1em;
}

.c7 {
  width: 1.1666666666666667em;
  height: 1.1666666666666667em;
  line-height: 1.1666666666666667em;
  border-radius: 50%;
  box-shadow: 0 1px 1px 0 rgba(0,0,0,0.05);
  background: #fff;
  position: absolute;
  right: 0.25em;
  top: 50%;
  -webkit-transform: translateY(-50%);
  -ms-transform: translateY(-50%);
  transform: translateY(-50%);
  -webkit-transform: translateY(-50%);
  -webkit-transition: 1s;
  transition: 1s;
  -webkit-transition: all 0.2s;
}

.c7 > *:first-child {
  display: block;
  color: #56c22d;
  line-height: 1.1666666666666667em;
  -webkit-animation: rotate 1.5s linear infinite;
  animation: rotate 1.5s linear infinite;
}

.c7 > *:first-child::before {
  -webkit-transform: scale(0.65);
  -ms-transform: scale(0.65);
  transform: scale(0.65);
  line-height: 1.1666666666666667em;
}

.c9 {
  width: 1.1666666666666667em;
  height: 1.1666666666666667em;
  line-height: 1.1666666666666667em;
  border-radius: 50%;
  box-shadow: 0 1px 1px 0 rgba(0,0,0,0.05);
  background: #fff;
  position: absolute;
  left: 0.25em;
  top: 50%;
  -webkit-transform: translateY(-50%);
  -ms-transform: translateY(-50%);
  transform: translateY(-50%);
  -webkit-transform: translateY(-50%);
  -webkit-transition: 1s;
  transition: 1s;
  -webkit-transition: all 0.2s;
}

.c9 > *:first-child {
  display: block;
  color: #f22735;
  line-height: 1.1666666666666667em;
  -webkit-animation: rotate 1.5s linear infinite;
  animation: rotate 1.5s linear infinite;
}

.c9 > *:first-child::before {
  -webkit-transform: scale(0.65);
  -ms-transform: scale(0.65);
  transform: scale(0.65);
  line-height: 1.1666666666666667em;
}

.c11 {
  width: 1.1666666666666667em;
  height: 1.1666666666666667em;
  line-height: 1.1666666666666667em;
  border-radius: 50%;
  box-shadow: 0 1px 1px 0 rgba(0,0,0,0.05);
  background: #fff;
  position: absolute;
  right: 0.25em;
  top: 50%;
  -webkit-transform: translateY(-50%);
  -ms-transform: translateY(-50%);
  transform: translateY(-50%);
  -webkit-transform: translateY(-50%);
  -webkit-transition: 1s;
  transition: 1s;
  -webkit-transition: all 0.2s;
}

.c11 > *:first-child {
  display: block;
  color: #4d63ff;
  line-height: 1.1666666666666667em;
  -webkit-animation: rotate 1.5s linear infinite;
  animation: rotate 1.5s linear infinite;
}

.c11 > *:first-child::before {
  -webkit-transform: scale(0.65);
  -ms-transform: scale(0.65);
  transform: scale(0.65);
  line-height: 1.1666666666666667em;
}

.c14 {
  width: 1.1666666666666667em;
  height: 1.1666666666666667em;
  line-height: 1.1666666666666667em;
  border-radius: 50%;
  box-shadow: 0 1px 1px 0 rgba(0,0,0,0.05);
  background: #fff;
  position: absolute;
  left: 0.25em;
  top: 50%;
  -webkit-transform: translateY(-50%);
  -ms-transform: translateY(-50%);
  transform: translateY(-50%);
  -webkit-transform: translateY(-50%);
  -webkit-transition: 1s;
  transition: 1s;
  -webkit-transition: all 0.2s;
}

.c14 > *:first-child {
  display: block;
  color: #c0c8ff;
  line-height: 1.1666666666666667em;
  -webkit-animation: rotate 1.5s linear infinite;
  animation: rotate 1.5s linear infinite;
}

.c14 > *:first-child::before {
  -webkit-transform: scale(0.65);
  -ms-transform: scale(0.65);
  transform: scale(0.65);
  line-height: 1.1666666666666667em;
}

<div
  className="demo-switch"
  style={
    Object {
      "margin": "20px",
    }
  }
>
  <section
    style={
      Object {
        "marginBottom": "20px",
      }
    }
  >
    <h3>
      normal
    </h3>
    <span
      className="c0"
      onKeyDown={[Function]}
      onMouseDown={[Function]}
      onMouseUp={[Function]}
      tabIndex={0}
      value={false}
    >
      <span
        className="c1"
        value={false}
      >
        
      </span>
      <span
        className="c2"
        value={false}
      >
        
      </span>
    </span>
  </section>
  <section
    style={
      Object {
        "marginBottom": "20px",
      }
    }
  >
    <h3>
      size=‘small’
    </h3>
    <span
      className="c3"
      onKeyDown={[Function]}
      onMouseDown={[Function]}
      onMouseUp={[Function]}
      size="small"
      tabIndex={0}
      value={false}
    >
      <span
        className="c4"
        size="small"
        value={false}
      >
        
      </span>
      <span
        className="c5"
        size="small"
        value={false}
      >
        
      </span>
    </span>
  </section>
  <section
    style={
      Object {
        "marginBottom": "20px",
      }
    }
  >
    <h3>
      data.length=3
    </h3>
    <span
      className="c0"
      onKeyDown={[Function]}
      onMouseDown={[Function]}
      onMouseUp={[Function]}
      tabIndex={0}
      value={false}
    >
      <span
        className="c1"
        value={false}
      >
        月
      </span>
      <span
        className="c2"
        value={false}
      >
        
      </span>
    </span>
  </section>
  <section
    style={
      Object {
        "marginBottom": "20px",
      }
    }
  >
    <h3>
      data.length=2 isInverse defaultValue
    </h3>
    <span
      className="c6"
      onKeyDown={[Function]}
      onMouseDown={[Function]}
      onMouseUp={[Function]}
      tabIndex={0}
      value={true}
    >
      <span
        className="c1"
        value={true}
      >
        开
      </span>
      <span
        className="c7"
        value={true}
      >
        
      </span>
    </span>
  </section>
  <section
    style={
      Object {
        "marginBottom": "20px",
      }
    }
  >
    <h3>
      data \`data.length=1 isInverse\`
    </h3>
    <span
      className="c8"
      onKeyDown={[Function]}
      onMouseDown={[Function]}
      onMouseUp={[Function]}
      tabIndex={0}
      value={false}
    >
      <span
        className="c1"
        value={false}
      >
        
      </span>
      <span
        className="c9"
        value={false}
      >
        
      </span>
    </span>
  </section>
  <section
    style={
      Object {
        "marginBottom": "20px",
      }
    }
  >
    <h3>
      data \`data.length=0\`
    </h3>
    <span
      className="c0"
      onKeyDown={[Function]}
      onMouseDown={[Function]}
      onMouseUp={[Function]}
      tabIndex={0}
      value={false}
    >
      <span
        className="c1"
        value={false}
      >
        
      </span>
      <span
        className="c2"
        value={false}
      >
        
      </span>
    </span>
  </section>
  <section
    style={
      Object {
        "marginBottom": "20px",
      }
    }
  >
    <h3>
      data[0]=null
    </h3>
    <span
      className="c0"
      onKeyDown={[Function]}
      onMouseDown={[Function]}
      onMouseUp={[Function]}
      tabIndex={0}
      value={false}
    >
      <span
        className="c1"
        value={false}
      >
        
      </span>
      <span
        className="c2"
        value={false}
      >
        
      </span>
    </span>
  </section>
  <section
    style={
      Object {
        "marginBottom": "20px",
      }
    }
  >
    <h3>
      data[0]=null,data[1]=null
    </h3>
    <span
      className="c0"
      onKeyDown={[Function]}
      onMouseDown={[Function]}
      onMouseUp={[Function]}
      tabIndex={0}
      value={false}
    >
      <span
        className="c1"
        value={false}
      >
        
      </span>
      <span
        className="c2"
        value={false}
      >
        
      </span>
    </span>
  </section>
  <section
    style={
      Object {
        "marginBottom": "20px",
      }
    }
  >
    <h3>
      data[0]=undefined
    </h3>
    <span
      className="c0"
      onKeyDown={[Function]}
      onMouseDown={[Function]}
      onMouseUp={[Function]}
      tabIndex={0}
      value={false}
    >
      <span
        className="c1"
        value={false}
      >
        
      </span>
      <span
        className="c2"
        value={false}
      >
        
      </span>
    </span>
  </section>
  <section
    style={
      Object {
        "marginBottom": "20px",
      }
    }
  >
    <h3>
      data[0]=undefined,data[1]=undefined
    </h3>
    <span
      className="c0"
      onKeyDown={[Function]}
      onMouseDown={[Function]}
      onMouseUp={[Function]}
      tabIndex={0}
      value={false}
    >
      <span
        className="c1"
        value={false}
      >
        
      </span>
      <span
        className="c2"
        value={false}
      >
        
      </span>
    </span>
  </section>
  <section
    style={
      Object {
        "marginBottom": "20px",
      }
    }
  >
    <h3>
      data[0]=null,data[1]=undefined
    </h3>
    <span
      className="c0"
      onKeyDown={[Function]}
      onMouseDown={[Function]}
      onMouseUp={[Function]}
      tabIndex={0}
      value={false}
    >
      <span
        className="c1"
        value={false}
      >
        
      </span>
      <span
        className="c2"
        value={false}
      >
        
      </span>
    </span>
  </section>
  <section
    style={
      Object {
        "marginBottom": "20px",
      }
    }
  >
    <h3>
      data[0]=null,data[1]=
      text:月
    </h3>
    <span
      className="c0"
      onKeyDown={[Function]}
      onMouseDown={[Function]}
      onMouseUp={[Function]}
      tabIndex={0}
      value={false}
    >
      <span
        className="c1"
        value={false}
      >
        月
      </span>
      <span
        className="c2"
        value={false}
      >
        
      </span>
    </span>
  </section>
  <section
    style={
      Object {
        "marginBottom": "20px",
      }
    }
  >
    <h3>
      displayFiled
    </h3>
    <span
      className="c0"
      onKeyDown={[Function]}
      onMouseDown={[Function]}
      onMouseUp={[Function]}
      tabIndex={0}
      value={false}
    >
      <span
        className="c1"
        value={false}
      >
        月
      </span>
      <span
        className="c2"
        value={false}
      >
        
      </span>
    </span>
  </section>
  <section
    style={
      Object {
        "marginBottom": "20px",
      }
    }
  >
    <h3>
      no displayFiled, have text
    </h3>
    <span
      className="c0"
      onKeyDown={[Function]}
      onMouseDown={[Function]}
      onMouseUp={[Function]}
      tabIndex={0}
      value={false}
    >
      <span
        className="c1"
        value={false}
      >
        时
      </span>
      <span
        className="c2"
        value={false}
      >
        
      </span>
    </span>
  </section>
  <section
    style={
      Object {
        "marginBottom": "20px",
      }
    }
  >
    <h3>
      no displayFiled no text
    </h3>
    <span
      className="c0"
      onKeyDown={[Function]}
      onMouseDown={[Function]}
      onMouseUp={[Function]}
      tabIndex={0}
      value={false}
    >
      <span
        className="c1"
        value={false}
      />
      <span
        className="c2"
        value={false}
      >
        
      </span>
    </span>
  </section>
  <section
    style={
      Object {
        "marginBottom": "20px",
      }
    }
  >
    <h3>
      isInverse
    </h3>
    <span
      className="c8"
      onKeyDown={[Function]}
      onMouseDown={[Function]}
      onMouseUp={[Function]}
      tabIndex={0}
      value={false}
    >
      <span
        className="c1"
        value={false}
      >
        
      </span>
      <span
        className="c9"
        value={false}
      >
        
      </span>
    </span>
  </section>
  <section
    style={
      Object {
        "marginBottom": "20px",
      }
    }
  >
    <h3>
      data \`value\`
    </h3>
    <span
      className="c10"
      onKeyDown={[Function]}
      onMouseDown={[Function]}
      onMouseUp={[Function]}
      tabIndex={0}
      value={true}
    >
      <span
        className="c1"
        value={true}
      >
        
      </span>
      <span
        className="c11"
        value={true}
      >
        
      </span>
    </span>
  </section>
  <section
    style={
      Object {
        "marginBottom": "20px",
      }
    }
  >
    <h3>
      defaultValue
    </h3>
    <span
      className="c10"
      onKeyDown={[Function]}
      onMouseDown={[Function]}
      onMouseUp={[Function]}
      tabIndex={0}
      value={true}
    >
      <span
        className="c1"
        value={true}
      >
        
      </span>
      <span
        className="c11"
        value={true}
      >
        
      </span>
    </span>
  </section>
  <section
    style={
      Object {
        "marginBottom": "20px",
      }
    }
  >
    <h3>
      defaultValue && value
    </h3>
    <span
      className="c10"
      onKeyDown={[Function]}
      onMouseDown={[Function]}
      onMouseUp={[Function]}
      tabIndex={0}
      value={true}
    >
      <span
        className="c1"
        value={true}
      >
        
      </span>
      <span
        className="c11"
        value={true}
      >
        
      </span>
    </span>
  </section>
  <section
    style={
      Object {
        "marginBottom": "20px",
      }
    }
  >
    <h3>
      autoFocus
    </h3>
    <span
      className="c0"
      onKeyDown={[Function]}
      onMouseDown={[Function]}
      onMouseUp={[Function]}
      tabIndex={0}
      value={false}
    >
      <span
        className="c1"
        value={false}
      >
        月
      </span>
      <span
        className="c2"
        value={false}
      >
        
      </span>
    </span>
  </section>
  <section
    style={
      Object {
        "marginBottom": "20px",
      }
    }
  >
    <h3>
      autoFocus && value
    </h3>
    <span
      className="c10"
      onKeyDown={[Function]}
      onMouseDown={[Function]}
      onMouseUp={[Function]}
      tabIndex={0}
      value={true}
    >
      <span
        className="c1"
        value={true}
      >
        年
      </span>
      <span
        className="c11"
        value={true}
      >
        
      </span>
    </span>
  </section>
  <section
    style={
      Object {
        "marginBottom": "20px",
      }
    }
  >
    <h3>
      onChange
    </h3>
    <span
      className="c0"
      onKeyDown={[Function]}
      onMouseDown={[Function]}
      onMouseUp={[Function]}
      tabIndex={0}
      value={false}
    >
      <span
        className="c1"
        value={false}
      >
        月
      </span>
      <span
        className="c2"
        value={false}
      >
        
      </span>
    </span>
  </section>
  <section
    style={
      Object {
        "marginBottom": "20px",
      }
    }
  >
    <h3>
      onChange value false
    </h3>
    <span
      className="c0"
      onKeyDown={[Function]}
      onMouseDown={[Function]}
      onMouseUp={[Function]}
      tabIndex={0}
      value={false}
    >
      <span
        className="c1"
        value={false}
      >
        月
      </span>
      <span
        className="c2"
        value={false}
      >
        
      </span>
    </span>
  </section>
  <section
    style={
      Object {
        "marginBottom": "20px",
      }
    }
  >
    <h3>
      onChange value false
    </h3>
    <span
      className="c10"
      onKeyDown={[Function]}
      onMouseDown={[Function]}
      onMouseUp={[Function]}
      tabIndex={0}
      value={true}
    >
      <span
        className="c1"
        value={true}
      >
        <i
          className="lugia-icon-logo_lugia lugia-icon-reminder_check c12"
        />
      </span>
      <span
        className="c11"
        value={true}
      >
        
      </span>
    </span>
  </section>
  <section
    style={
      Object {
        "marginBottom": "20px",
      }
    }
  >
    <h3>
      loading
    </h3>
    <span
      className="c13"
      onKeyDown={null}
      onMouseDown={null}
      onMouseUp={null}
      tabIndex={0}
      value={false}
    >
      <span
        className="c1"
        value={false}
      >
        
      </span>
      <span
        className="c14"
        value={false}
      >
        <i
          className="lugia-icon-financial_loading_o  c12"
        />
      </span>
    </span>
  </section>
  <section
    style={
      Object {
        "marginBottom": "20px",
      }
    }
  >
    <h3>
      'loading=delay:3000'
    </h3>
    <span
      className="c13"
      onKeyDown={null}
      onMouseDown={null}
      onMouseUp={null}
      tabIndex={0}
      value={false}
    >
      <span
        className="c1"
        value={false}
      >
        
      </span>
      <span
        className="c14"
        value={false}
      >
        <i
          className="lugia-icon-financial_loading_o  c12"
        />
      </span>
    </span>
  </section>
  <section
    style={
      Object {
        "marginBottom": "20px",
      }
    }
  >
    <h3>
      disabled
    </h3>
    <span
      className="c13"
      disabled={true}
      onKeyDown={null}
      onMouseDown={null}
      onMouseUp={null}
      tabIndex={-1}
      value={false}
    >
      <span
        className="c1"
        disabled={true}
        value={false}
      >
        
      </span>
      <span
        className="c14"
        disabled={true}
        value={false}
      >
        
      </span>
    </span>
  </section>
  <section
    style={
      Object {
        "marginBottom": "20px",
      }
    }
  >
    <h3>
      disabled loading
    </h3>
    <span
      className="c13"
      disabled={true}
      onKeyDown={null}
      onMouseDown={null}
      onMouseUp={null}
      tabIndex={-1}
      value={false}
    >
      <span
        className="c1"
        disabled={true}
        value={false}
      >
        
      </span>
      <span
        className="c14"
        disabled={true}
        value={false}
      >
        <i
          className="lugia-icon-financial_loading_o  c12"
        />
      </span>
    </span>
  </section>
  <section
    style={
      Object {
        "marginBottom": "20px",
      }
    }
  >
    <h3>
      disabled loading=delay:3000
    </h3>
    <span
      className="c13"
      disabled={true}
      onKeyDown={null}
      onMouseDown={null}
      onMouseUp={null}
      tabIndex={-1}
      value={false}
    >
      <span
        className="c1"
        disabled={true}
        value={false}
      >
        
      </span>
      <span
        className="c14"
        disabled={true}
        value={false}
      >
        <i
          className="lugia-icon-financial_loading_o  c12"
        />
      </span>
    </span>
  </section>
</div>
`;
