// Jest Snapshot v1, https://goo.gl/fbAQLP

exports[`Switch Wrapper 1`] = `
.c0 {
  display: inline-block;
}

.c1 {
  display: inline-block;
  position: relative;
  color: rgba(255,255,255,0.8);
  cursor: pointer;
  vertical-align: middle;
  width: 150px;
  height: 40px;
  box-shadow: 0 1px 1px 0 rgba(0,0,0,0.05);
  font-size: 20px;
  color: #000;
}

.c1:focus {
  outline: none;
}

.c1 border borderRadius {
  border-top-left-radius: 20px;
  border-top-right-radius: 20px;
  border-bottom-left-radius: 20px;
  border-bottom-right-radius: 20px;
}

.c1 border left {
  border-color: #ddd;
  border-style: solid;
  border-width: 1px;
}

.c1 border top {
  border-color: #ddd;
  border-style: solid;
  border-width: 1px;
}

.c1 border right {
  border-color: #ddd;
  border-style: solid;
  border-width: 1px;
}

.c1 border bottom {
  border-color: #ddd;
  border-style: solid;
  border-width: 1px;
}

.c1 font {
  font-weight: normal;
}

.c1 background {
  background-color: green;
}

.c2 {
  -webkit-user-select: none;
  -moz-user-select: none;
  -ms-user-select: none;
  user-select: none;
}

.c2 > *:first-child {
  position: absolute;
  top: 50%;
  -webkit-transform: translateY(-50%);
  -ms-transform: translateY(-50%);
  transform: translateY(-50%);
  text-align: center;
  font-style: normal;
  font-size: 1.2rem;
  color: #fff;
  line-height: 1.2rem;
}

.c2 > *:first-child {
  width: 11.3rem;
  right: 0;
  font-size: 2rem;
  font-weight: undefined;
  color: #000;
}

.c2 > *:first-child > *:first-child {
  font-size: 2rem;
  font-weight: undefined;
  color: #000;
}

.c3 {
  position: absolute;
  top: 50%;
  -webkit-transform: translateY(-50%);
  -ms-transform: translateY(-50%);
  transform: translateY(-50%);
  -webkit-transform: translateY(-50%);
  -webkit-transition: 1s;
  transition: 1s;
  -webkit-transition: all 0.2s;
  left: 5px;
}

.c3 > *:first-child {
  display: block;
  color: #4d63ff;
  -webkit-animation: rotate 1.5s linear infinite;
  animation: rotate 1.5s linear infinite;
  position: relative;
}

.c3 > *:first-child > *:first-child {
  position: absolute;
  left: 50%;
  top: 50%;
  -webkit-transform: translate(-50%,-50%);
  -ms-transform: translate(-50%,-50%);
  transform: translate(-50%,-50%);
}

.c3 > *:first-child::before {
  -webkit-transform: scale(0.65);
  -ms-transform: scale(0.65);
  transform: scale(0.65);
}

.c3 > *:first-child {
  height: 3rem;
}

<div
  className="demo-switch"
  style={
    Object {
      "margin": "20px",
    }
  }
>
  <section
    style={
      Object {
        "marginBottom": "20px",
      }
    }
  >
    <h3>
      normal
    </h3>
    <span
      onMouseDown={[Function]}
      onMouseEnter={[Function]}
      onMouseLeave={[Function]}
      onMouseUp={[Function]}
    >
      <span
        className="c0"
        style={
          Object {
            "borderBottomColor": "#ddd",
            "borderBottomStyle": "solid",
            "borderBottomWidth": "0.1rem",
            "borderLeftColor": "#ddd",
            "borderLeftStyle": "solid",
            "borderLeftWidth": "0.1rem",
            "borderRightColor": "#ddd",
            "borderRightStyle": "solid",
            "borderRightWidth": "0.1rem",
            "borderTopColor": "#ddd",
            "borderTopStyle": "solid",
            "borderTopWidth": "0.1rem",
            "height": "6rem",
            "margin": "1rem 1rem 1rem 1rem",
            "opacity": 0.5,
            "padding": "1rem 1rem 1rem 1rem",
            "width": "20rem",
          }
        }
      >
        <span
          className="c1"
          onKeyDown={[Function]}
          onMouseUp={[Function]}
          style={
            Object {
              "backgroundColor": "green",
              "borderBottomColor": "#ddd",
              "borderBottomLeftRadius": "2rem",
              "borderBottomRightRadius": "2rem",
              "borderBottomStyle": "solid",
              "borderBottomWidth": "0.1rem",
              "borderLeftColor": "#ddd",
              "borderLeftStyle": "solid",
              "borderLeftWidth": "0.1rem",
              "borderRightColor": "#ddd",
              "borderRightStyle": "solid",
              "borderRightWidth": "0.1rem",
              "borderTopColor": "#ddd",
              "borderTopLeftRadius": "2rem",
              "borderTopRightRadius": "2rem",
              "borderTopStyle": "solid",
              "borderTopWidth": "0.1rem",
              "boxShadow": "0 1px 1px 0 rgba(0, 0, 0, 0.05)",
              "color": "#000",
              "fontSize": "2rem",
              "fontWeight": "normal",
              "height": "4rem",
              "width": "15rem",
            }
          }
          tabIndex={0}
        >
          <span
            className="c2"
            style={
              Object {
                "color": "#000",
                "fontSize": "2rem",
              }
            }
          >
            <i>
              国
            </i>
          </span>
          <span
            className="c3"
            style={
              Object {
                "backgroundColor": "blue",
                "borderBottomLeftRadius": "4rem",
                "borderBottomRightRadius": "4rem",
                "borderTopLeftRadius": "4rem",
                "borderTopRightRadius": "4rem",
                "boxShadow": "0 1px 1px 0 rgba(0, 0, 0, 0.05)",
                "color": "red",
                "height": "3rem",
                "width": "3rem",
              }
            }
          >
            
          </span>
        </span>
      </span>
    </span>
  </section>
</div>
`;
